Command: /home/prakash/.espressif/python_env/idf5.5_py3.10_env/bin/python /home/prakash/esp-idf/esp-idf/tools/idf_monitor.py -p /dev/ttyACM0 -b 115200 --toolchain-prefix xtensa-esp32s3-elf- --target esp32s3 --revision 0 /home/prakash/REST/kiosk-connect/build/kiosk-connect.elf /home/prakash/REST/kiosk-connect/build/bootloader/bootloader.elf -m '/home/prakash/.espressif/python_env/idf5.5_py3.10_env/bin/python' '/home/prakash/esp-idf/esp-idf/tools/idf.py'
ESP-ROM:esp32s3-20210327
Build:Mar 27 2021
rst:0x1 (POWERON),boot:0x8 (SPI_FAST_FLASH_BOOT)
SPIWP:0xee
mode:DIO, clock div:1
load:0x3fce2820,len:0x158c
load:0x403c8700,len:0xd24
load:0x403cb700,len:0x2f34
entry 0x403c8924
[0;32mI (24) boot: ESP-IDF v5.5.1 2nd stage bootloader[0m
[0;32mI (25) boot: compile time Mar  1 2026 11:12:01[0m
[0;32mI (25) boot: Multicore bootloader[0m
[0;32mI (25) boot: chip revision: v0.2[0m
[0;32mI (28) boot: efuse block revision: v1.3[0m
[0;32mI (31) boot.esp32s3: Boot SPI Speed : 80MHz[0m
[0;32mI (35) boot.esp32s3: SPI Mode       : DIO[0m
[0;32mI (39) boot.esp32s3: SPI Flash Size : 16MB[0m
[0;32mI (43) boot: Enabling RNG early entropy source...[0m
[0;32mI (47) boot: Partition Table:[0m
[0;32mI (50) boot: ## Label            Usage          Type ST Offset   Length[0m
[0;32mI (56) boot:  0 nvs              WiFi data        01 02 00009000 00006000[0m
[0;32mI (63) boot:  1 phy_init         RF data          01 01 0000f000 00001000[0m
[0;32mI (69) boot:  2 factory          factory app      00 00 00010000 00100000[0m
[0;32mI (76) boot: End of partition table[0m
[0;32mI (79) esp_image: segment 0: paddr=00010020 vaddr=3c0b0020 size=30e5ch (200284) map[0m
[0;32mI (122) esp_image: segment 1: paddr=00040e84 vaddr=3fc9ae00 size=0494ch ( 18764) load[0m
[0;32mI (126) esp_image: segment 2: paddr=000457d8 vaddr=40374000 size=0a840h ( 43072) load[0m
[0;32mI (135) esp_image: segment 3: paddr=00050020 vaddr=42000020 size=a7740h (685888) map[0m
[0;32mI (257) esp_image: segment 4: paddr=000f7768 vaddr=4037e840 size=0c584h ( 50564) load[0m
[0;32mI (268) esp_image: segment 5: paddr=00103cf4 vaddr=50000000 size=00020h (    32) load[0m
[0;32mI (277) boot: Loaded app from partition at offset 0x10000[0m
[0;32mI (277) boot: Disabling RNG early entropy source...[0m
[0;32mI (288) cpu_start: Multicore app[0m
[0;32mI (297) cpu_start: Pro cpu start user code[0m
[0;32mI (297) cpu_start: cpu freq: 160000000 Hz[0m
[0;32mI (297) app_init: Application information:[0m
[0;32mI (297) app_init: Project name:     kiosk-connect[0m
[0;32mI (301) app_init: App version:      1[0m
[0;32mI (305) app_init: Compile time:     Mar  1 2026 11:11:53[0m
[0;32mI (310) app_init: ELF file SHA256:  8b97f7e9c...[0m
[0;32mI (314) app_init: ESP-IDF:          v5.5.1[0m
[0;32mI (318) efuse_init: Min chip rev:     v0.0[0m
[0;32mI (322) efuse_init: Max chip rev:     v0.99 [0m
[0;32mI (326) efuse_init: Chip rev:         v0.2[0m
[0;32mI (329) heap_init: Initializing. RAM available for dynamic allocation:[0m
[0;32mI (336) heap_init: At 3FCA4D40 len 000449D0 (274 KiB): RAM[0m
[0;32mI (341) heap_init: At 3FCE9710 len 00005724 (21 KiB): RAM[0m
[0;32mI (346) heap_init: At 3FCF0000 len 00008000 (32 KiB): DRAM[0m
[0;32mI (351) heap_init: At 600FE000 len 00001FE8 (7 KiB): RTCRAM[0m
[0;32mI (358) spi_flash: detected chip: boya[0m
[0;32mI (360) spi_flash: flash io: dio[0m
[0;32mI (363) sleep_gpio: Configure to isolate all GPIO pins in sleep state[0m
[0;32mI (369) sleep_gpio: Enable automatic switching of GPIO sleep configuration[0m
[0;32mI (376) main_task: Started on CPU0[0m
I ��I (416) pp: pp rom version: e7ae62f
[0;32mI (416) net80211: net80211 rom version: e7ae62f[0m
[0;33mW (416) wifi:wifi osi_nvs_open fail ret=4353[0m

[0;33mW (416) wifi_init: Failed to unregister Rx callbacks[0m
[1;31mE (426) wifi_init: Failed to deinit Wi-Fi driver (0x3001)[0m
[1;31mE (426) wifi_init: Failed to deinit Wi-Fi (0x3001)[0m
ESP_1.0.3
[0;32mI (436) main_task: Returned from app_main()[0m
RESEND_DATA
RESEND_DATA
RESEND_DATA
RESEND_DATA
