Command: /home/prakash/.espressif/python_env/idf5.5_py3.10_env/bin/python /home/prakash/esp-idf/esp-idf/tools/idf_monitor.py -p /dev/ttyUSB0 -b 115200 --toolchain-prefix xtensa-esp32s3-elf- --target esp32s3 --revision 0 /home/prakash/REST/kiosk-connect/build/kiosk-connect.elf /home/prakash/REST/kiosk-connect/build/bootloader/bootloader.elf -m '/home/prakash/.espressif/python_env/idf5.5_py3.10_env/bin/python' '/home/prakash/esp-idf/esp-idf/tools/idf.py'
ESP-RO�ESP-RO�ESP-ROM:esp32s3-20210327
Build:Mar 27 2021
rst:0x1 (POWERON),boot:0x8 (SPI_FAST_FLASH_BOOT)
SPIWP:0xee
mode:DIO, clock div:1
load:0x3fce2820,len:0x158c
load:0x403c8700,len:0xd24
load:0x403cb700,le�~��ESP-ROM:esp32s3-20210327
Build:Mar 27 2021
rst:0x1 (POWERON),boot:0x8 (SPI_FAST_FLASH_BOOT)
SPIWP:0xee
mode:DIO, clock div:1
load:0x3fce2820,len:0x158c
load:0x403c8700,len:0xd24
load:0x403cb700,len:0x2f34
entry 0x403c8924
[0;32mI (24) boot: ESP-IDF v5.5.1 2nd stage bootloader[0m
[0;32mI (25) boot: compile time Mar  1 2026 11:12:01[0m
[0;32mI (25) boot: Multicore bootloader[0m
[0;32mI (25) boot: chip revision: v0.2[0m
[0;32mI (28) boot: efuse block revision: v1.3[0m
[0;32mI (31) boot.esp32s3: Boot SPI Speed : 80MHz[0m
[0;32mI (35) boot.esp32s3: SPI Mode       : DIO[0m
[0;32mI (39) boot.esp32s3: SPI Flash Size : 16MB[0m
[0;32mI (43) boot: Enabling RNG early entropy source...[0m
[0;32mI (47) boot: Partition Table:[0m
[0;32mI (50) boot: ## Label            Usage          Type ST Offset   Length[0m
[0;32mI (56) boot:  0 nvs              WiFi data        01 02 00009000 00006000[0m
[0;32mI (63) boot:  1 phy_init         RF data          01 01 0000f000 00001000[0m
[0;32mI (69) boot:  2 factory          factory app      00 00 00010000 00100000[0m
[0;32mI (76) boot: End of partition table[0m
[0;32mI (79) esp_image: segment 0: paddr=00010020 vaddr=3c0b0020 size=31200h (201216) map[0m
[0;32mI (122) esp_image: segment 1: paddr=00041228 vaddr=3fc9b600 size=04a24h ( 18980) load[0m
[0;32mI (126) esp_image: segment 2: paddr=00045c54 vaddr=40374000 size=0a3c4h ( 41924) load[0m
[0;32mI (135) esp_image: segment 3: paddr=00050020 vaddr=42000020 size=a9514h (693524) map[0m
[0;32mI (258) esp_image: segment 4: paddr=000f953c vaddr=4037e3c4 size=0d158h ( 53592) load[0m
[0;32mI (270) esp_image: segment 5: paddr=0010669c vaddr=50000000 size=00020h (    32) load[0m
[0;32mI (279) boot: Loaded app from partition at offset 0x10000[0m
[0;32mI (280) boot: Disabling RNG early entropy source...[0m
[0;32mI (290) cpu_start: Multicore app[0m
[0;32mI (299) cpu_start: Pro cpu start user code[0m
[0;32mI (299) cpu_start: cpu freq: 160000000 Hz[0m
[0;32mI (299) app_init: Application information:[0m
[0;32mI (299) app_init: Project name:     kiosk-connect[0m
[0;32mI (303) app_init: App version:      1[0m
[0;32mI (307) app_init: Compile time:     Mar  1 2026 11:11:53[0m
[0;32mI (312) app_init: ELF file SHA256:  caf9678c2...[0m
[0;32mI (316) app_init: ESP-IDF:          v5.5.1[0m
[0;32mI (320) efuse_init: Min chip rev:     v0.0[0m
[0;32mI (324) efuse_init: Max chip rev:     v0.99 [0m
[0;32mI (328) efuse_init: Chip rev:         v0.2[0m
[0;32mI (332) heap_init: Initializing. RAM available for dynamic allocation:[0m
[0;32mI (338) heap_init: At 3FCA4708 len 00045008 (276 KiB): RAM[0m
[0;32mI (343) heap_init: At 3FCE9710 len 00005724 (21 KiB): RAM[0m
[0;32mI (348) heap_init: At 3FCF0000 len 00008000 (32 KiB): DRAM[0m
[0;32mI (353) heap_init: At 600FE000 len 00001FE8 (7 KiB): RTCRAM[0m
[0;32mI (360) spi_flash: detected chip: generic[0m
[0;32mI (362) spi_flash: flash io: dio[0m
[1;31mE (365) spi_flash: Detected size(4096k) smaller than the size in the binary image header(16384k). Probe failed.[0m

assert failed: __esp_system_o���ESP-ROM:esp32s3-20210327
Build:Mar 27 2021
rst:0x1 (POWERON),boot:0x8 (SPI_FAST_FLASH_BOOT)
SPIWP:0xee
mode:DIO, clock div:1
load:0x3fce2820,len:0x158c
load:0x403c8700,len:0xd24
load:0x403cb700,len:0x2f34
entry 0x403c8924
[0;32mI (24) boot: ESP-IDF v5.5.1 2nd stage bootloader[0m
[0;32mI (25) boot: compile time Mar  1 2026 11:12:01[0m
[0;32mI (25) boot: Multicore bootloader[0m
[0;32mI (25) boot: chip revision: v0.2[0m
[0;32mI (28) boot: efuse block revision: v1.3[0m
[0;32mI (31) boot.esp32s3: Boot SPI Speed : 80MHz[0m
[0;32mI (35) boot.esp32s3: SPI Mode       : DIO[0m
[0;32mI (39) boot.esp32s3: SPI Flash Size : 16MB[0m
[0;32mI (43) boot: Enabling RNG early entropy source...[0m
[0;32mI (47) boot: Partition Table:[0m
[0;32mI (50) boot: ## Label            Usage          Type ST Offset   Length[0m
[0;32mI (56) boot:  0 nvs              WiFi data        01 02 00009000 00006000[0m
[0;32mI (63) boot:  1 phy_init         RF data          01 01 0000f000 00001000[0m
[0;32mI (69) boot:  2 factory          factory app      00 00 00010000 00100000[0m
[0;32mI (76) boot: End of partition table[0m
[0;32mI (79) esp_image: segment 0: paddr=00010020 vaddr=3c0b0020 size=31200h (201216) map[0m
[0;32mI (122) esp_image: segment 1: paddr=00041228 vaddr=3fc9b600 size=04a24h ( 18980) load[0m
[0;32mI (126) esp_image: segment 2: paddr=00045c54 vaddr=40374000 size=0a3c4h ( 41924) load[0m
[0;32mI (135) esp_image: segment 3: paddr=00050020 vaddr=42000020 size=a9514h (693524) map[0m
ESP-ROM:esp32s3-20210327
Build:Mar 27 2021
rst:0x1 (POWERON),boot:0x8 (SPI_FAST_FLASH_BOOT)
SPIWP:0xee
mode:DIO, clock div:1
load:0x3fce2820,len:0x158c
load:0x403c8700,len:0xd24
load:0x403cb700,len:0x2f34
entry 0x403c8924
[0;32mI (24) boot: ESP-IDF v5.5.1 2nd stage bootloader[0m
[0;32mI (25) boot: compile time Mar  1 2026 11:12:01[0m
[0;32mI (25) boot: Multicore bootloader[0m
[0;32mI (25) boot: chip revision: v0.2[0m
[0;32mI (28) boot: efuse block revision: v1.3[0m
[0;32mI (31) boot.esp32s3: Boot SPI Speed : 80MHz[0m
[0;32mI (35) boot.esp32s3: SPI Mode       : DIO[0m
[0;32mI (39) boot.esp32s3: SPI Flash Size : 16MB[0m
[0;32mI (43) boot: Enabling RNG early entropy source...[0m
[0;32mI (47) boot: Partition Table:[0m
[0;32mI (50) boot: ## Label            Usage          Type ST Offset   Length[0m
[0;32mI (56) boot:  0 nvs              WiFi data        01 02 00009000 00006000[0m
[0;32mI (63) boot:  1 phy_init         RF data          01 01 0000f000 00001000[0m
[0;32mI (69) boot:  2 factory          factory app      00 00 00010000 00100000[0m
[0;32mI (76) boot: End of partition table[0m
[0;32mI (79) esp_image: segment 0: paddr=00010020 vaddr=3c0b0020 size=31200h (201216) map[0m
[0;32mI (122) esp_image: segment 1: paddr=00041228 vaddr=3fc9b600 size=04a24h ( 18980) load[0m
[0;32mI (126) esp_image: segment 2: paddr=00045c54 vaddr=40374000 size=0a3c4h ( 41924) load[0m
[0;32mI (135) esp_image: segment 3: paddr=00050020 vaddr=42000020 size=a9514h (693524) map[0m
ESP-ROM:esp32s3-20210327
Build:Mar 27 2021
rst:0x1 (POWERON),boot:0x8 (SPI_FAST_FLASH_BOOT)
SPIWP:0xee
mode:DIO, clock div:1
load:0x3fce2820,len:0x158c
load:0x403c8700,len:0xd24
load:0x403cb700,len:0x2f34
entry 0x403c8924
[0;32mI (24) boot: ESP-IDF v5.5.1 2nd stage bootloader[0m
[0;32mI (25) boot: compile time Mar  1 2026 11:12:01[0m
[0;32mI (25) boot: Multicore bootloader[0m
[0;32mI (25) boot: chip revision: v0.2[0m
[0;32mI (28) boot: efuse block revision: v1.3[0m
[0;32mI (31) boot.esp32s3: Boot SPI Speed : 80MHz[0m
[0;32mI (35) boot.esp32s3: SPI Mode       : DIO[0m
[0;32mI (39) boot.esp32s3: SPI Flash Size : 16MB[0m
[0;32mI (43) boot: Enabling RNG early entropy source...[0m
[0;32mI (47) boot: Partition Table:[0m
[0;32mI (50) boot: ## Label            Usage          Type ST Offset   Length[0m
[0;32mI (56) boot:  0 nvs              WiFi data        01 02 00009000 00006000[0m
[0;32mI (63) boot:  1 phy_init         RF data          01 01 0000f000 00001000[0m
[0;32mI (69) boot:  2 factory          factory app      00 00 00010000 00100000[0m
[0;32mI (76) boot: End of partition table[0m
[0;32mI (79) esp_image: segment 0: paddr=00010020 vaddr=3c0b0020 size=31200h (201216) map[0m
[0;32mI (122) esp_image: segment 1: paddr=00041228 vaddr=3fc9b600 size=04a24h ( 18980) load[0m
[0;32mI (126) esp_image: segment 2: paddr=00045c54 vaddr=40374000 size=0a3c4h ( 41924) load[0m
[0;32mI (135) esp_image: segment 3: paddr=00050020 vaddr=42000020 size=a9514h (693524) map[0m
[0;32mI (258) esp_image: segment 4: paddr=000f953c vaddr=4037e3c4 size=0d158h ( 53592) load[0m
[0;32mI (270) esp_image: segment 5: paddr=0010669c vaddr=50000000 size=00020h (    32) load[0m
[0;32mI (279) boot: Loaded app from partition at offset 0x10000[0m
[0;32mI (280) boot: Disabling RNG early entropy source...[0m
[0;32mI (290) cpu_start: Multicore app[0m
[0;32mI (299) cpu_start: Pro cpu start user code[0m
[0;32mI (299) cpu_start: cpu freq: 160000000 Hz[0m
[0;32mI (299) app_init: Application information:[0m
[0;32mI (299) app_init: Project name:     kiosk-connect[0m
[0;32mI (303) app_init: App version:      1[0m
[0;32mI (307) app_init: Compile time:     Mar  1 2026 11:11:53[0m
[0;32mI (312) app_init: ELF file SHA256:  caf9678c2...[0m
[0;32mI (316) app_init: ESP-IDF:          v5.5.1[0m
[0;32mI (320) efuse_init: Min chip rev:     v0.0[0m
[0;32mI (324) efuse_init: Max chip rev:     v0.99 [0m
[0;32mI (328) efuse_init: Chip rev:         v0.2[0m
[0;32mI (332) heap_init: Initializing. RAM available for dynamic allocation:[0m
[0;32mI (338) heap_init: At 3FCA4708 len 00045008 (276 KiB): RAM[0m
[0;32mI (343) heap_init: At 3FCE9710 len 00005724 (21 KiB): RAM[0m
[0;32mI (348) heap_init: At 3FCF0000 len 00008000 (32 KiB): DRAM[0m
[0;32mI (353) heap_init: At 600FE000 len 00001FE8 (7 KiB): RTCRAM[0m
[0;32mI (360) spi_flash: detected chip: generic[0m
[0;32mI (362) spi_flash: flash io: dio[0m
[1;31mE (365) spi_flash: Detected size(4096k) smaller than the size in the binary image header(16384k). Probe failed.[0m
ESP-ROM:esp32s3-20210327
Build:Mar 27 2021
rst:0x1 (POWERON),boot:0x8 (SPI_FAST_FLASH_BOOT)
SPIWP:0xee
mode:DIO, clock div:1
load:0x3fce2820,len:0x158c
load:0x403c8700,len:0xd24
load:0x403cb700,len:0x2f34
entry 0x403c8924
[0;32mI (24) boot: ESP-IDF v5.5.1 2nd stage bootloader[0m
[0;32mI (25) boot: compile time Mar  1 2026 11:12:01[0m
[0;32mI (25) boot: Multicore bootloader[0m
[0;32mI (25) boot: chip revision: v0.2[0m
[0;32mI (28) boot: efuse block revision: v1.3[0m
[0;32mI (31) boot.esp32s3: Boot SPI Speed : 80MHz[0m
[0;32mI (35) boot.esp32s3: SPI Mode       : DIO[0m
[0;32mI (39) boot.esp32s3: SPI Flash Size : 16MB[0m
[0;32mI (43) boot: Enabling RNG early entropy source...[0m
[0;32mI (47) boot: Partition Table:[0m
[0;32mI (50) boot: ## Label            Usage          Type ST Offset   Length[0m
[0;32mI (56) boot:  0 nvs              WiFi data        01 02 00009000 00006000[0m
[0;32mI (63) boot:  1 phy_init         RF data          01 01 0000f000 00001000[0m
[0;32mI (69) boot:  2 factory          factory app      00 00 00010000 00100000[0m
[0;32mI (76) boot: End of partition table[0m
[0;32mI (79) esp_image: segment 0: paddr=00010020 vaddr=3c0b0020 size=31200h (201216) map[0m
[0;32mI (122) esp_image: segment 1: paddr=00041228 vaddr=3fc9b600 size=04a24h ( 18980) load[0m
[0;32mI (126) esp_image: segment 2: paddr=00045c54 vaddr=40374000 size=0a3c4h ( 41924) load[0m
[0;32mI (135) esp_image: segment 3: paddr=00050020 vaddr=42000020 size=a9514h (693524) map[0m
[0;32mI (258) esp_image: segment 4: paddr=000f953c vaddr=4037e3c4 size=0d158h ( 53592) load[0m
[0;32mI (270) esp_image: segment 5: paddr=0010669c vaddr=50000000 size=00020h (    32) load[0m
[0;32mI (279) boot: Loaded app from partition at offset 0x10000[0m
[0;32mI (280) boot: Disabling RNG early entropy source...[0m
[0;32mI (290) cpu_start: Multicore app[0m
[0;32mI (299) cpu_start: Pro cpu start user code[0m
[0;32mI (299) cpu_start: cpu freq: 160000000 Hz[0m
[0;32mI (299) app_init: Application information:[0m
[0;32mI (299) app_init: Project name:     kiosk-connect[0m
[0;32mI (303) app_init: App version:      1[0m
[0;32mI (307) app_init: Compile time:     Mar  1 2026 11:11:53[0m
[0;32mI (312) app_init: ELF file SHA256:  caf9678c2...[0m
[0;32mI (316) app_init: ESP-IDF:          v5.5.1[0m
[0;32mI (320) efuse_init: Min chip rev:     v0.0[0m
[0;32mI (324) efuse_init: Max chip rev:     v0.99 [0m
[0;32mI (328) efuse_init: Chip rev:         v0.2[0m
[0;32mI (332) heap_init: Initializing. RAM available for dynamic allocation:[0m
[0;32mI (338) heap_init: At 3FCA4708 len 00045008 (276 KiB): RAM[0m
[0;32mI (343) heap_init: At 3FCE9710 len 00005724 (21 KiB): RAM[0m
[0;32mI (348) heap_init: At 3FCF0000 len 00008000 (32 KiB): DRAM[0m
[0;32mI (353) heap_init: At 600FE000 len 00001FE8 (7 KiB): RTCRAM[0m
[0;32mI (360) spi_flash: detected chip: generic[0m
[0;32mI (362) spi_flash: flash io: dio[0m
[1;31mE (365) spi_flash: Detected size(4096k) smaller than the size in the binary image header(16384k). Probe failed.[0m

assert failed: __esp_system_init_fn_init_flash startup_funcs.c:118 (flash_ret == ESP_OK)


Backtrace: 0x4037ccb5:0x3fceb130 0x4037cc7d:0x3fceb150 0x40385221:0x3fceb170 0x42002682:0x3fceb290 0x420030f6:0x3fceb2b0 0x42003141:0x3fceb2d0 0x420031ab:0x3fceb2f0 0x403756b5:0x3fceb310 0x403ccac4:0x3fceb340 0x403ccf09:0x3fceb380 0x403c898d:0x3fceb4b0 0x40045c01:0x3fceb570 0x40043ab6:0x3fceb6f0 0x40034c45:0x3fceb710




ELF file SHA256: caf9678c2

Rebooting...
ESP-ROM:esp32s3-20210327
Build:Mar 27 2021
rst:0xc (RTC_SW_CPU_RST),boot:0x8 (SPI_FAST_FLASH_BOOT)
Saved PC:0x4037ce04
SPIWP:0xee
mode:DIO, clock div:1
load:0x3fce2820,len:0x158c
load:0x403c8700,len:0xd24
load:0x403cb700,len:0x2f34
entry 0x403c8924
[0;32mI (29) boot: ESP-IDF v5.5.1 2nd stage bootloader[0m
[0;32mI (29) boot: compile time Mar  1 2026 11:12:01[0m
[0;32mI (29) boot: Multicore bootloader[0m
[0;32mI (29) boot: chip revision: v0.2[0m
[0;32mI (32) boot: efuse block revision: v1.3[0m
[0;32mI (36) boot.esp32s3: Boot SPI Speed : 80MHz[0m
[0;32mI (40) boot.esp32s3: SPI Mode       : DIO[0m
[0;32mI (43) boot.esp32s3: SPI Flash Size : 16MB[0m
[0;32mI (47) boot: Enabling RNG early entropy source...[0m
[0;32mI (52) boot: Partition Table:[0m
[0;32mI (54) boot: ## Label            Usage          Type ST Offset   Length[0m
[0;32mI (61) boot:  0 nvs              WiFi data        01 02 00009000 00006000[0m
[0;32mI (67) boot:  1 phy_init         RF data          01 01 0000f000 00001000[0m
[0;32mI (74) boot:  2 factory          factory app      00 00 00010000 00100000[0m
[0;32mI (80) boot: End of partition table[0m
[0;32mI (83) esp_image: segment 0: paddr=00010020 vaddr=3c0b0020 size=31200h (201216) map[0m
[0;32mI (126) esp_image: segment 1: paddr=00041228 vaddr=3fc9b600 size=04a24h ( 18980) load[0m
[0;32mI (130) esp_image: segment 2: paddr=00045c54 vaddr=40374000 size=0a3c4h ( 41924) load[0m
[0;32mI (140) esp_image: segment 3: paddr=00050020 vaddr=42000020 size=a9514h (693524) map[0m
[0;32mI (262) esp_image: segment 4: paddr=000f953c vaddr=4037e3c4 size=0d158h ( 53592) load[0m
[0;32mI (274) esp_image: segment 5: paddr=0010669c vaddr=50000000 size=00020h (    32) load[0m
[0;32mI (284) boot: Loaded app from partition at offset 0x10000[0m
[0;32mI (284) boot: Disabling RNG early entropy source...[0m
[0;32mI (294) cpu_start: Multicore app[0m
[0;32mI (303) cpu_start: Pro cpu start user code[0m
[0;32mI (303) cpu_start: cpu freq: 160000000 Hz[0m
[0;32mI (303) app_init: Application information:[0m
[0;32mI (303) app_init: Project name:     kiosk-connect[0m
[0;32mI (308) app_init: App version:      1[0m
[0;32mI (311) app_init: Compile time:     Mar  1 2026 11:11:53[0m
[0;32mI (316) app_init: ELF file SHA256:  caf9678c2...[0m
[0;32mI (320) app_init: ESP-IDF:          v5.5.1[0m
[0;32mI (324) efuse_init: Min chip rev:     v0.0[0m
[0;32mI (328) efuse_init: Max chip rev:     v0.99 [0m
[0;32mI (332) efuse_init: Chip rev:         v0.2[0m
[0;32mI (336) heap_init: Initializing. RAM available for dynamic allocation:[0m
[0;32mI (342) heap_init: At 3FCA4708 len 00045008 (276 KiB): RAM[0m
[0;32mI (347) heap_init: At 3FCE9710 len 00005724 (21 KiB): RAM[0m
[0;32mI (352) heap_init: At 3FCF0000 len 00008000 (32 KiB): DRAM[0m
[0;32mI (358) heap_init: At 600FE000 len 00001FE8 (7 KiB): RTCRAM[0m
[0;32mI (364) spi_flash: detected chip: generic[0m
[0;32mI (367) spi_flash: flash io: dio[0m
[1;31mE (370) spi_flash: Detected size(4096k) smaller than the size in the binary image header(16384k). Probe failed.[0m

assert failed: __esp_system_init_fn_init_flash startup_funcs.c:118 (flash_ret == ESP_OK)


Backtrace: 0x4037ccb5:0x3fceb130 0x4037cc7d:0x3fceb150 0x40385221:0x3fceb170 0x42002682:0x3fceb290 0x420030f6:0x3fceb2b0 0x42003141:0x3fceb2d0 0x420031ab:0x3fceb2f0 0x403756b5:0x3fceb310 0x403ccac4:0x3fceb340 0x403ccf09:0x3fceb380 0x403c898d:0x3fceb4b0 0x40045c01:0x3fceb570 0x40043ab6:0x3fceb6f0 0x40034c45:0x3fceb710




ELF file SHA256: caf9678c2

Rebooting...
ESP-ROM:esp32s3-20210327
Build:Mar 27 2021
rst:0xc (RTC_SW_CPU_RST),boot:0x8 (SPI_FAST_FLASH_BOOT)
Saved PC:0x4037ce04
SPIWP:0xee
mode:DIO, clock div:1
load:0x3fce2820,len:0x158c
load:0x403c8700,len:0xd24
load:0x403cb700,len:0x2f34
entry 0x403c8924
[0;32mI (29) boot: ESP-IDF v5.5.1 2nd stage bootloader[0m
[0;32mI (29) boot: compile time Mar  1 2026 11:12:01[0m
[0;32mI (29) boot: Multicore bootloader[0m
[0;32mI (29) boot: chip revision: v0.2[0m
[0;32mI (32) boot: efuse block revision: v1.3[0m
[0;32mI (36) boot.esp32s3: Boot SPI Speed : 80MHz[0m
[0;32mI (40) boot.esp32s3: SPI Mode       : DIO[0m
[0;32mI (43) boot.esp32s3: SPI Flash Size : 16MB[0m
[0;32mI (47) boot: Enabling RNG early entropy source...[0m
[0;32mI (52) boot: Partition Table:[0m
[0;32mI (54) boot: ## Label            Usage          Type ST Offset   Length[0m
[0;32mI (61) boot:  0 nvs              WiFi data        01 02 00009000 00006000[0m
[0;32mI (67) boot:  1 phy_init         RF data          01 01 0000f000 00001000[0m
[0;32mI (74) boot:  2 factory          factory app      00 00 00010000 00100000[0m
[0;32mI (80) boot: End of partition table[0m
[0;32mI (83) esp_image: segment 0: paddr=00010020 vaddr=3c0b0020 size=31200h (201216) map[0m
[0;32mI (126) esp_image: segment 1: paddr=00041228 vaddr=3fc9b600 size=04a24h ( 18980) load[0m
[0;32mI (130) esp_image: segment 2: paddr=00045c54 vaddr=40374000 size=0a3c4h ( 41924) load[0m
[0;32mI (140) esp_image: segment 3: paddr=00050020 vaddr=42000020 size=a9514h (693524) map[0m
[0;32mI (262) esp_image: segment 4: paddr=000f953c vaddr=4037e3c4 size=0d158h ( 53592) load[0m
[0;32mI (274) esp_image: segment 5: paddr=0010669c vaddr=50000000 size=00020h (    32) load[0m
[0;32mI (284) boot: Loaded app from partition at offset 0x10000[0m
[0;32mI (284) boot: Disabling RNG early entropy source...[0m
[0;32mI (294) cpu_start: Multicore app[0m
[0;32mI (303) cpu_start: Pro cpu start user code[0m
[0;32mI (303) cpu_start: cpu freq: 160000000 Hz[0m
[0;32mI (303) app_init: Application information:[0m
[0;32mI (303) app_init: Project name:     kiosk-connect[0m
[0;32mI (308) app_init: App version:      1[0m
[0;32mI (311) app_init: Compile time:     Mar  1 2026 11:11:53[0m
[0;32mI (316) app_init: ELF file SHA256:  caf9678c2...[0m
[0;32mI (320) app_init: ESP-IDF:          v5.5.1[0m
[0;32mI (324) efuse_init: Min chip rev:     v0.0[0m
[0;32mI (328) efuse_init: Max chip rev:     v0.99 [0m
[0;32mI (332) efuse_init: Chip rev:         v0.2[0m
[0;32mI (336) heap_init: Initializing. RAM available for dynamic allocation:[0m
[0;32mI (342) heap_init: At 3FCA4708 len 00045008 (276 KiB): RAM[0m
[0;32mI (347) heap_init: At 3FCE9710 len 00005724 (21 KiB): RAM[0m
[0;32mI (352) heap_init: At 3FCF0000 len 00008000 (32 KiB): DRAM[0m
[0;32mI (358) heap_init: At 600FE000 len 00001FE8 (7 KiB): RTCRAM[0m
[0;32mI (364) spi_flash: detected chip: generic[0m
[0;32mI (367) spi_flash: flash io: dio[0m
[1;31mE (370) spi_flash: Detected size(4096k) smaller than the size in the binary image header(16384k). Probe failed.[0m

assert failed: __esp_system_init_fn_init_flash startup_funcs.c:118 (flash_ret == ESP_OK)


Backtrace: 0x4037ccb5:0x3fceb130 0x4037cc7d:0x3fceb150 0x40385221:0x3fceb170 0x42002682:0x3fceb290 0x420030f6:0x3fceb2b0 0x42003141:0x3fceb2d0 0x420031ab:0x3fceb2f0 0x403756b5:0x3fceb310 0x403ccac4:0x3fceb340 0x403ccf09:0x3fceb380 0x403c898d:0x3fceb4b0 0x40045c01:0x3fceb570 0x40043ab6:0x3fceb6f0 0x40034c45:0x3fceb710




ELF file SHA256: caf9678c2

Rebooting...
ESP-ROM:esp32s3-20210327
Build:Mar 27 2021
rst:0xc (RTC_SW_CPU_RST),boot:0x8 (SPI_FAST_FLASH_BOOT)
Saved PC:0x4037ce04
SPIWP:0xee
mode:DIO, clock div:1
load:0x3fce2820,len:0x158c
load:0x403c8700,len:0xd24
load:0x403cb700,len:0x2f34
entry 0x403c8924
[0;32mI (29) boot: ESP-IDF v5.5.1 2nd stage bootloader[0m
[0;32mI (29) boot: compile time Mar  1 2026 11:12:01[0m
[0;32mI (29) boot: Multicore bootloader[0m
[0;32mI (29) boot: chip revision: v0.2[0m
[0;32mI (32) boot: efuse block revision: v1.3[0m
[0;32mI (36) boot.esp32s3: Boot SPI Speed : 80MHz[0m
[0;32mI (40) boot.esp32s3: SPI Mode       : DIO[0m
[0;32mI (43) boot.esp32s3: SPI Flash Size : 16MB[0m
[0;32mI (47) boot: Enabling RNG early entropy source...[0m
[0;32mI (52) boot: Partition Table:[0m
[0;32mI (54) boot: ## Label            Usage          Type ST Offset   Length[0m
[0;32mI (61) boot:  0 nvs              WiFi data        01 02 00009000 00006000[0m
[0;32mI (67) boot:  1 phy_init         RF data          01 01 0000f000 00001000[0m
[0;32mI (74) boot:  2 factory          factory app      00 00 00010000 00100000[0m
[0;32mI (80) boot: End of partition table[0m
[0;32mI (83) esp_image: segment 0: paddr=00010020 vaddr=3c0b0020 size=31200h (201216) map[0m
[0;32mI (126) esp_image: segment 1: paddr=00041228 vaddr=3fc9b600 size=04a24h ( 18980) load[0m
[0;32mI (130) esp_image: segment 2: paddr=00045c54 vaddr=40374000 size=0a3c4h ( 41924) load[0m
[0;32mI (140) esp_image: segment 3: paddr=00050020 vaddr=42000020 size=a9514h (693524) map[0m
[0;32mI (262) esp_image: segment 4: paddr=000f953c vaddr=4037e3c4 size=0d158h ( 53592) load[0m
[0;32mI (274) esp_image: segment 5: paddr=0010669c vaddr=50000000 size=00020h (    32) load[0m
[0;32mI (284) boot: Loaded app from partition at offset 0x10000[0m
[0;32mI (284) boot: Disabling RNG early entropy source...[0m
[0;32mI (294) cpu_start: Multicore app[0m
[0;32mI (303) cpu_start: Pro cpu start user code[0m
[0;32mI (303) cpu_start: cpu freq: 160000000 Hz[0m
[0;32mI (303) app_init: Application information:[0m
[0;32mI (303) app_init: Project name:     kiosk-connect[0m
[0;32mI (308) app_init: App version:      1[0m
[0;32mI (311) app_init: Compile time:     Mar  1 2026 11:11:53[0m
[0;32mI (316) app_init: ELF file SHA256:  caf9678c2...[0m
[0;32mI (320) app_init: ESP-IDF:          v5.5.1[0m
[0;32mI (324) efuse_init: Min chip rev:     v0.0[0m
[0;32mI (328) efuse_init: Max chip rev:     v0.99 [0m
[0;32mI (332) efuse_init: Chip rev:         v0.2[0m
[0;32mI (336) heap_init: Initializing. RAM available for dynamic allocation:[0m
[0;32mI (342) heap_init: At 3FCA4708 len 00045008 (276 KiB): RAM[0m
[0;32mI (347) heap_init: At 3FCE9710 len 00005724 (21 KiB): RAM[0m
[0;32mI (352) heap_init: At 3FCF0000 len 00008000 (32 KiB): DRAM[0m
[0;32mI (358) heap_init: At 600FE000 len 00001FE8 (7 KiB): RTCRAM[0m
[0;32mI (364) spi_flash: detected chip: generic[0m
[0;32mI (367) spi_flash: flash io: dio[0m
[1;31mE (370) spi_flash: Detected size(4096k) smaller than the size in the binary image header(16384k). Probe failed.[0m

assert failed: __esp_system_init_fn_init_flash startup_funcs.c:118 (flash_ret == ESP_OK)


Backtrace: 0x4037ccb5:0x3fceb130 0x4037cc7d:0x3fceb150 0x40385221:0x3fceb170 0x42002682:0x3fceb290 0x420030f6:0x3fceb2b0 0x42003141:0x3fceb2d0 0x420031ab:0x3fceb2f0 0x403756b5:0x3fceb310 0x403ccac4:0x3fceb340 0x403ccf09:0x3fceb380 0x403c898d:0x3fceb4b0 0x40045c01:0x3fceb570 0x40043ab6:0x3fceb6f0 0x40034c45:0x3fceb710




ELF file SHA256: caf9678c2

Rebooting...
ESP-ROM:esp32s3-20210327
Build:Mar 27 2021
rst:0xc (RTC_SW_CPU_RST),boot:0x8 (SPI_FAST_FLASH_BOOT)
Saved PC:0x4037ce04
SPIWP:0xee
mode:DIO, clock div:1
load:0x3fce2820,len:0x158c
load:0x403c8700,len:0xd24
load:0x403cb700,len:0x2f34
entry 0x403c8924
[0;32mI (29) boot: ESP-IDF v5.5.1 2nd stage bootloader[0m
[0;32mI (29) boot: compile time Mar  1 2026 11:12:01[0m
[0;32mI (29) boot: Multicore bootloader[0m
[0;32mI (29) boot: chip revision: v0.2[0m
[0;32mI (32) boot: efuse block revision: v1.3[0m
[0;32mI (36) boot.esp32s3: Boot SPI Speed : 80MHz[0m
[0;32mI (40) boot.esp32s3: SPI Mode       : DIO[0m
[0;32mI (43) boot.esp32s3: SPI Flash Size : 16MB[0m
[0;32mI (47) boot: Enabling RNG early entropy source...[0m
[0;32mI (52) boot: Partition Table:[0m
[0;32mI (54) boot: ## Label            Usage          Type ST Offset   Length[0m
[0;32mI (61) boot:  0 nvs              WiFi data        01 02 00009000 00006000[0m
[0;32mI (67) boot:  1 phy_init         RF data          01 01 0000f000 00001000[0m
[0;32mI (74) boot:  2 factory          factory app      00 00 00010000 00100000[0m
[0;32mI (80) boot: End of partition table[0m
[0;32mI (83) esp_image: segment 0: paddr=00010020 vaddr=3c0b0020 size=31200h (201216) map[0m
[0;32mI (126) esp_image: segment 1: paddr=00041228 vaddr=3fc9b600 size=04a24h ( 18980) load[0m
[0;32mI (130) esp_image: segment 2: paddr=00045c54 vaddr=40374000 size=0a3c4h ( 41924) load[0m
[0;32mI (140) esp_image: segment 3: paddr=00050020 vaddr=42000020 size=a9514h (693524) map[0m
[0;32mI (262) esp_image: segment 4: paddr=000f953c vaddr=4037e3c4 size=0d158h ( 53592) load[0m
[0;32mI (274) esp_image: segment 5: paddr=0010669c vaddr=50000000 size=00020h (    32) load[0m
[0;32mI (284) boot: Loaded app from partition at offset 0x10000[0m
[0;32mI (284) boot: Disabling RNG early entropy source...[0m
[0;32mI (294) cpu_start: Multicore app[0m
[0;32mI (303) cpu_start: Pro cpu start user code[0m
[0;32mI (303) cpu_start: cpu freq: 160000000 Hz[0m
[0;32mI (303) app_init: Application information:[0m
[0;32mI (303) app_init: Project name:     kiosk-connect[0m
[0;32mI (308) app_init: App version:      1[0m
[0;32mI (311) app_init: Compile time:     Mar  1 2026 11:11:53[0m
[0;32mI (316) app_init: ELF file SHA256:  caf9678c2...[0m
[0;32mI (320) app_init: ESP-IDF:          v5.5.1[0m
[0;32mI (324) efuse_init: Min chip rev:     v0.0[0m
[0;32mI (328) efuse_init: Max chip rev:     v0.99 [0m
[0;32mI (332) efuse_init: Chip rev:         v0.2[0m
[0;32mI (336) heap_init: Initializing. RAM available for dynamic allocation:[0m
[0;32mI (342) heap_init: At 3FCA4708 len 00045008 (276 KiB): RAM[0m
[0;32mI (347) heap_init: At 3FCE9710 len 00005724 (21 KiB): RAM[0m
[0;32mI (352) heap_init: At 3FCF0000 len 00008000 (32 KiB): DRAM[0m
[0;32mI (358) heap_init: At 600FE000 len 00001FE8 (7 KiB): RTCRAM[0m
[0;32mI (364) spi_flash: detected chip: generic[0m
[0;32mI (367) spi_flash: flash io: dio[0m
[1;31mE (370) spi_flash: Detected size(4096k) smaller than the size in the binary image header(16384k). Probe failed.[0m

assert failed: __esp_system_init_fn_init_flash startup_funcs.c:118 (flash_ret == ESP_OK)


Backtrace: 0x4037ccb5:0x3fceb130 0x4037cc7d:0x3fceb150 0x40385221:0x3fceb170 0x42002682:0x3fceb290 0x420030f6:0x3fceb2b0 0x42003141:0x3fceb2d0 0x420031ab:0x3fceb2f0 0x403756b5:0x3fceb310 0x403ccac4:0x3fceb340 0x403ccf09:0x3fceb380 0x403c898d:0x3fceb4b0 0x40045c01:0x3fceb570 0x40043ab6:0x3fceb6f0 0x40034c45:0x3fceb710




ELF file SHA256: caf9678c2

Rebooting...
ESP-ROM:esp32s3-20210327
Build:Mar 27 2021
rst:0xc (RTC_SW_CPU_RST),boot:0x8 (SPI_FAST_FLASH_BOOT)
Saved PC:0x4037ce04
SPIWP:0xee
mode:DIO, clock div:1
load:0x3fce2820,len:0x158c
load:0x403c8700,len:0xd24
load:0x403cb700,len:0x2f34
entry 0x403c8924
[0;32mI (29) boot: ESP-IDF v5.5.1 2nd stage bootloader[0m
[0;32mI (29) boot: compile time Mar  1 2026 11:12:01[0m
[0;32mI (29) boot: Multicore bootloader[0m
[0;32mI (29) boot: chip revision: v0.2[0m
[0;32mI (32) boot: efuse block revision: v1.3[0m
[0;32mI (36) boot.esp32s3: Boot SPI Speed : 80MHz[0m
[0;32mI (40) boot.esp32s3: SPI Mode       : DIO[0m
[0;32mI (43) boot.esp32s3: SPI Flash Size : 16MB[0m
[0;32mI (47) boot: Enabling RNG early entropy source...[0m
[0;32mI (52) boot: Partition Table:[0m
[0;32mI (54) boot: ## Label            Usage          Type ST Offset   Length[0m
[0;32mI (61) boot:  0 nvs              WiFi data        01 02 00009000 00006000[0m
[0;32mI (67) boot:  1 phy_init         RF data          01 01 0000f000 00001000[0m
[0;32mI (74) boot:  2 factory          factory app      00 00 00010000 00100000[0m
[0;32mI (80) boot: End of partition table[0m
[0;32mI (83) esp_image: segment 0: paddr=00010020 vaddr=3c0b0020 size=31200h (201216) map[0m
[0;32mI (126) esp_image: segment 1: paddr=00041228 vaddr=3fc9b600 size=04a24h ( 18980) load[0m
[0;32mI (130) esp_image: segment 2: paddr=00045c54 vaddr=40374000 size=0a3c4h ( 41924) load[0m
[0;32mI (140) esp_image: segment 3: paddr=00050020 vaddr=42000020 size=a9514h (693524) map[0m
[0;32mI (262) esp_image: segment 4: paddr=000f953c vaddr=4037e3c4 size=0d158h ( 53592) load[0m
[0;32mI (274) esp_image: segment 5: paddr=0010669c vaddr=50000000 size=00020h (    32) load[0m
[0;32mI (284) boot: Loaded app from partition at offset 0x10000[0m
[0;32mI (284) boot: Disabling RNG early entropy source...[0m
[0;32mI (294) cpu_start: Multicore app[0m
[0;32mI (303) cpu_start: Pro cpu start user code[0m
[0;32mI (303) cpu_start: cpu freq: 160000000 Hz[0m
[0;32mI (303) app_init: Application information:[0m
[0;32mI (303) app_init: Project name:     kiosk-connect[0m
[0;32mI (308) app_init: App version:      1[0m
[0;32mI (311) app_init: Compile time:     Mar  1 2026 11:11:53[0m
[0;32mI (316) app_init: ELF file SHA256:  caf9678c2...[0m
[0;32mI (320) app_init: ESP-IDF:          v5.5.1[0m
[0;32mI (324) efuse_init: Min chip rev:     v0.0[0m
[0;32mI (328) efuse_init: Max chip rev:     v0.99 [0m
[0;32mI (332) efuse_init: Chip rev:         v0.2[0m
[0;32mI (336) heap_init: Initializing. RAM available for dynamic allocation:[0m
[0;32mI (342) heap_init: At 3FCA4708 len 00045008 (276 KiB): RAM[0m
[0;32mI (347) heap_init: At 3FCE9710 len 00005724 (21 KiB): RAM[0m
[0;32mI (352) heap_init: At 3FCF0000 len 00008000 (32 KiB): DRAM[0m
[0;32mI (358) heap_init: At 600FE000 len 00001FE8 (7 KiB): RTCRAM[0m
[0;32mI (364) spi_flash: detected chip: generic[0m
[0;32mI (367) spi_flash: flash io: dio[0m
[1;31mE (370) spi_flash: Detected size(4096k) smaller than the size in the binary image header(16384k). Probe failed.[0m

assert failed: __esp_system_init_fn_init_flash startup_funcs.c:118 (flash_ret == ESP_OK)


Backtrace: 0x4037ccb5:0x3fceb130 0x4037cc7d:0x3fceb150 0x40385221:0x3fceb170 0x42002682:0x3fceb290 0x420030f6:0x3fceb2b0 0x42003141:0x3fceb2d0 0x420031ab:0x3fceb2f0 0x403756b5:0x3fceb310 0x403ccac4:0x3fceb340 0x403ccf09:0x3fceb380 0x403c898d:0x3fceb4b0 0x40045c01:0x3fceb570 0x40043ab6:0x3fceb6f0 0x40034c45:0x3fceb710




ELF file SHA256: caf9678c2

Rebooting...
ESP-ROM:esp32s3-20210327
Build:Mar 27 2021
rst:0xc (RTC_SW_CPU_RST),boot:0x8 (SPI_FAST_FLASH_BOOT)
Saved PC:0x4037ce04
SPIWP:0xee
mode:DIO, clock div:1
load:0x3fce2820,len:0x158c
load:0x403c8700,len:0xd24
load:0x403cb700,len:0x2f34
entry 0x403c8924
[0;32mI (29) boot: ESP-IDF v5.5.1 2nd stage bootloader[0m
[0;32mI (29) boot: compile time Mar  1 2026 11:12:01[0m
[0;32mI (29) boot: Multicore bootloader[0m
[0;32mI (29) boot: chip revision: v0.2[0m
[0;32mI (32) boot: efuse block revision: v1.3[0m
[0;32mI (36) boot.esp32s3: Boot SPI Speed : 80MHz[0m
[0;32mI (40) boot.esp32s3: SPI Mode       : DIO[0m
[0;32mI (43) boot.esp32s3: SPI Flash Size : 16MB[0m
[0;32mI (47) boot: Enabling RNG early entropy source...[0m
[0;32mI (52) boot: Partition Table:[0m
[0;32mI (54) boot: ## Label            Usage          Type ST Offset   Length[0m
[0;32mI (61) boot:  0 nvs              WiFi data        01 02 00009000 00006000[0m
[0;32mI (67) boot:  1 phy_init         RF data          01 01 0000f000 00001000[0m
[0;32mI (74) boot:  2 factory          factory app      00 00 00010000 00100000[0m
[0;32mI (80) boot: End of partition table[0m
[0;32mI (83) esp_image: segment 0: paddr=00010020 vaddr=3c0b0020 size=31200h (201216) map[0m
[0;32mI (126) esp_image: segment 1: paddr=00041228 vaddr=3fc9b600 size=04a24h ( 18980) load[0m
[0;32mI (130) esp_image: segment 2: paddr=00045c54 vaddr=40374000 size=0a3c4h ( 41924) load[0m
[0;32mI (140) esp_image: segment 3: paddr=00050020 vaddr=42000020 size=a9514h (693524) map[0m
[0;32mI (262) esp_image: segment 4: paddr=000f953c vaddr=4037e3c4 size=0d158h ( 53592) load[0m
[0;32mI (274) esp_image: segment 5: paddr=0010669c vaddr=50000000 size=00020h (    32) load[0m
[0;32mI (284) boot: Loaded app from partition at offset 0x10000[0m
[0;32mI (284) boot: Disabling RNG early entropy source...[0m
[0;32mI (294) cpu_start: Multicore app[0m
[0;32mI (303) cpu_start: Pro cpu start user code[0m
[0;32mI (303) cpu_start: cpu freq: 160000000 Hz[0m
[0;32mI (303) app_init: Application information:[0m
[0;32mI (303) app_init: Project name:     kiosk-connect[0m
[0;32mI (308) app_init: App version:      1[0m
[0;32mI (311) app_init: Compile time:     Mar  1 2026 11:11:53[0m
[0;32mI (316) app_init: ELF file SHA256:  caf9678c2...[0m
[0;32mI (320) app_init: ESP-IDF:          v5.5.1[0m
[0;32mI (324) efuse_init: Min chip rev:     v0.0[0m
[0;32mI (328) efuse_init: Max chip rev:     v0.99 [0m
[0;32mI (332) efuse_init: Chip rev:         v0.2[0m
[0;32mI (336) heap_init: Initializing. RAM available for dynamic allocation:[0m
[0;32mI (342) heap_init: At 3FCA4708 len 00045008 (276 KiB): RAM[0m
[0;32mI (347) heap_init: At 3FCE9710 len 00005724 (21 KiB): RAM[0m
[0;32mI (352) heap_init: At 3FCF0000 len 00008000 (32 KiB): DRAM[0m
[0;32mI (358) heap_init: At 600FE000 len 00001FE8 (7 KiB): RTCRAM[0m
[0;32mI (364) spi_flash: detected chip: generic[0m
[0;32mI (367) spi_flash: flash io: dio[0m
[1;31mE (370) spi_flash: Detected size(4096k) smaller than the size in the binary image header(16384k). Probe failed.[0m

assert failed: __esp_system_init_fn_init_flash startup_funcs.c:118 (flash_ret == ESP_OK)


Backtrace: 0x4037ccb5:0x3fceb130 0x4037cc7d:0x3fceb150 0x40385221:0x3fceb170 0x42002682:0x3fceb290 0x420030f6:0x3fceb2b0 0x42003141:0x3fceb2d0 0x420031ab:0x3fceb2f0 0x403756b5:0x3fceb310 0x403ccac4:0x3fceb340 0x403ccf09:0x3fceb380 0x403c898d:0x3fceb4b0 0x40045c01:0x3fceb570 0x40043ab6:0x3fceb6f0 0x40034c45:0x3fceb710




ELF file SHA256: caf9678c2

Rebooting...
ESP-ROM:esp32s3-20210327
Build:Mar 27 2021
rst:0xc (RTC_SW_CPU_RST),boot:0x8 (SPI_FAST_FLASH_BOOT)
Saved PC:0x4037ce04
SPIWP:0xee
mode:DIO, clock div:1
load:0x3fce2820,len:0x158c
load:0x403c8700,len:0xd24
load:0x403cb700,len:0x2f34
entry 0x403c8924
[0;32mI (29) boot: ESP-IDF v5.5.1 2nd stage bootloader[0m
[0;32mI (29) boot: compile time Mar  1 2026 11:12:01[0m
[0;32mI (29) boot: Multicore bootloader[0m
[0;32mI (29) boot: chip revision: v0.2[0m
[0;32mI (32) boot: efuse block revision: v1.3[0m
[0;32mI (36) boot.esp32s3: Boot SPI Speed : 80MHz[0m
[0;32mI (40) boot.esp32s3: SPI Mode       : DIO[0m
[0;32mI (43) boot.esp32s3: SPI Flash Size : 16MB[0m
[0;32mI (47) boot: Enabling RNG early entropy source...[0m
[0;32mI (52) boot: Partition Table:[0m
[0;32mI (54) boot: ## Label            Usage          Type ST Offset   Length[0m
[0;32mI (61) boot:  0 nvs              WiFi data        01 02 00009000 00006000[0m
[0;32mI (67) boot:  1 phy_init         RF data          01 01 0000f000 00001000[0m
[0;32mI (74) boot:  2 factory          factory app      00 00 00010000 00100000[0m
[0;32mI (80) boot: End of partition table[0m
[0;32mI (83) esp_image: segment 0: paddr=00010020 vaddr=3c0b0020 size=31200h (201216) map[0m
[0;32mI (126) esp_image: segment 1: paddr=00041228 vaddr=3fc9b600 size=04a24h ( 18980) load[0m
[0;32mI (130) esp_image: segment 2: paddr=00045c54 vaddr=40374000 size=0a3c4h ( 41924) load[0m
[0;32mI (140) esp_image: segment 3: paddr=00050020 vaddr=42000020 size=a9514h (693524) map[0m
[0;32mI (262) esp_image: segment 4: paddr=000f953c vaddr=4037e3c4 size=0d158h ( 53592) load[0m
[0;32mI (274) esp_image: segment 5: paddr=0010669c vaddr=50000000 size=00020h (    32) load[0m
[0;32mI (284) boot: Loaded app from partition at offset 0x10000[0m
[0;32mI (284) boot: Disabling RNG early entropy source...[0m
[0;32mI (294) cpu_start: Multicore app[0m
[0;32mI (303) cpu_start: Pro cpu start user code[0m
[0;32mI (303) cpu_start: cpu freq: 160000000 Hz[0m
[0;32mI (303) app_init: Application information:[0m
[0;32mI (303) app_init: Project name:     kiosk-connect[0m
[0;32mI (308) app_init: App version:      1[0m
[0;32mI (311) app_init: Compile time:     Mar  1 2026 11:11:53[0m
[0;32mI (316) app_init: ELF file SHA256:  caf9678c2...[0m
[0;32mI (320) app_init: ESP-IDF:          v5.5.1[0m
[0;32mI (324) efuse_init: Min chip rev:     v0.0[0m
[0;32mI (328) efuse_init: Max chip rev:     v0.99 [0m
[0;32mI (332) efuse_init: Chip rev:         v0.2[0m
[0;32mI (336) heap_init: Initializing. RAM available for dynamic allocation:[0m
[0;32mI (342) heap_init: At 3FCA4708 len 00045008 (276 KiB): RAM[0m
[0;32mI (347) heap_init: At 3FCE9710 len 00005724 (21 KiB): RAM[0m
[0;32mI (352) heap_init: At 3FCF0000 len 00008000 (32 KiB): DRAM[0m
[0;32mI (358) heap_init: At 600FE000 len 00001FE8 (7 KiB): RTCRAM[0m
[0;32mI (364) spi_flash: detected chip: generic[0m
[0;32mI (367) spi_flash: flash io: dio[0m
[1;31mE (370) spi_flash: Detected size(4096k) smaller than the size in the binary image header(16384k). Probe failed.[0m

assert failed: __esp_system_init_fn_init_flash startup_funcs.c:118 (flash_ret == ESP_OK)


Backtrace: 0x4037ccb5:0x3fceb130 0x4037cc7d:0x3fceb150 0x40385221:0x3fceb170 0x42002682:0x3fceb290 0x420030f6:0x3fceb2b0 0x42003141:0x3fceb2d0 0x420031ab:0x3fceb2f0 0x403756b5:0x3fceb310 0x403ccac4:0x3fceb340 0x403ccf09:0x3fceb380 0x403c898d:0x3fceb4b0 0x40045c01:0x3fceb570 0x40043ab6:0x3fceb6f0 0x40034c45:0x3fceb710




ELF file SHA256: caf9678c2

Rebooting...
ESP-ROM:esp32s3-20210327
Build:Mar 27 2021
rst:0xc (RTC_SW_CPU_RST),boot:0x8 (SPI_FAST_FLASH_BOOT)
Saved PC:0x4037ce04
SPIWP:0xee
mode:DIO, clock div:1
load:0x3fce2820,len:0x158c
load:0x403c8700,len:0xd24
load:0x403cb700,len:0x2f34
entry 0x403c8924
[0;32mI (29) boot: ESP-IDF v5.5.1 2nd stage bootloader[0m
[0;32mI (29) boot: compile time Mar  1 2026 11:12:01[0m
[0;32mI (29) boot: Multicore bootloader[0m
[0;32mI (29) boot: chip revision: v0.2[0m
[0;32mI (32) boot: efuse block revision: v1.3[0m
[0;32mI (36) boot.esp32s3: Boot SPI Speed : 80MHz[0m
[0;32mI (40) boot.esp32s3: SPI Mode       : DIO[0m
[0;32mI (43) boot.esp32s3: SPI Flash Size : 16MB[0m
[0;32mI (47) boot: Enabling RNG early entropy source...[0m
[0;32mI (52) boot: Partition Table:[0m
[0;32mI (54) boot: ## Label            Usage          Type ST Offset   Length[0m
[0;32mI (61) boot:  0 nvs              WiFi data        01 02 00009000 00006000[0m
[0;32mI (67) boot:  1 phy_init         RF data          01 01 0000f000 00001000[0m
[0;32mI (74) boot:  2 factory          factory app      00 00 00010000 00100000[0m
[0;32mI (80) boot: End of partition table[0m
[0;32mI (83) esp_image: segment 0: paddr=00010020 vaddr=3c0b0020 size=31200h (201216) map[0m
[0;32mI (126) esp_image: segment 1: paddr=00041228 vaddr=3fc9b600 size=04a24h ( 18980) load[0m
[0;32mI (130) esp_image: segment 2: paddr=00045c54 vaddr=40374000 size=0a3c4h ( 41924) load[0m
[0;32mI (140) esp_image: segment 3: paddr=00050020 vaddr=42000020 size=a9514h (693524) map[0m
[0;32mI (262) esp_image: segment 4: paddr=000f953c vaddr=4037e3c4 size=0d158h ( 53592) load[0m
[0;32mI (274) esp_image: segment 5: paddr=0010669c vaddr=50000000 size=00020h (    32) load[0m
[0;32mI (284) boot: Loaded app from partition at offset 0x10000[0m
[0;32mI (284) boot: Disabling RNG early entropy source...[0m
[0;32mI (294) cpu_start: Multicore app[0m
[0;32mI (303) cpu_start: Pro cpu start user code[0m
[0;32mI (303) cpu_start: cpu freq: 160000000 Hz[0m
[0;32mI (303) app_init: Application information:[0m
[0;32mI (303) app_init: Project name:     kiosk-connect[0m
[0;32mI (308) app_init: App version:      1[0m
[0;32mI (311) app_init: Compile time:     Mar  1 2026 11:11:53[0m
[0;32mI (316) app_init: ELF file SHA256:  caf9678c2...[0m
[0;32mI (320) app_init: ESP-IDF:          v5.5.1[0m
[0;32mI (324) efuse_init: Min chip rev:     v0.0[0m
[0;32mI (328) efuse_init: Max chip rev:     v0.99 [0m
[0;32mI (332) efuse_init: Chip rev:         v0.2[0m
[0;32mI (336) heap_init: Initializing. RAM available for dynamic allocation:[0m
[0;32mI (342) heap_init: At 3FCA4708 len 00045008 (276 KiB): RAM[0m
[0;32mI (347) heap_init: At 3FCE9710 len 00005724 (21 KiB): RAM[0m
[0;32mI (352) heap_init: At 3FCF0000 len 00008000 (32 KiB): DRAM[0m
[0;32mI (358) heap_init: At 600FE000 len 00001FE8 (7 KiB): RTCRAM[0m
[0;32mI (364) spi_flash: detected chip: generic[0m
[0;32mI (367) spi_flash: flash io: dio[0m
[1;31mE (370) spi_flash: Detected size(4096k) smaller than the size in the binary image header(16384k). Probe failed.[0m

assert failed: __esp_system_init_fn_init_flash startup_funcs.c:118 (flash_ret == ESP_OK)


Backtrace: 0x4037ccb5:0x3fceb130 0x4037cc7d:0x3fceb150 0x40385221:0x3fceb170 0x42002682:0x3fceb290 0x420030f6:0x3fceb2b0 0x42003141:0x3fceb2d0 0x420031ab:0x3fceb2f0 0x403756b5:0x3fceb310 0x403ccac4:0x3fceb340 0x403ccf09:0x3fceb380 0x403c898d:0x3fceb4b0 0x40045c01:0x3fceb570 0x40043ab6:0x3fceb6f0 0x40034c45:0x3fceb710




ELF file SHA256: caf9678c2

Rebooting...
ESP-ROM:esp32s3-20210327
Build:Mar 27 2021
rst:0xc (RTC_SW_CPU_RST),boot:0x8 (SPI_FAST_FLASH_BOOT)
Saved PC:0x4037ce04
SPIWP:0xee
mode:DIO, clock div:1
load:0x3fce2820,len:0x158c
load:0x403c8700,len:0xd24
load:0x403cb700,len:0x2f34
entry 0x403c8924
[0;32mI (29) boot: ESP-IDF v5.5.1 2nd stage bootloader[0m
[0;32mI (29) boot: compile time Mar  1 2026 11:12:01[0m
[0;32mI (29) boot: Multicore bootloader[0m
[0;32mI (29) boot: chip revision: v0.2[0m
[0;32mI (32) boot: efuse block revision: v1.3[0m
[0;32mI (36) boot.esp32s3: Boot SPI Speed : 80MHz[0m
[0;32mI (40) boot.esp32s3: SPI Mode       : DIO[0m
[0;32mI (43) boot.esp32s3: SPI Flash Size : 16MB[0m
[0;32mI (47) boot: Enabling RNG early entropy source...[0m
[0;32mI (52) boot: Partition Table:[0m
[0;32mI (54) boot: ## Label            Usage          Type ST Offset   Length[0m
[0;32mI (61) boot:  0 nvs              WiFi data        01 02 00009000 00006000[0m
[0;32mI (67) boot:  1 phy_init         RF data          01 01 0000f000 00001000[0m
[0;32mI (74) boot:  2 factory          factory app      00 00 00010000 00100000[0m
[0;32mI (80) boot: End of partition table[0m
[0;32mI (83) esp_image: segment 0: paddr=00010020 vaddr=3c0b0020 size=31200h (201216) map[0m
[0;32mI (126) esp_image: segment 1: paddr=00041228 vaddr=3fc9b600 size=04a24h ( 18980) load[0m
[0;32mI (130) esp_image: segment 2: paddr=00045c54 vaddr=40374000 size=0a3c4h ( 41924) load[0m
[0;32mI (140) esp_image: segment 3: paddr=00050020 vaddr=42000020 size=a9514h (693524) map[0m
[0;32mI (262) esp_image: segment 4: paddr=000f953c vaddr=4037e3c4 size=0d158h ( 53592) load[0m
[0;32mI (274) esp_image: segment 5: paddr=0010669c vaddr=50000000 size=00020h (    32) load[0m
[0;32mI (284) boot: Loaded app from partition at offset 0x10000[0m
[0;32mI (284) boot: Disabling RNG early entropy source...[0m
[0;32mI (294) cpu_start: Multicore app[0m
[0;32mI (303) cpu_start: Pro cpu start user code[0m
[0;32mI (303) cpu_start: cpu freq: 160000000 Hz[0m
[0;32mI (303) app_init: Application information:[0m
[0;32mI (303) app_init: Project name:     kiosk-connect[0m
[0;32mI (308) app_init: App version:      1[0m
[0;32mI (311) app_init: Compile time:     Mar  1 2026 11:11:53[0m
[0;32mI (316) app_init: ELF file SHA256:  caf9678c2...[0m
[0;32mI (320) app_init: ESP-IDF:          v5.5.1[0m
[0;32mI (324) efuse_init: Min chip rev:     v0.0[0m
[0;32mI (328) efuse_init: Max chip rev:     v0.99 [0m
[0;32mI (332) efuse_init: Chip rev:         v0.2[0m
[0;32mI (336) heap_init: Initializing. RAM available for dynamic allocation:[0m
[0;32mI (342) heap_init: At 3FCA4708 len 00045008 (276 KiB): RAM[0m
[0;32mI (347) heap_init: At 3FCE9710 len 00005724 (21 KiB): RAM[0m
[0;32mI (352) heap_init: At 3FCF0000 len 00008000 (32 KiB): DRAM[0m
[0;32mI (358) heap_init: At 600FE000 len 00001FE8 (7 KiB): RTCRAM[0m
[0;32mI (364) spi_flash: detected chip: generic[0m
[0;32mI (367) spi_flash: flash io: dio[0m
[1;31mE (370) spi_flash: Detected size(4096k) smaller than the size in the binary image header(16384k). Probe failed.[0m

assert failed: __esp_system_init_fn_init_flash startup_funcs.c:118 (flash_ret == ESP_OK)


Backtrace: 0x4037ccb5:0x3fceb130 0x4037cc7d:0x3fceb150 0x40385221:0x3fceb170 0x42002682:0x3fceb290 0x420030f6:0x3fceb2b0 0x42003141:0x3fceb2d0 0x420031ab:0x3fceb2f0 0x403756b5:0x3fceb310 0x403ccac4:0x3fceb340 0x403ccf09:0x3fceb380 0x403c898d:0x3fceb4b0 0x40045c01:0x3fceb570 0x40043ab6:0x3fceb6f0 0x40034c45:0x3fceb710




ELF file SHA256: caf9678c2

Rebooting...
ESP-ROM:esp32s3-20210327
Build:Mar 27 2021
rst:0xc (RTC_SW_CPU_RST),boot:0x8 (SPI_FAST_FLASH_BOOT)
Saved PC:0x4037ce04
SPIWP:0xee
mode:DIO, clock div:1
load:0x3fce2820,len:0x158c
load:0x403c8700,len:0xd24
load:0x403cb700,len:0x2f34
entry 0x403c8924
[0;32mI (29) boot: ESP-IDF v5.5.1 2nd stage bootloader[0m
[0;32mI (29) boot: compile time Mar  1 2026 11:12:01[0m
[0;32mI (29) boot: Multicore bootloader[0m
[0;32mI (29) boot: chip revision: v0.2[0m
[0;32mI (32) boot: efuse block revision: v1.3[0m
[0;32mI (36) boot.esp32s3: Boot SPI Speed : 80MHz[0m
[0;32mI (40) boot.esp32s3: SPI Mode       : DIO[0m
[0;32mI (43) boot.esp32s3: SPI Flash Size : 16MB[0m
[0;32mI (47) boot: Enabling RNG early entropy source...[0m
[0;32mI (52) boot: Partition Table:[0m
[0;32mI (54) boot: ## Label            Usage          Type ST Offset   Length[0m
[0;32mI (61) boot:  0 nvs              WiFi data        01 02 00009000 00006000[0m
[0;32mI (67) boot:  1 phy_init         RF data          01 01 0000f000 00001000[0m
[0;32mI (74) boot:  2 factory          factory app      00 00 00010000 00100000[0m
[0;32mI (80) boot: End of partition table[0m
[0;32mI (83) esp_image: segment 0: paddr=00010020 vaddr=3c0b0020 size=31200h (201216) map[0m
[0;32mI (126) esp_image: segment 1: paddr=00041228 vaddr=3fc9b600 size=04a24h ( 18980) load[0m
[0;32mI (130) esp_image: segment 2: paddr=00045c54 vaddr=40374000 size=0a3c4h ( 41924) load[0m
[0;32mI (140) esp_image: segment 3: paddr=00050020 vaddr=42000020 size=a9514h (693524) map[0m
[0;32mI (262) esp_image: segment 4: paddr=000f953c vaddr=4037e3c4 size=0d158h ( 53592) load[0m
[0;32mI (274) esp_image: segment 5: paddr=0010669c vaddr=50000000 size=00020h (    32) load[0m
[0;32mI (284) boot: Loaded app from partition at offset 0x10000[0m
[0;32mI (284) boot: Disabling RNG early entropy source...[0m
[0;32mI (294) cpu_start: Multicore app[0m
[0;32mI (303) cpu_start: Pro cpu start user code[0m
[0;32mI (303) cpu_start: cpu freq: 160000000 Hz[0m
[0;32mI (303) app_init: Application information:[0m
[0;32mI (303) app_init: Project name:     kiosk-connect[0m
[0;32mI (308) app_init: App version:      1[0m
[0;32mI (311) app_init: Compile time:     Mar  1 2026 11:11:53[0m
[0;32mI (316) app_init: ELF file SHA256:  caf9678c2...[0m
[0;32mI (320) app_init: ESP-IDF:          v5.5.1[0m
[0;32mI (324) efuse_init: Min chip rev:     v0.0[0m
[0;32mI (328) efuse_init: Max chip rev:     v0.99 [0m
[0;32mI (332) efuse_init: Chip rev:         v0.2[0m
[0;32mI (336) heap_init: Initializing. RAM available for dynamic allocation:[0m
[0;32mI (342) heap_init: At 3FCA4708 len 00045008 (276 KiB): RAM[0m
[0;32mI (347) heap_init: At 3FCE9710 len 00005724 (21 KiB): RAM[0m
[0;32mI (352) heap_init: At 3FCF0000 len 00008000 (32 KiB): DRAM[0m
[0;32mI (358) heap_init: At 600FE000 len 00001FE8 (7 KiB): RTCRAM[0m
[0;32mI (364) spi_flash: detected chip: generic[0m
[0;32mI (367) spi_flash: flash io: dio[0m
[1;31mE (370) spi_flash: Detected size(4096k) smaller than the size in the binary image header(16384k). Probe failed.[0m

assert failed: __esp_system_init_fn_init_flash startup_funcs.c:118 (flash_ret == ESP_OK)


Backtrace: 0x4037ccb5:0x3fceb130 0x4037cc7d:0x3fceb150 0x40385221:0x3fceb170 0x42002682:0x3fceb290 0x420030f6:0x3fceb2b0 0x42003141:0x3fceb2d0 0x420031ab:0x3fceb2f0 0x403756b5:0x3fceb310 0x403ccac4:0x3fceb340 0x403ccf09:0x3fceb380 0x403c898d:0x3fceb4b0 0x40045c01:0x3fceb570 0x40043ab6:0x3fceb6f0 0x40034c45:0x3fceb710




ELF file SHA256: caf9678c2

Rebooting...
ESP-ROM:esp32s3-20210327
Build:Mar 27 2021
rst:0xc (RTC_SW_CPU_RST),boot:0x8 (SPI_FAST_FLASH_BOOT)
Saved PC:0x4037ce04
SPIWP:0xee
mode:DIO, clock div:1
load:0x3fce2820,len:0x158c
load:0x403c8700,len:0xd24
load:0x403cb700,len:0x2f34
entry 0x403c8924
[0;32mI (29) boot: ESP-IDF v5.5.1 2nd stage bootloader[0m
[0;32mI (29) boot: compile time Mar  1 2026 11:12:01[0m
[0;32mI (29) boot: Multicore bootloader[0m
[0;32mI (29) boot: chip revision: v0.2[0m
[0;32mI (32) boot: efuse block revision: v1.3[0m
[0;32mI (36) boot.esp32s3: Boot SPI Speed : 80MHz[0m
[0;32mI (40) boot.esp32s3: SPI Mode       : DIO[0m
[0;32mI (43) boot.esp32s3: SPI Flash Size : 16MB[0m
[0;32mI (47) boot: Enabling RNG early entropy source...[0m
[0;32mI (52) boot: Partition Table:[0m
[0;32mI (54) boot: ## Label            Usage          Type ST Offset   Length[0m
[0;32mI (61) boot:  0 nvs              WiFi data        01 02 00009000 00006000[0m
[0;32mI (67) boot:  1 phy_init         RF data          01 01 0000f000 00001000[0m
[0;32mI (74) boot:  2 factory          factory app      00 00 00010000 00100000[0m
[0;32mI (80) boot: End of partition table[0m
[0;32mI (83) esp_image: segment 0: paddr=00010020 vaddr=3c0b0020 size=31200h (201216) map[0m
[0;32mI (126) esp_image: segment 1: paddr=00041228 vaddr=3fc9b600 size=04a24h ( 18980) load[0m
[0;32mI (130) esp_image: segment 2: paddr=00045c54 vaddr=40374000 size=0a3c4h ( 41924) load[0m
[0;32mI (140) esp_image: segment 3: paddr=00050020 vaddr=42000020 size=a9514h (693524) map[0m
[0;32mI (262) esp_image: segment 4: paddr=000f953c vaddr=4037e3c4 size=0d158h ( 53592) load[0m
[0;32mI (274) esp_image: segment 5: paddr=0010669c vaddr=50000000 size=00020h (    32) load[0m
[0;32mI (284) boot: Loaded app from partition at offset 0x10000[0m
[0;32mI (284) boot: Disabling RNG early entropy source...[0m
[0;32mI (294) cpu_start: Multicore app[0m
[0;32mI (303) cpu_start: Pro cpu start user code[0m
[0;32mI (303) cpu_start: cpu freq: 160000000 Hz[0m
[0;32mI (303) app_init: Application information:[0m
[0;32mI (303) app_init: Project name:     kiosk-connect[0m
[0;32mI (308) app_init: App version:      1[0m
[0;32mI (311) app_init: Compile time:     Mar  1 2026 11:11:53[0m
[0;32mI (316) app_init: ELF file SHA256:  caf9678c2...[0m
[0;32mI (320) app_init: ESP-IDF:          v5.5.1[0m
[0;32mI (324) efuse_init: Min chip rev:     v0.0[0m
[0;32mI (328) efuse_init: Max chip rev:     v0.99 [0m
[0;32mI (332) efuse_init: Chip rev:         v0.2[0m
[0;32mI (336) heap_init: Initializing. RAM available for dynamic allocation:[0m
[0;32mI (342) heap_init: At 3FCA4708 len 00045008 (276 KiB): RAM[0m
[0;32mI (347) heap_init: At 3FCE9710 len 00005724 (21 KiB): RAM[0m
[0;32mI (352) heap_init: At 3FCF0000 len 00008000 (32 KiB): DRAM[0m
[0;32mI (358) heap_init: At 600FE000 len 00001FE8 (7 KiB): RTCRAM[0m
[0;32mI (364) spi_flash: detected chip: generic[0m
[0;32mI (367) spi_flash: flash io: dio[0m
[1;31mE (370) spi_flash: Detected size(4096k) smaller than the size in the binary image header(16384k). Probe failed.[0m

assert failed: __esp_system_init_fn_init_flash startup_funcs.c:118 (flash_ret == ESP_OK)


Backtrace: 0x4037ccb5:0x3fceb130 0x4037cc7d:0x3fceb150 0x40385221:0x3fceb170 0x42002682:0x3fceb290 0x420030f6:0x3fceb2b0 0x42003141:0x3fceb2d0 0x420031ab:0x3fceb2f0 0x403756b5:0x3fceb310 0x403ccac4:0x3fceb340 0x403ccf09:0x3fceb380 0x403c898d:0x3fceb4b0 0x40045c01:0x3fceb570 0x40043ab6:0x3fceb6f0 0x40034c45:0x3fceb710




ELF file SHA256: caf9678c2

Rebooting...
ESP-ROM:esp32s3-20210327
Build:Mar 27 2021
rst:0xc (RTC_SW_CPU_RST),boot:0x8 (SPI_FAST_FLASH_BOOT)
Saved PC:0x4037ce04
SPIWP:0xee
mode:DIO, clock div:1
load:0x3fce2820,len:0x158c
load:0x403c8700,len:0xd24
load:0x403cb700,len:0x2f34
entry 0x403c8924
[0;32mI (29) boot: ESP-IDF v5.5.1 2nd stage bootloader[0m
[0;32mI (29) boot: compile time Mar  1 2026 11:12:01[0m
[0;32mI (29) boot: Multicore bootloader[0m
[0;32mI (29) boot: chip revision: v0.2[0m
[0;32mI (32) boot: efuse block revision: v1.3[0m
[0;32mI (36) boot.esp32s3: Boot SPI Speed : 80MHz[0m
[0;32mI (40) boot.esp32s3: SPI Mode       : DIO[0m
[0;32mI (43) boot.esp32s3: SPI Flash Size : 16MB[0m
[0;32mI (47) boot: Enabling RNG early entropy source...[0m
[0;32mI (52) boot: Partition Table:[0m
[0;32mI (54) boot: ## Label            Usage          Type ST Offset   Length[0m
[0;32mI (61) boot:  0 nvs              WiFi data        01 02 00009000 00006000[0m
[0;32mI (67) boot:  1 phy_init         RF data          01 01 0000f000 00001000[0m
[0;32mI (74) boot:  2 factory          factory app      00 00 00010000 00100000[0m
[0;32mI (80) boot: End of partition table[0m
[0;32mI (83) esp_image: segment 0: paddr=00010020 vaddr=3c0b0020 size=31200h (201216) map[0m
[0;32mI (126) esp_image: segment 1: paddr=00041228 vaddr=3fc9b600 size=04a24h ( 18980) load[0m
[0;32mI (130) esp_image: segment 2: paddr=00045c54 vaddr=40374000 size=0a3c4h ( 41924) load[0m
[0;32mI (140) esp_image: segment 3: paddr=00050020 vaddr=42000020 size=a9514h (693524) map[0m
[0;32mI (262) esp_image: segment 4: paddr=000f953c vaddr=4037e3c4 size=0d158h ( 53592) load[0m
[0;32mI (274) esp_image: segment 5: paddr=0010669c vaddr=50000000 size=00020h (    32) load[0m
[0;32mI (284) boot: Loaded app from partition at offset 0x10000[0m
[0;32mI (284) boot: Disabling RNG early entropy source...[0m
[0;32mI (294) cpu_start: Multicore app[0m
[0;32mI (303) cpu_start: Pro cpu start user code[0m
[0;32mI (303) cpu_start: cpu freq: 160000000 Hz[0m
[0;32mI (303) app_init: Application information:[0m
[0;32mI (303) app_init: Project name:     kiosk-connect[0m
[0;32mI (308) app_init: App version:      1[0m
[0;32mI (311) app_init: Compile time:     Mar  1 2026 11:11:53[0m
[0;32mI (316) app_init: ELF file SHA256:  caf9678c2...[0m
[0;32mI (320) app_init: ESP-IDF:          v5.5.1[0m
[0;32mI (324) efuse_init: Min chip rev:     v0.0[0m
[0;32mI (328) efuse_init: Max chip rev:     v0.99 [0m
[0;32mI (332) efuse_init: Chip rev:         v0.2[0m
[0;32mI (336) heap_init: Initializing. RAM available for dynamic allocation:[0m
[0;32mI (342) heap_init: At 3FCA4708 len 00045008 (276 KiB): RAM[0m
[0;32mI (347) heap_init: At 3FCE9710 len 00005724 (21 KiB): RAM[0m
[0;32mI (352) heap_init: At 3FCF0000 len 00008000 (32 KiB): DRAM[0m
[0;32mI (358) heap_init: At 600FE000 len 00001FE8 (7 KiB): RTCRAM[0m
[0;32mI (364) spi_flash: detected chip: generic[0m
[0;32mI (367) spi_flash: flash io: dio[0m
[1;31mE (370) spi_flash: Detected size(4096k) smaller than the size in the binary image header(16384k). Probe failed.[0m

assert failed: __esp_system_init_fn_init_flash startup_funcs.c:118 (flash_ret == ESP_OK)


Backtrace: 0x4037ccb5:0x3fceb130 0x4037cc7d:0x3fceb150 0x40385221:0x3fceb170 0x42002682:0x3fceb290 0x420030f6:0x3fceb2b0 0x42003141:0x3fceb2d0 0x420031ab:0x3fceb2f0 0x403756b5:0x3fceb310 0x403ccac4:0x3fceb340 0x403ccf09:0x3fceb380 0x403c898d:0x3fceb4b0 0x40045c01:0x3fceb570 0x40043ab6:0x3fceb6f0 0x40034c45:0x3fceb710




ELF file SHA256: caf9678c2

Rebooting...
ESP-ROM:esp32s3-20210327
Build:Mar 27 2021
rst:0xc (RTC_SW_CPU_RST),boot:0x8 (SPI_FAST_FLASH_BOOT)
Saved PC:0x4037ce04
SPIWP:0xee
mode:DIO, clock div:1
load:0x3fce2820,len:0x158c
load:0x403c8700,len:0xd24
load:0x403cb700,len:0x2f34
entry 0x403c8924
[0;32mI (29) boot: ESP-IDF v5.5.1 2nd stage bootloader[0m
[0;32mI (29) boot: compile time Mar  1 2026 11:12:01[0m
[0;32mI (29) boot: Multicore bootloader[0m
[0;32mI (29) boot: chip revision: v0.2[0m
[0;32mI (32) boot: efuse block revision: v1.3[0m
[0;32mI (36) boot.esp32s3: Boot SPI Speed : 80MHz[0m
[0;32mI (40) boot.esp32s3: SPI Mode       : DIO[0m
[0;32mI (43) boot.esp32s3: SPI Flash Size : 16MB[0m
[0;32mI (47) boot: Enabling RNG early entropy source...[0m
[0;32mI (52) boot: Partition Table:[0m
[0;32mI (54) boot: ## Label            Usage          Type ST Offset   Length[0m
[0;32mI (61) boot:  0 nvs              WiFi data        01 02 00009000 00006000[0m
[0;32mI (67) boot:  1 phy_init         RF data          01 01 0000f000 00001000[0m
[0;32mI (74) boot:  2 factory          factory app      00 00 00010000 00100000[0m
[0;32mI (80) boot: End of partition table[0m
[0;32mI (83) esp_image: segment 0: paddr=00010020 vaddr=3c0b0020 size=31200h (201216) map[0m
[0;32mI (126) esp_image: segment 1: paddr=00041228 vaddr=3fc9b600 size=04a24h ( 18980) load[0m
[0;32mI (130) esp_image: segment 2: paddr=00045c54 vaddr=40374000 size=0a3c4h ( 41924) load[0m
[0;32mI (140) esp_image: segment 3: paddr=00050020 vaddr=42000020 size=a9514h (693524) map[0m
[0;32mI (262) esp_image: segment 4: paddr=000f953c vaddr=4037e3c4 size=0d158h ( 53592) load[0m
[0;32mI (274) esp_image: segment 5: paddr=0010669c vaddr=50000000 size=00020h (    32) load[0m
[0;32mI (284) boot: Loaded app from partition at offset 0x10000[0m
[0;32mI (284) boot: Disabling RNG early entropy source...[0m
[0;32mI (294) cpu_start: Multicore app[0m
[0;32mI (303) cpu_start: Pro cpu start user code[0m
[0;32mI (303) cpu_start: cpu freq: 160000000 Hz[0m
[0;32mI (303) app_init: Application information:[0m
[0;32mI (303) app_init: Project name:     kiosk-connect[0m
[0;32mI (308) app_init: App version:      1[0m
[0;32mI (311) app_init: Compile time:     Mar  1 2026 11:11:53[0m
[0;32mI (316) app_init: ELF file SHA256:  caf9678c2...[0m
[0;32mI (320) app_init: ESP-IDF:          v5.5.1[0m
[0;32mI (324) efuse_init: Min chip rev:     v0.0[0m
[0;32mI (328) efuse_init: Max chip rev:     v0.99 [0m
[0;32mI (332) efuse_init: Chip rev:         v0.2[0m
[0;32mI (336) heap_init: Initializing. RAM available for dynamic allocation:[0m
[0;32mI (342) heap_init: At 3FCA4708 len 00045008 (276 KiB): RAM[0m
[0;32mI (347) heap_init: At 3FCE9710 len 00005724 (21 KiB): RAM[0m
[0;32mI (352) heap_init: At 3FCF0000 len 00008000 (32 KiB): DRAM[0m
[0;32mI (358) heap_init: At 600FE000 len 00001FE8 (7 KiB): RTCRAM[0m
[0;32mI (364) spi_flash: detected chip: generic[0m
[0;32mI (367) spi_flash: flash io: dio[0m
[1;31mE (370) spi_flash: Detected size(4096k) smaller than the size in the binary image header(16384k). Probe failed.[0m

assert failed: __esp_system_init_fn_init_flash startup_funcs.c:118 (flash_ret == ESP_OK)


Backtrace: 0x4037ccb5:0x3fceb130 0x4037cc7d:0x3fceb150 0x40385221:0x3fceb170 0x42002682:0x3fceb290 0x420030f6:0x3fceb2b0 0x42003141:0x3fceb2d0 0x420031ab:0x3fceb2f0 0x403756b5:0x3fceb310 0x403ccac4:0x3fceb340 0x403ccf09:0x3fceb380 0x403c898d:0x3fceb4b0 0x40045c01:0x3fceb570 0x40043ab6:0x3fceb6f0 0x40034c45:0x3fceb710




ELF file SHA256: caf9678c2

Rebooting...
ESP-ROM:esp32s3-20210327
Build:Mar 27 2021
rst:0xc (RTC_SW_CPU_RST),boot:0x8 (SPI_FAST_FLASH_BOOT)
Saved PC:0x4037ce04
SPIWP:0xee
mode:DIO, clock div:1
load:0x3fce2820,len:0x158c
load:0x403c8700,len:0xd24
load:0x403cb700,len:0x2f34
entry 0x403c8924
[0;32mI (29) boot: ESP-IDF v5.5.1 2nd stage bootloader[0m
[0;32mI (29) boot: compile time Mar  1 2026 11:12:01[0m
[0;32mI (29) boot: Multicore bootloader[0m
[0;32mI (29) boot: chip revision: v0.2[0m
[0;32mI (32) boot: efuse block revision: v1.3[0m
[0;32mI (36) boot.esp32s3: Boot SPI Speed : 80MHz[0m
[0;32mI (40) boot.esp32s3: SPI Mode       : DIO[0m
[0;32mI (43) boot.esp32s3: SPI Flash Size : 16MB[0m
[0;32mI (47) boot: Enabling RNG early entropy source...[0m
[0;32mI (52) boot: Partition Table:[0m
[0;32mI (54) boot: ## Label            Usage          Type ST Offset   Length[0m
[0;32mI (61) boot:  0 nvs              WiFi data        01 02 00009000 00006000[0m
[0;32mI (67) boot:  1 phy_init         RF data          01 01 0000f000 00001000[0m
[0;32mI (74) boot:  2 factory          factory app      00 00 00010000 00100000[0m
[0;32mI (80) boot: End of partition table[0m
[0;32mI (83) esp_image: segment 0: paddr=00010020 vaddr=3c0b0020 size=31200h (201216) map[0m
[0;32mI (126) esp_image: segment 1: paddr=00041228 vaddr=3fc9b600 size=04a24h ( 18980) load[0m
[0;32mI (130) esp_image: segment 2: paddr=00045c54 vaddr=40374000 size=0a3c4h ( 41924) load[0m
[0;32mI (140) esp_image: segment 3: paddr=00050020 vaddr=42000020 size=a9514h (693524) map[0m
[0;32mI (262) esp_image: segment 4: paddr=000f953c vaddr=4037e3c4 size=0d158h ( 53592) load[0m
[0;32mI (274) esp_image: segment 5: paddr=0010669c vaddr=50000000 size=00020h (    32) load[0m
[0;32mI (284) boot: Loaded app from partition at offset 0x10000[0m
[0;32mI (284) boot: Disabling RNG early entropy source...[0m
[0;32mI (294) cpu_start: Multicore app[0m
[0;32mI (303) cpu_start: Pro cpu start user code[0m
[0;32mI (303) cpu_start: cpu freq: 160000000 Hz[0m
[0;32mI (303) app_init: Application information:[0m
[0;32mI (303) app_init: Project name:     kiosk-connect[0m
[0;32mI (308) app_init: App version:      1[0m
[0;32mI (311) app_init: Compile time:     Mar  1 2026 11:11:53[0m
[0;32mI (316) app_init: ELF file SHA256:  caf9678c2...[0m
[0;32mI (320) app_init: ESP-IDF:          v5.5.1[0m
[0;32mI (324) efuse_init: Min chip rev:     v0.0[0m
[0;32mI (328) efuse_init: Max chip rev:     v0.99 [0m
[0;32mI (332) efuse_init: Chip rev:         v0.2[0m
[0;32mI (336) heap_init: Initializing. RAM available for dynamic allocation:[0m
[0;32mI (342) heap_init: At 3FCA4708 len 00045008 (276 KiB): RAM[0m
[0;32mI (347) heap_init: At 3FCE9710 len 00005724 (21 KiB): RAM[0m
[0;32mI (352) heap_init: At 3FCF0000 len 00008000 (32 KiB): DRAM[0m
[0;32mI (358) heap_init: At 600FE000 len 00001FE8 (7 KiB): RTCRAM[0m
[0;32mI (364) spi_flash: detected chip: generic[0m
[0;32mI (367) spi_flash: flash io: dio[0m
[1;31mE (370) spi_flash: Detected size(4096k) smaller than the size in the binary image header(16384k). Probe failed.[0m

assert failed: __esp_system_init_fn_init_flash startup_funcs.c:118 (flash_ret == ESP_OK)


Backtrace: 0x4037ccb5:0x3fceb130 0x4037cc7d:0x3fceb150 0x40385221:0x3fceb170 0x42002682:0x3fceb290 0x420030f6:0x3fceb2b0 0x42003141:0x3fceb2d0 0x420031ab:0x3fceb2f0 0x403756b5:0x3fceb310 0x403ccac4:0x3fceb340 0x403ccf09:0x3fceb380 0x403c898d:0x3fceb4b0 0x40045c01:0x3fceb570 0x40043ab6:0x3fceb6f0 0x40034c45:0x3fceb710




ELF file SHA256: caf9678c2

Rebooting...
ESP-ROM:esp32s3-20210327
Build:Mar 27 2021
rst:0xc (RTC_SW_CPU_RST),boot:0x8 (SPI_FAST_FLASH_BOOT)
Saved PC:0x4037ce04
SPIWP:0xee
mode:DIO, clock div:1
load:0x3fce2820,len:0x158c
load:0x403c8700,len:0xd24
load:0x403cb700,len:0x2f34
entry 0x403c8924
[0;32mI (29) boot: ESP-IDF v5.5.1 2nd stage bootloader[0m
[0;32mI (29) boot: compile time Mar  1 2026 11:12:01[0m
[0;32mI (29) boot: Multicore bootloader[0m
[0;32mI (29) boot: chip revision: v0.2[0m
[0;32mI (32) boot: efuse block revision: v1.3[0m
[0;32mI (36) boot.esp32s3: Boot SPI Speed : 80MHz[0m
[0;32mI (40) boot.esp32s3: SPI Mode       : DIO[0m
[0;32mI (43) boot.esp32s3: SPI Flash Size : 16MB[0m
[0;32mI (47) boot: Enabling RNG early entropy source...[0m
[0;32mI (52) boot: Partition Table:[0m
[0;32mI (54) boot: ## Label            Usage          Type ST Offset   Length[0m
[0;32mI (61) boot:  0 nvs              WiFi data        01 02 00009000 00006000[0m
[0;32mI (67) boot:  1 phy_init         RF data          01 01 0000f000 00001000[0m
[0;32mI (74) boot:  2 factory          factory app      00 00 00010000 00100000[0m
[0;32mI (80) boot: End of partition table[0m
[0;32mI (83) esp_image: segment 0: paddr=00010020 vaddr=3c0b0020 size=31200h (201216) map[0m
[0;32mI (126) esp_image: segment 1: paddr=00041228 vaddr=3fc9b600 size=04a24h ( 18980) load[0m
[0;32mI (130) esp_image: segment 2: paddr=00045c54 vaddr=40374000 size=0a3c4h ( 41924) load[0m
[0;32mI (140) esp_image: segment 3: paddr=00050020 vaddr=42000020 size=a9514h (693524) map[0m
[0;32mI (262) esp_image: segment 4: paddr=000f953c vaddr=4037e3c4 size=0d158h ( 53592) load[0m
[0;32mI (274) esp_image: segment 5: paddr=0010669c vaddr=50000000 size=00020h (    32) load[0m
[0;32mI (284) boot: Loaded app from partition at offset 0x10000[0m
[0;32mI (284) boot: Disabling RNG early entropy source...[0m
[0;32mI (294) cpu_start: Multicore app[0m
[0;32mI (303) cpu_start: Pro cpu start user code[0m
[0;32mI (303) cpu_start: cpu freq: 160000000 Hz[0m
[0;32mI (303) app_init: Application information:[0m
[0;32mI (303) app_init: Project name:     kiosk-connect[0m
[0;32mI (308) app_init: App version:      1[0m
[0;32mI (311) app_init: Compile time:     Mar  1 2026 11:11:53[0m
[0;32mI (316) app_init: ELF file SHA256:  caf9678c2...[0m
[0;32mI (320) app_init: ESP-IDF:          v5.5.1[0m
[0;32mI (324) efuse_init: Min chip rev:     v0.0[0m
[0;32mI (328) efuse_init: Max chip rev:     v0.99 [0m
[0;32mI (332) efuse_init: Chip rev:         v0.2[0m
[0;32mI (336) heap_init: Initializing. RAM available for dynamic allocation:[0m
[0;32mI (342) heap_init: At 3FCA4708 len 00045008 (276 KiB): RAM[0m
[0;32mI (347) heap_init: At 3FCE9710 len 00005724 (21 KiB): RAM[0m
[0;32mI (352) heap_init: At 3FCF0000 len 00008000 (32 KiB): DRAM[0m
[0;32mI (358) heap_init: At 600FE000 len 00001FE8 (7 KiB): RTCRAM[0m
[0;32mI (364) spi_flash: detected chip: generic[0m
[0;32mI (367) spi_flash: flash io: dio[0m
[1;31mE (370) spi_flash: Detected size(4096k) smaller than the size in the binary image header(16384k). Probe failed.[0m

assert failed: __esp_system_init_fn_init_flash startup_funcs.c:118 (flash_ret == ESP_OK)


Backtrace: 0x4037ccb5:0x3fceb130 0x4037cc7d:0x3fceb150 0x40385221:0x3fceb170 0x42002682:0x3fceb290 0x420030f6:0x3fceb2b0 0x42003141:0x3fceb2d0 0x420031ab:0x3fceb2f0 0x403756b5:0x3fceb310 0x403ccac4:0x3fceb340 0x403ccf09:0x3fceb380 0x403c898d:0x3fceb4b0 0x40045c01:0x3fceb570 0x40043ab6:0x3fceb6f0 0x40034c45:0x3fceb710




ELF file SHA256: caf9678c2

Rebooting...
ESP-ROM:esp32s3-20210327
Build:Mar 27 2021
rst:0xc (RTC_SW_CPU_RST),boot:0x8 (SPI_FAST_FLASH_BOOT)
Saved PC:0x4037ce04
SPIWP:0xee
mode:DIO, clock div:1
load:0x3fce2820,len:0x158c
load:0x403c8700,len:0xd24
load:0x403cb700,len:0x2f34
entry 0x403c8924
[0;32mI (29) boot: ESP-IDF v5.5.1 2nd stage bootloader[0m
[0;32mI (29) boot: compile time Mar  1 2026 11:12:01[0m
[0;32mI (29) boot: Multicore bootloader[0m
[0;32mI (29) boot: chip revision: v0.2[0m
[0;32mI (32) boot: efuse block revision: v1.3[0m
[0;32mI (36) boot.esp32s3: Boot SPI Speed : 80MHz[0m
[0;32mI (40) boot.esp32s3: SPI Mode       : DIO[0m
[0;32mI (43) boot.esp32s3: SPI Flash Size : 16MB[0m
[0;32mI (47) boot: Enabling RNG early entropy source...[0m
[0;32mI (52) boot: Partition Table:[0m
[0;32mI (54) boot: ## Label            Usage          Type ST Offset   Length[0m
[0;32mI (61) boot:  0 nvs              WiFi data        01 02 00009000 00006000[0m
[0;32mI (67) boot:  1 phy_init         RF data          01 01 0000f000 00001000[0m
[0;32mI (74) boot:  2 factory          factory app      00 00 00010000 00100000[0m
[0;32mI (80) boot: End of partition table[0m
[0;32mI (83) esp_image: segment 0: paddr=00010020 vaddr=3c0b0020 size=31200h (201216) map[0m
[0;32mI (126) esp_image: segment 1: paddr=00041228 vaddr=3fc9b600 size=04a24h ( 18980) load[0m
[0;32mI (130) esp_image: segment 2: paddr=00045c54 vaddr=40374000 size=0a3c4h ( 41924) load[0m
[0;32mI (140) esp_image: segment 3: paddr=00050020 vaddr=42000020 size=a9514h (693524) map[0m
[0;32mI (262) esp_image: segment 4: paddr=000f953c vaddr=4037e3c4 size=0d158h ( 53592) load[0m
[0;32mI (274) esp_image: segment 5: paddr=0010669c vaddr=50000000 size=00020h (    32) load[0m
[0;32mI (284) boot: Loaded app from partition at offset 0x10000[0m
[0;32mI (284) boot: Disabling RNG early entropy source...[0m
[0;32mI (294) cpu_start: Multicore app[0m
[0;32mI (303) cpu_start: Pro cpu start user code[0m
[0;32mI (303) cpu_start: cpu freq: 160000000 Hz[0m
[0;32mI (303) app_init: Application information:[0m
[0;32mI (303) app_init: Project name:     kiosk-connect[0m
[0;32mI (308) app_init: App version:      1[0m
[0;32mI (311) app_init: Compile time:     Mar  1 2026 11:11:53[0m
[0;32mI (316) app_init: ELF file SHA256:  caf9678c2...[0m
[0;32mI (320) app_init: ESP-IDF:          v5.5.1[0m
[0;32mI (324) efuse_init: Min chip rev:     v0.0[0m
[0;32mI (328) efuse_init: Max chip rev:     v0.99 [0m
[0;32mI (332) efuse_init: Chip rev:         v0.2[0m
[0;32mI (336) heap_init: Initializing. RAM available for dynamic allocation:[0m
[0;32mI (342) heap_init: At 3FCA4708 len 00045008 (276 KiB): RAM[0m
[0;32mI (347) heap_init: At 3FCE9710 len 00005724 (21 KiB): RAM[0m
[0;32mI (352) heap_init: At 3FCF0000 len 00008000 (32 KiB): DRAM[0m
[0;32mI (358) heap_init: At 600FE000 len 00001FE8 (7 KiB): RTCRAM[0m
[0;32mI (364) spi_flash: detected chip: generic[0m
[0;32mI (367) spi_flash: flash io: dio[0m
[1;31mE (370) spi_flash: Detected size(4096k) smaller than the size in the binary image header(16384k). Probe failed.[0m

assert failed: __esp_system_init_fn_init_flash startup_funcs.c:118 (flash_ret == ESP_OK)


Backtrace: 0x4037ccb5:0x3fceb130 0x4037cc7d:0x3fceb150 0x40385221:0x3fceb170 0x42002682:0x3fceb290 0x420030f6:0x3fceb2b0 0x42003141:0x3fceb2d0 0x420031ab:0x3fceb2f0 0x403756b5:0x3fceb310 0x403ccac4:0x3fceb340 0x403ccf09:0x3fceb380 0x403c898d:0x3fceb4b0 0x40045c01:0x3fceb570 0x40043ab6:0x3fceb6f0 0x40034c45:0x3fceb710




ELF file SHA256: caf9678c2

Rebooting...
ESP-ROM:esp32s3-20210327
Build:Mar 27 2021
rst:0xc (RTC_SW_CPU_RST),boot:0x8 (SPI_FAST_FLASH_BOOT)
Saved PC:0x4037ce04
SPIWP:0xee
mode:DIO, clock div:1
load:0x3fce2820,len:0x158c
load:0x403c8700,len:0xd24
load:0x403cb700,len:0x2f34
entry 0x403c8924
[0;32mI (29) boot: ESP-IDF v5.5.1 2nd stage bootloader[0m
[0;32mI (29) boot: compile time Mar  1 2026 11:12:01[0m
[0;32mI (29) boot: Multicore bootloader[0m
[0;32mI (29) boot: chip revision: v0.2[0m
[0;32mI (32) boot: efuse block revision: v1.3[0m
[0;32mI (36) boot.esp32s3: Boot SPI Speed : 80MHz[0m
[0;32mI (40) boot.esp32s3: SPI Mode       : DIO[0m
[0;32mI (43) boot.esp32s3: SPI Flash Size : 16MB[0m
[0;32mI (47) boot: Enabling RNG early entropy source...[0m
[0;32mI (52) boot: Partition Table:[0m
[0;32mI (54) boot: ## Label            Usage          Type ST Offset   Length[0m
[0;32mI (61) boot:  0 nvs              WiFi data        01 02 00009000 00006000[0m
[0;32mI (67) boot:  1 phy_init         RF data          01 01 0000f000 00001000[0m
[0;32mI (74) boot:  2 factory          factory app      00 00 00010000 00100000[0m
[0;32mI (80) boot: End of partition table[0m
[0;32mI (83) esp_image: segment 0: paddr=00010020 vaddr=3c0b0020 size=31200h (201216) map[0m
[0;32mI (126) esp_image: segment 1: paddr=00041228 vaddr=3fc9b600 size=04a24h ( 18980) load[0m
[0;32mI (130) esp_image: segment 2: paddr=00045c54 vaddr=40374000 size=0a3c4h ( 41924) load[0m
[0;32mI (140) esp_image: segment 3: paddr=00050020 vaddr=42000020 size=a9514h (693524) map[0m
[0;32mI (262) esp_image: segment 4: paddr=000f953c vaddr=4037e3c4 size=0d158h ( 53592) load[0m
[0;32mI (274) esp_image: segment 5: paddr=0010669c vaddr=50000000 size=00020h (    32) load[0m
[0;32mI (284) boot: Loaded app from partition at offset 0x10000[0m
[0;32mI (284) boot: Disabling RNG early entropy source...[0m
[0;32mI (294) cpu_start: Multicore app[0m
[0;32mI (303) cpu_start: Pro cpu start user code[0m
[0;32mI (303) cpu_start: cpu freq: 160000000 Hz[0m
[0;32mI (303) app_init: Application information:[0m
[0;32mI (303) app_init: Project name:     kiosk-connect[0m
[0;32mI (308) app_init: App version:      1[0m
[0;32mI (311) app_init: Compile time:     Mar  1 2026 11:11:53[0m
[0;32mI (316) app_init: ELF file SHA256:  caf9678c2...[0m
[0;32mI (320) app_init: ESP-IDF:          v5.5.1[0m
[0;32mI (324) efuse_init: Min chip rev:     v0.0[0m
[0;32mI (328) efuse_init: Max chip rev:     v0.99 [0m
[0;32mI (332) efuse_init: Chip rev:         v0.2[0m
[0;32mI (336) heap_init: Initializing. RAM available for dynamic allocation:[0m
[0;32mI (342) heap_init: At 3FCA4708 len 00045008 (276 KiB): RAM[0m
[0;32mI (347) heap_init: At 3FCE9710 len 00005724 (21 KiB): RAM[0m
[0;32mI (352) heap_init: At 3FCF0000 len 00008000 (32 KiB): DRAM[0m
[0;32mI (358) heap_init: At 600FE000 len 00001FE8 (7 KiB): RTCRAM[0m
[0;32mI (364) spi_flash: detected chip: generic[0m
[0;32mI (367) spi_flash: flash io: dio[0m
[1;31mE (370) spi_flash: Detected size(4096k) smaller than the size in the binary image header(16384k). Probe failed.[0m

assert failed: __esp_system_init_fn_init_flash startup_funcs.c:118 (flash_ret == ESP_OK)


Backtrace: 0x4037ccb5:0x3fceb130 0x4037cc7d:0x3fceb150 0x40385221:0x3fceb170 0x42002682:0x3fceb290 0x420030f6:0x3fceb2b0 0x42003141:0x3fceb2d0 0x420031ab:0x3fceb2f0 0x403756b5:0x3fceb310 0x403ccac4:0x3fceb340 0x403ccf09:0x3fceb380 0x403c898d:0x3fceb4b0 0x40045c01:0x3fceb570 0x40043ab6:0x3fceb6f0 0x40034c45:0x3fceb710




ELF file SHA256: caf9678c2

Rebooting...
ESP-ROM:esp32s3-20210327
Build:Mar 27 2021
rst:0xc (RTC_SW_CPU_RST),boot:0x8 (SPI_FAST_FLASH_BOOT)
Saved PC:0x4037ce04
SPIWP:0xee
mode:DIO, clock div:1
load:0x3fce2820,len:0x158c
load:0x403c8700,len:0xd24
load:0x403cb700,len:0x2f34
entry 0x403c8924
[0;32mI (29) boot: ESP-IDF v5.5.1 2nd stage bootloader[0m
[0;32mI (29) boot: compile time Mar  1 2026 11:12:01[0m
[0;32mI (29) boot: Multicore bootloader[0m
[0;32mI (29) boot: chip revision: v0.2[0m
[0;32mI (32) boot: efuse block revision: v1.3[0m
[0;32mI (36) boot.esp32s3: Boot SPI Speed : 80MHz[0m
[0;32mI (40) boot.esp32s3: SPI Mode       : DIO[0m
[0;32mI (43) boot.esp32s3: SPI Flash Size : 16MB[0m
[0;32mI (47) boot: Enabling RNG early entropy source...[0m
[0;32mI (52) boot: Partition Table:[0m
[0;32mI (54) boot: ## Label            Usage          Type ST Offset   Length[0m
[0;32mI (61) boot:  0 nvs              WiFi data        01 02 00009000 00006000[0m
[0;32mI (67) boot:  1 phy_init         RF data          01 01 0000f000 00001000[0m
[0;32mI (74) boot:  2 factory          factory app      00 00 00010000 00100000[0m
[0;32mI (80) boot: End of partition table[0m
[0;32mI (83) esp_image: segment 0: paddr=00010020 vaddr=3c0b0020 size=31200h (201216) map[0m
[0;32mI (126) esp_image: segment 1: paddr=00041228 vaddr=3fc9b600 size=04a24h ( 18980) load[0m
[0;32mI (130) esp_image: segment 2: paddr=00045c54 vaddr=40374000 size=0a3c4h ( 41924) load[0m
[0;32mI (140) esp_image: segment 3: paddr=00050020 vaddr=42000020 size=a9514h (693524) map[0m
[0;32mI (262) esp_image: segment 4: paddr=000f953c vaddr=4037e3c4 size=0d158h ( 53592) load[0m
[0;32mI (274) esp_image: segment 5: paddr=0010669c vaddr=50000000 size=00020h (    32) load[0m
[0;32mI (284) boot: Loaded app from partition at offset 0x10000[0m
[0;32mI (284) boot: Disabling RNG early entropy source...[0m
[0;32mI (294) cpu_start: Multicore app[0m
[0;32mI (303) cpu_start: Pro cpu start user code[0m
[0;32mI (303) cpu_start: cpu freq: 160000000 Hz[0m
[0;32mI (303) app_init: Application information:[0m
[0;32mI (303) app_init: Project name:     kiosk-connect[0m
[0;32mI (308) app_init: App version:      1[0m
[0;32mI (311) app_init: Compile time:     Mar  1 2026 11:11:53[0m
[0;32mI (316) app_init: ELF file SHA256:  caf9678c2...[0m
[0;32mI (320) app_init: ESP-IDF:          v5.5.1[0m
[0;32mI (324) efuse_init: Min chip rev:     v0.0[0m
[0;32mI (328) efuse_init: Max chip rev:     v0.99 [0m
[0;32mI (332) efuse_init: Chip rev:         v0.2[0m
[0;32mI (336) heap_init: Initializing. RAM available for dynamic allocation:[0m
[0;32mI (342) heap_init: At 3FCA4708 len 00045008 (276 KiB): RAM[0m
[0;32mI (347) heap_init: At 3FCE9710 len 00005724 (21 KiB): RAM[0m
[0;32mI (352) heap_init: At 3FCF0000 len 00008000 (32 KiB): DRAM[0m
[0;32mI (358) heap_init: At 600FE000 len 00001FE8 (7 KiB): RTCRAM[0m
[0;32mI (364) spi_flash: detected chip: generic[0m
[0;32mI (367) spi_flash: flash io: dio[0m
[1;31mE (370) spi_flash: Detected size(4096k) smaller than the size in the binary image header(16384k). Probe failed.[0m

assert failed: __esp_system_init_fn_init_flash startup_funcs.c:118 (flash_ret == ESP_OK)


Backtrace: 0x4037ccb5:0x3fceb130 0x4037cc7d:0x3fceb150 0x40385221:0x3fceb170 0x42002682:0x3fceb290 0x420030f6:0x3fceb2b0 0x42003141:0x3fceb2d0 0x420031ab:0x3fceb2f0 0x403756b5:0x3fceb310 0x403ccac4:0x3fceb340 0x403ccf09:0x3fceb380 0x403c898d:0x3fceb4b0 0x40045c01:0x3fceb570 0x40043ab6:0x3fceb6f0 0x40034c45:0x3fceb710




ELF file SHA256: caf9678c2

Rebooting...
ESP-ROM:esp32s3-20210327
Build:Mar 27 2021
rst:0xc (RTC_SW_CPU_RST),boot:0x8 (SPI_FAST_FLASH_BOOT)
Saved PC:0x4037ce04
SPIWP:0xee
mode:DIO, clock div:1
load:0x3fce2820,len:0x158c
load:0x403c8700,len:0xd24
load:0x403cb700,len:0x2f34
entry 0x403c8924
[0;32mI (29) boot: ESP-IDF v5.5.1 2nd stage bootloader[0m
[0;32mI (29) boot: compile time Mar  1 2026 11:12:01[0m
[0;32mI (29) boot: Multicore bootloader[0m
[0;32mI (29) boot: chip revision: v0.2[0m
[0;32mI (32) boot: efuse block revision: v1.3[0m
[0;32mI (36) boot.esp32s3: Boot SPI Speed : 80MHz[0m
[0;32mI (40) boot.esp32s3: SPI Mode       : DIO[0m
[0;32mI (43) boot.esp32s3: SPI Flash Size : 16MB[0m
[0;32mI (47) boot: Enabling RNG early entropy source...[0m
[0;32mI (52) boot: Partition Table:[0m
[0;32mI (54) boot: ## Label            Usage          Type ST Offset   Length[0m
[0;32mI (61) boot:  0 nvs              WiFi data        01 02 00009000 00006000[0m
[0;32mI (67) boot:  1 phy_init         RF data          01 01 0000f000 00001000[0m
[0;32mI (74) boot:  2 factory          factory app      00 00 00010000 00100000[0m
[0;32mI (80) boot: End of partition table[0m
[0;32mI (83) esp_image: segment 0: paddr=00010020 vaddr=3c0b0020 size=31200h (201216) map[0m
[0;32mI (126) esp_image: segment 1: paddr=00041228 vaddr=3fc9b600 size=04a24h ( 18980) load[0m
[0;32mI (130) esp_image: segment 2: paddr=00045c54 vaddr=40374000 size=0a3c4h ( 41924) load[0m
[0;32mI (140) esp_image: segment 3: paddr=00050020 vaddr=42000020 size=a9514h (693524) map[0m
[0;32mI (262) esp_image: segment 4: paddr=000f953c vaddr=4037e3c4 size=0d158h ( 53592) load[0m
[0;32mI (274) esp_image: segment 5: paddr=0010669c vaddr=50000000 size=00020h (    32) load[0m
[0;32mI (284) boot: Loaded app from partition at offset 0x10000[0m
[0;32mI (284) boot: Disabling RNG early entropy source...[0m
[0;32mI (294) cpu_start: Multicore app[0m
[0;32mI (303) cpu_start: Pro cpu start user code[0m
[0;32mI (303) cpu_start: cpu freq: 160000000 Hz[0m
[0;32mI (303) app_init: Application information:[0m
[0;32mI (303) app_init: Project name:     kiosk-connect[0m
[0;32mI (308) app_init: App version:      1[0m
[0;32mI (311) app_init: Compile time:     Mar  1 2026 11:11:53[0m
[0;32mI (316) app_init: ELF file SHA256:  caf9678c2...[0m
[0;32mI (320) app_init: ESP-IDF:          v5.5.1[0m
[0;32mI (324) efuse_init: Min chip rev:     v0.0[0m
[0;32mI (328) efuse_init: Max chip rev:     v0.99 [0m
[0;32mI (332) efuse_init: Chip rev:         v0.2[0m
[0;32mI (336) heap_init: Initializing. RAM available for dynamic allocation:[0m
[0;32mI (342) heap_init: At 3FCA4708 len 00045008 (276 KiB): RAM[0m
[0;32mI (347) heap_init: At 3FCE9710 len 00005724 (21 KiB): RAM[0m
[0;32mI (352) heap_init: At 3FCF0000 len 00008000 (32 KiB): DRAM[0m
[0;32mI (358) heap_init: At 600FE000 len 00001FE8 (7 KiB): RTCRAM[0m
[0;32mI (364) spi_flash: detected chip: generic[0m
[0;32mI (367) spi_flash: flash io: dio[0m
[1;31mE (370) spi_flash: Detected size(4096k) smaller than the size in the binary image header(16384k). Probe failed.[0m

assert failed: __esp_system_init_fn_init_flash startup_funcs.c:118 (flash_ret == ESP_OK)


Backtrace: 0x4037ccb5:0x3fceb130 0x4037cc7d:0x3fceb150 0x40385221:0x3fceb170 0x42002682:0x3fceb290 0x420030f6:0x3fceb2b0 0x42003141:0x3fceb2d0 0x420031ab:0x3fceb2f0 0x403756b5:0x3fceb310 0x403ccac4:0x3fceb340 0x403ccf09:0x3fceb380 0x403c898d:0x3fceb4b0 0x40045c01:0x3fceb570 0x40043ab6:0x3fceb6f0 0x40034c45:0x3fceb710




ELF file SHA256: caf9678c2

Rebooting...
ESP-ROM:esp32s3-20210327
Build:Mar 27 2021
rst:0xc (RTC_SW_CPU_RST),boot:0x8 (SPI_FAST_FLASH_BOOT)
Saved PC:0x4037ce04
SPIWP:0xee
mode:DIO, clock div:1
load:0x3fce2820,len:0x158c
load:0x403c8700,len:0xd24
load:0x403cb700,len:0x2f34
entry 0x403c8924
[0;32mI (29) boot: ESP-IDF v5.5.1 2nd stage bootloader[0m
[0;32mI (29) boot: compile time Mar  1 2026 11:12:01[0m
[0;32mI (29) boot: Multicore bootloader[0m
[0;32mI (29) boot: chip revision: v0.2[0m
[0;32mI (32) boot: efuse block revision: v1.3[0m
[0;32mI (36) boot.esp32s3: Boot SPI Speed : 80MHz[0m
[0;32mI (40) boot.esp32s3: SPI Mode       : DIO[0m
[0;32mI (43) boot.esp32s3: SPI Flash Size : 16MB[0m
[0;32mI (47) boot: Enabling RNG early entropy source...[0m
[0;32mI (52) boot: Partition Table:[0m
[0;32mI (54) boot: ## Label            Usage          Type ST Offset   Length[0m
[0;32mI (61) boot:  0 nvs              WiFi data        01 02 00009000 00006000[0m
[0;32mI (67) boot:  1 phy_init         RF data          01 01 0000f000 00001000[0m
[0;32mI (74) boot:  2 factory          factory app      00 00 00010000 00100000[0m
[0;32mI (80) boot: End of partition table[0m
[0;32mI (83) esp_image: segment 0: paddr=00010020 vaddr=3c0b0020 size=31200h (201216) map[0m
[0;32mI (126) esp_image: segment 1: paddr=00041228 vaddr=3fc9b600 size=04a24h ( 18980) load[0m
[0;32mI (130) esp_image: segment 2: paddr=00045c54 vaddr=40374000 size=0a3c4h ( 41924) load[0m
[0;32mI (140) esp_image: segment 3: paddr=00050020 vaddr=42000020 size=a9514h (693524) map[0m
[0;32mI (262) esp_image: segment 4: paddr=000f953c vaddr=4037e3c4 size=0d158h ( 53592) load[0m
[0;32mI (274) esp_image: segment 5: paddr=0010669c vaddr=50000000 size=00020h (    32) load[0m
[0;32mI (284) boot: Loaded app from partition at offset 0x10000[0m
[0;32mI (284) boot: Disabling RNG early entropy source...[0m
[0;32mI (294) cpu_start: Multicore app[0m
[0;32mI (303) cpu_start: Pro cpu start user code[0m
[0;32mI (303) cpu_start: cpu freq: 160000000 Hz[0m
[0;32mI (303) app_init: Application information:[0m
[0;32mI (303) app_init: Project name:     kiosk-connect[0m
[0;32mI (308) app_init: App version:      1[0m
[0;32mI (311) app_init: Compile time:     Mar  1 2026 11:11:53[0m
[0;32mI (316) app_init: ELF file SHA256:  caf9678c2...[0m
[0;32mI (320) app_init: ESP-IDF:          v5.5.1[0m
[0;32mI (324) efuse_init: Min chip rev:     v0.0[0m
[0;32mI (328) efuse_init: Max chip rev:     v0.99 [0m
[0;32mI (332) efuse_init: Chip rev:         v0.2[0m
[0;32mI (336) heap_init: Initializing. RAM available for dynamic allocation:[0m
[0;32mI (342) heap_init: At 3FCA4708 len 00045008 (276 KiB): RAM[0m
[0;32mI (347) heap_init: At 3FCE9710 len 00005724 (21 KiB): RAM[0m
[0;32mI (352) heap_init: At 3FCF0000 len 00008000 (32 KiB): DRAM[0m
[0;32mI (358) heap_init: At 600FE000 len 00001FE8 (7 KiB): RTCRAM[0m
[0;32mI (364) spi_flash: detected chip: generic[0m
[0;32mI (367) spi_flash: flash io: dio[0m
[1;31mE (370) spi_flash: Detected size(4096k) smaller than the size in the binary image header(16384k). Probe failed.[0m

assert failed: __esp_system_init_fn_init_flash startup_funcs.c:118 (flash_ret == ESP_OK)


Backtrace: 0x4037ccb5:0x3fceb130 0x4037cc7d:0x3fceb150 0x40385221:0x3fceb170 0x42002682:0x3fceb290 0x420030f6:0x3fceb2b0 0x42003141:0x3fceb2d0 0x420031ab:0x3fceb2f0 0x403756b5:0x3fceb310 0x403ccac4:0x3fceb340 0x403ccf09:0x3fceb380 0x403c898d:0x3fceb4b0 0x40045c01:0x3fceb570 0x40043ab6:0x3fceb6f0 0x40034c45:0x3fceb710




ELF file SHA256: caf9678c2

Rebooting...
ESP-ROM:esp32s3-20210327
Build:Mar 27 2021
rst:0xc (RTC_SW_CPU_RST),boot:0x8 (SPI_FAST_FLASH_BOOT)
Saved PC:0x4037ce04
SPIWP:0xee
mode:DIO, clock div:1
load:0x3fce2820,len:0x158c
load:0x403c8700,len:0xd24
load:0x403cb700,len:0x2f34
entry 0x403c8924
[0;32mI (29) boot: ESP-IDF v5.5.1 2nd stage bootloader[0m
[0;32mI (29) boot: compile time Mar  1 2026 11:12:01[0m
[0;32mI (29) boot: Multicore bootloader[0m
[0;32mI (29) boot: chip revision: v0.2[0m
[0;32mI (32) boot: efuse block revision: v1.3[0m
[0;32mI (36) boot.esp32s3: Boot SPI Speed : 80MHz[0m
[0;32mI (40) boot.esp32s3: SPI Mode       : DIO[0m
[0;32mI (43) boot.esp32s3: SPI Flash Size : 16MB[0m
[0;32mI (47) boot: Enabling RNG early entropy source...[0m
[0;32mI (52) boot: Partition Table:[0m
[0;32mI (54) boot: ## Label            Usage          Type ST Offset   Length[0m
[0;32mI (61) boot:  0 nvs              WiFi data        01 02 00009000 00006000[0m
[0;32mI (67) boot:  1 phy_init         RF data          01 01 0000f000 00001000[0m
[0;32mI (74) boot:  2 factory          factory app      00 00 00010000 00100000[0m
[0;32mI (80) boot: End of partition table[0m
[0;32mI (83) esp_image: segment 0: paddr=00010020 vaddr=3c0b0020 size=31200h (201216) map[0m
[0;32mI (126) esp_image: segment 1: paddr=00041228 vaddr=3fc9b600 size=04a24h ( 18980) load[0m
[0;32mI (130) esp_image: segment 2: paddr=00045c54 vaddr=40374000 size=0a3c4h ( 41924) load[0m
[0;32mI (140) esp_image: segment 3: paddr=00050020 vaddr=42000020 size=a9514h (693524) map[0m
[0;32mI (262) esp_image: segment 4: paddr=000f953c vaddr=4037e3c4 size=0d158h ( 53592) load[0m
[0;32mI (274) esp_image: segment 5: paddr=0010669c vaddr=50000000 size=00020h (    32) load[0m
[0;32mI (284) boot: Loaded app from partition at offset 0x10000[0m
[0;32mI (284) boot: Disabling RNG early entropy source...[0m
[0;32mI (294) cpu_start: Multicore app[0m
[0;32mI (303) cpu_start: Pro cpu start user code[0m
[0;32mI (303) cpu_start: cpu freq: 160000000 Hz[0m
[0;32mI (303) app_init: Application information:[0m
[0;32mI (303) app_init: Project name:     kiosk-connect[0m
[0;32mI (308) app_init: App version:      1[0m
[0;32mI (311) app_init: Compile time:     Mar  1 2026 11:11:53[0m
[0;32mI (316) app_init: ELF file SHA256:  caf9678c2...[0m
[0;32mI (320) app_init: ESP-IDF:          v5.5.1[0m
[0;32mI (324) efuse_init: Min chip rev:     v0.0[0m
[0;32mI (328) efuse_init: Max chip rev:     v0.99 [0m
[0;32mI (332) efuse_init: Chip rev:         v0.2[0m
[0;32mI (336) heap_init: Initializing. RAM available for dynamic allocation:[0m
[0;32mI (342) heap_init: At 3FCA4708 len 00045008 (276 KiB): RAM[0m
[0;32mI (347) heap_init: At 3FCE9710 len 00005724 (21 KiB): RAM[0m
[0;32mI (352) heap_init: At 3FCF0000 len 00008000 (32 KiB): DRAM[0m
[0;32mI (358) heap_init: At 600FE000 len 00001FE8 (7 KiB): RTCRAM[0m
[0;32mI (364) spi_flash: detected chip: generic[0m
[0;32mI (367) spi_flash: flash io: dio[0m
[1;31mE (370) spi_flash: Detected size(4096k) smaller than the size in the binary image header(16384k). Probe failed.[0m

assert failed: __esp_system_init_fn_init_flash startup_funcs.c:118 (flash_ret == ESP_OK)


Backtrace: 0x4037ccb5:0x3fceb130 0x4037cc7d:0x3fceb150 0x40385221:0x3fceb170 0x42002682:0x3fceb290 0x420030f6:0x3fceb2b0 0x42003141:0x3fceb2d0 0x420031ab:0x3fceb2f0 0x403756b5:0x3fceb310 0x403ccac4:0x3fceb340 0x403ccf09:0x3fceb380 0x403c898d:0x3fceb4b0 0x40045c01:0x3fceb570 0x40043ab6:0x3fceb6f0 0x40034c45:0x3fceb710




ELF file SHA256: caf9678c2

Rebooting...
ESP-ROM:esp32s3-20210327
Build:Mar 27 2021
rst:0xc (RTC_SW_CPU_RST),boot:0x8 (SPI_FAST_FLASH_BOOT)
Saved PC:0x4037ce04
SPIWP:0xee
mode:DIO, clock div:1
load:0x3fce2820,len:0x158c
load:0x403c8700,len:0xd24
load:0x403cb700,len:0x2f34
entry 0x403c8924
[0;32mI (29) boot: ESP-IDF v5.5.1 2nd stage bootloader[0m
[0;32mI (29) boot: compile time Mar  1 2026 11:12:01[0m
[0;32mI (29) boot: Multicore bootloader[0m
[0;32mI (29) boot: chip revision: v0.2[0m
[0;32mI (32) boot: efuse block revision: v1.3[0m
[0;32mI (36) boot.esp32s3: Boot SPI Speed : 80MHz[0m
[0;32mI (40) boot.esp32s3: SPI Mode       : DIO[0m
[0;32mI (43) boot.esp32s3: SPI Flash Size : 16MB[0m
[0;32mI (47) boot: Enabling RNG early entropy source...[0m
[0;32mI (52) boot: Partition Table:[0m
[0;32mI (54) boot: ## Label            Usage          Type ST Offset   Length[0m
[0;32mI (61) boot:  0 nvs              WiFi data        01 02 00009000 00006000[0m
[0;32mI (67) boot:  1 phy_init         RF data          01 01 0000f000 00001000[0m
[0;32mI (74) boot:  2 factory          factory app      00 00 00010000 00100000[0m
[0;32mI (80) boot: End of partition table[0m
[0;32mI (83) esp_image: segment 0: paddr=00010020 vaddr=3c0b0020 size=31200h (201216) map[0m
[0;32mI (126) esp_image: segment 1: paddr=00041228 vaddr=3fc9b600 size=04a24h ( 18980) load[0m
[0;32mI (130) esp_image: segment 2: paddr=00045c54 vaddr=40374000 size=0a3c4h ( 41924) load[0m
[0;32mI (140) esp_image: segment 3: paddr=00050020 vaddr=42000020 size=a9514h (693524) map[0m
[0;32mI (262) esp_image: segment 4: paddr=000f953c vaddr=4037e3c4 size=0d158h ( 53592) load[0m
[0;32mI (274) esp_image: segment 5: paddr=0010669c vaddr=50000000 size=00020h (    32) load[0m
[0;32mI (284) boot: Loaded app from partition at offset 0x10000[0m
[0;32mI (284) boot: Disabling RNG early entropy source...[0m
[0;32mI (294) cpu_start: Multicore app[0m
[0;32mI (303) cpu_start: Pro cpu start user code[0m
[0;32mI (303) cpu_start: cpu freq: 160000000 Hz[0m
[0;32mI (303) app_init: Application information:[0m
[0;32mI (303) app_init: Project name:     kiosk-connect[0m
[0;32mI (308) app_init: App version:      1[0m
[0;32mI (311) app_init: Compile time:     Mar  1 2026 11:11:53[0m
[0;32mI (316) app_init: ELF file SHA256:  caf9678c2...[0m
[0;32mI (320) app_init: ESP-IDF:          v5.5.1[0m
[0;32mI (324) efuse_init: Min chip rev:     v0.0[0m
[0;32mI (328) efuse_init: Max chip rev:     v0.99 [0m
[0;32mI (332) efuse_init: Chip rev:         v0.2[0m
[0;32mI (336) heap_init: Initializing. RAM available for dynamic allocation:[0m
[0;32mI (342) heap_init: At 3FCA4708 len 00045008 (276 KiB): RAM[0m
[0;32mI (347) heap_init: At 3FCE9710 len 00005724 (21 KiB): RAM[0m
[0;32mI (352) heap_init: At 3FCF0000 len 00008000 (32 KiB): DRAM[0m
[0;32mI (358) heap_init: At 600FE000 len 00001FE8 (7 KiB): RTCRAM[0m
[0;32mI (364) spi_flash: detected chip: generic[0m
[0;32mI (367) spi_flash: flash io: dio[0m
[1;31mE (370) spi_flash: Detected size(4096k) smaller than the size in the binary image header(16384k). Probe failed.[0m

assert failed: __esp_system_init_fn_init_flash startup_funcs.c:118 (flash_ret == ESP_OK)


Backtrace: 0x4037ccb5:0x3fceb130 0x4037cc7d:0x3fceb150 0x40385221:0x3fceb170 0x42002682:0x3fceb290 0x420030f6:0x3fceb2b0 0x42003141:0x3fceb2d0 0x420031ab:0x3fceb2f0 0x403756b5:0x3fceb310 0x403ccac4:0x3fceb340 0x403ccf09:0x3fceb380 0x403c898d:0x3fceb4b0 0x40045c01:0x3fceb570 0x40043ab6:0x3fceb6f0 0x40034c45:0x3fceb710




ELF file SHA256: caf9678c2

Rebooting...
ESP-ROM:esp32s3-20210327
Build:Mar 27 2021
rst:0xc (RTC_SW_CPU_RST),boot:0x8 (SPI_FAST_FLASH_BOOT)
Saved PC:0x4037ce04
SPIWP:0xee
mode:DIO, clock div:1
load:0x3fce2820,len:0x158c
load:0x403c8700,len:0xd24
load:0x403cb700,len:0x2f34
entry 0x403c8924
[0;32mI (29) boot: ESP-IDF v5.5.1 2nd stage bootloader[0m
[0;32mI (29) boot: compile time Mar  1 2026 11:12:01[0m
[0;32mI (29) boot: Multicore bootloader[0m
[0;32mI (29) boot: chip revision: v0.2[0m
[0;32mI (32) boot: efuse block revision: v1.3[0m
[0;32mI (36) boot.esp32s3: Boot SPI Speed : 80MHz[0m
[0;32mI (40) boot.esp32s3: SPI Mode       : DIO[0m
[0;32mI (43) boot.esp32s3: SPI Flash Size : 16MB[0m
[0;32mI (47) boot: Enabling RNG early entropy source...[0m
[0;32mI (52) boot: Partition Table:[0m
[0;32mI (54) boot: ## Label            Usage          Type ST Offset   Length[0m
[0;32mI (61) boot:  0 nvs              WiFi data        01 02 00009000 00006000[0m
[0;32mI (67) boot:  1 phy_init         RF data          01 01 0000f000 00001000[0m
[0;32mI (74) boot:  2 factory          factory app      00 00 00010000 00100000[0m
[0;32mI (80) boot: End of partition table[0m
[0;32mI (83) esp_image: segment 0: paddr=00010020 vaddr=3c0b0020 size=31200h (201216) map[0m
[0;32mI (126) esp_image: segment 1: paddr=00041228 vaddr=3fc9b600 size=04a24h ( 18980) load[0m
[0;32mI (130) esp_image: segment 2: paddr=00045c54 vaddr=40374000 size=0a3c4h ( 41924) load[0m
[0;32mI (140) esp_image: segment 3: paddr=00050020 vaddr=42000020 size=a9514h (693524) map[0m
[0;32mI (262) esp_image: segment 4: paddr=000f953c vaddr=4037e3c4 size=0d158h ( 53592) load[0m
[0;32mI (274) esp_image: segment 5: paddr=0010669c vaddr=50000000 size=00020h (    32) load[0m
[0;32mI (284) boot: Loaded app from partition at offset 0x10000[0m
[0;32mI (284) boot: Disabling RNG early entropy source...[0m
[0;32mI (294) cpu_start: Multicore app[0m
[0;32mI (303) cpu_start: Pro cpu start user code[0m
[0;32mI (303) cpu_start: cpu freq: 160000000 Hz[0m
[0;32mI (303) app_init: Application information:[0m
[0;32mI (303) app_init: Project name:     kiosk-connect[0m
[0;32mI (308) app_init: App version:      1[0m
[0;32mI (311) app_init: Compile time:     Mar  1 2026 11:11:53[0m
[0;32mI (316) app_init: ELF file SHA256:  caf9678c2...[0m
[0;32mI (320) app_init: ESP-IDF:          v5.5.1[0m
[0;32mI (324) efuse_init: Min chip rev:     v0.0[0m
[0;32mI (328) efuse_init: Max chip rev:     v0.99 [0m
[0;32mI (332) efuse_init: Chip rev:         v0.2[0m
[0;32mI (336) heap_init: Initializing. RAM available for dynamic allocation:[0m
[0;32mI (342) heap_init: At 3FCA4708 len 00045008 (276 KiB): RAM[0m
[0;32mI (347) heap_init: At 3FCE9710 len 00005724 (21 KiB): RAM[0m
[0;32mI (352) heap_init: At 3FCF0000 len 00008000 (32 KiB): DRAM[0m
[0;32mI (358) heap_init: At 600FE000 len 00001FE8 (7 KiB): RTCRAM[0m
[0;32mI (364) spi_flash: detected chip: generic[0m
[0;32mI (367) spi_flash: flash io: dio[0m
[1;31mE (370) spi_flash: Detected size(4096k) smaller than the size in the binary image header(16384k). Probe failed.[0m

assert failed: __esp_system_init_fn_init_flash startup_funcs.c:118 (flash_ret == ESP_OK)


Backtrace: 0x4037ccb5:0x3fceb130 0x4037cc7d:0x3fceb150 0x40385221:0x3fceb170 0x42002682:0x3fceb290 0x420030f6:0x3fceb2b0 0x42003141:0x3fceb2d0 0x420031ab:0x3fceb2f0 0x403756b5:0x3fceb310 0x403ccac4:0x3fceb340 0x403ccf09:0x3fceb380 0x403c898d:0x3fceb4b0 0x40045c01:0x3fceb570 0x40043ab6:0x3fceb6f0 0x40034c45:0x3fceb710




ELF file SHA256: caf9678c2

Rebooting...
ESP-ROM:esp32s3-20210327
Build:Mar 27 2021
rst:0xc (RTC_SW_CPU_RST),boot:0x8 (SPI_FAST_FLASH_BOOT)
Saved PC:0x4037ce04
SPIWP:0xee
mode:DIO, clock div:1
load:0x3fce2820,len:0x158c
load:0x403c8700,len:0xd24
load:0x403cb700,len:0x2f34
entry 0x403c8924
[0;32mI (29) boot: ESP-IDF v5.5.1 2nd stage bootloader[0m
[0;32mI (29) boot: compile time Mar  1 2026 11:12:01[0m
[0;32mI (29) boot: Multicore bootloader[0m
[0;32mI (29) boot: chip revision: v0.2[0m
[0;32mI (32) boot: efuse block revision: v1.3[0m
[0;32mI (36) boot.esp32s3: Boot SPI Speed : 80MHz[0m
[0;32mI (40) boot.esp32s3: SPI Mode       : DIO[0m
[0;32mI (43) boot.esp32s3: SPI Flash Size : 16MB[0m
[0;32mI (47) boot: Enabling RNG early entropy source...[0m
[0;32mI (52) boot: Partition Table:[0m
[0;32mI (54) boot: ## Label            Usage          Type ST Offset   Length[0m
[0;32mI (61) boot:  0 nvs              WiFi data        01 02 00009000 00006000[0m
[0;32mI (67) boot:  1 phy_init         RF data          01 01 0000f000 00001000[0m
[0;32mI (74) boot:  2 factory          factory app      00 00 00010000 00100000[0m
[0;32mI (80) boot: End of partition table[0m
[0;32mI (83) esp_image: segment 0: paddr=00010020 vaddr=3c0b0020 size=31200h (201216) map[0m
[0;32mI (126) esp_image: segment 1: paddr=00041228 vaddr=3fc9b600 size=04a24h ( 18980) load[0m
[0;32mI (130) esp_image: segment 2: paddr=00045c54 vaddr=40374000 size=0a3c4h ( 41924) load[0m
[0;32mI (140) esp_image: segment 3: paddr=00050020 vaddr=42000020 size=a9514h (693524) map[0m
[0;32mI (262) esp_image: segment 4: paddr=000f953c vaddr=4037e3c4 size=0d158h ( 53592) load[0m
[0;32mI (274) esp_image: segment 5: paddr=0010669c vaddr=50000000 size=00020h (    32) load[0m
[0;32mI (284) boot: Loaded app from partition at offset 0x10000[0m
[0;32mI (284) boot: Disabling RNG early entropy source...[0m
[0;32mI (294) cpu_start: Multicore app[0m
[0;32mI (303) cpu_start: Pro cpu start user code[0m
[0;32mI (303) cpu_start: cpu freq: 160000000 Hz[0m
[0;32mI (303) app_init: Application information:[0m
[0;32mI (303) app_init: Project name:     kiosk-connect[0m
[0;32mI (308) app_init: App version:      1[0m
[0;32mI (311) app_init: Compile time:     Mar  1 2026 11:11:53[0m
[0;32mI (316) app_init: ELF file SHA256:  caf9678c2...[0m
[0;32mI (320) app_init: ESP-IDF:          v5.5.1[0m
[0;32mI (324) efuse_init: Min chip rev:     v0.0[0m
[0;32mI (328) efuse_init: Max chip rev:     v0.99 [0m
[0;32mI (332) efuse_init: Chip rev:         v0.2[0m
[0;32mI (336) heap_init: Initializing. RAM available for dynamic allocation:[0m
[0;32mI (342) heap_init: At 3FCA4708 len 00045008 (276 KiB): RAM[0m
[0;32mI (347) heap_init: At 3FCE9710 len 00005724 (21 KiB): RAM[0m
