Command: /home/prakash/.espressif/python_env/idf5.5_py3.10_env/bin/python /home/prakash/esp-idf/esp-idf/tools/idf_monitor.py -p /dev/ttyACM0 -b 115200 --toolchain-prefix xtensa-esp32s3-elf- --target esp32s3 --revision 0 /home/prakash/REST/kiosk-connect/build/kiosk-connect.elf /home/prakash/REST/kiosk-connect/build/bootloader/bootloader.elf -m '/home/prakash/.espressif/python_env/idf5.5_py3.10_env/bin/python' '/home/prakash/esp-idf/esp-idf/tools/idf.py'
����ESP-ROM:esp32s3-20210327
Build:Mar 27 2021
rst:0x1 (POWERON),boot:0x8 (SPI_FAST_FLASH_BOOT)
SPIWP:0xee
mode:DIO, clock div:1
load:0x3fce2820,len:0x158c
load:0x403c8700,len:0xd24
load:0x403cb700,len:0x2f34
entry 0x403c8924
[0;32mI (24) boot: ESP-IDF v5.5.1 2nd stage bootloader[0m
[0;32mI (25) boot: compile time Mar  1 2026 11:12:01[0m
[0;32mI (25) boot: Multicore bootloader[0m
[0;32mI (25) boot: chip revision: v0.2[0m
[0;32mI (28) boot: efuse block revision: v1.3[0m
[0;32mI (31) boot.esp32s3: Boot SPI Speed : 80MHz[0m
[0;32mI (35) boot.esp32s3: SPI Mode       : DIO[0m
[0;32mI (39) boot.esp32s3: SPI Flash Size : 16MB[0m
[0;32mI (43) boot: Enabling RNG early entropy source...[0m
[0;32mI (47) boot: Partition Table:[0m
[0;32mI (50) boot: ## Label            Usage          Type ST Offset   Length[0m
[0;32mI (56) boot:  0 nvs              WiFi data        01 02 00009000 00006000[0m
[0;32mI (63) boot:  1 phy_init         RF data          01 01 0000f000 00001000[0m
[0;32mI (69) boot:  2 factory          factory app      00 00 00010000 00100000[0m
[0;32mI (76) boot: End of partition table[0m
[0;32mI (79) esp_image: segment 0: paddr=00010020 vaddr=3c090020 size=19a28h (105000) map[0m
[0;32mI (105) esp_image: segment 1: paddr=00029a50 vaddr=3fc9a700 size=04a14h ( 18964) load[0m
[0;32mI (109) esp_image: segment 2: paddr=0002e46c vaddr=40374000 size=01bach (  7084) load[0m
[0;32mI (111) esp_image: segment 3: paddr=00030020 vaddr=42000020 size=84390h (541584) map[0m
[0;32mI (212) esp_image: segment 4: paddr=000b43b8 vaddr=40375bac size=14ad4h ( 84692) load[0m
[0;32mI (230) esp_image: segment 5: paddr=000c8e94 vaddr=50000000 size=00020h (    32) load[0m
[0;32mI (240) boot: Loaded app from partition at offset 0x10000[0m
[0;32mI (240) boot: Disabling RNG early entropy source...[0m
[0;32mI (250) cpu_start: Multicore app[0m
[0;32mI (259) cpu_start: Pro cpu start user code[0m
[0;32mI (259) cpu_start: cpu freq: 160000000 Hz[0m
[0;32mI (259) app_init: Application information:[0m
[0;32mI (259) app_init: Project name:     kiosk-connect[0m
[0;32mI (263) app_init: App version:      1[0m
[0;32mI (267) app_init: Compile time:     Mar  1 2026 11:11:53[0m
[0;32mI (272) app_init: ELF file SHA256:  8f42fa06f...[0m
[0;32mI (276) app_init: ESP-IDF:          v5.5.1[0m
[0;32mI (280) efuse_init: Min chip rev:     v0.0[0m
[0;32mI (284) efuse_init: Max chip rev:     v0.99 [0m
[0;32mI (288) efuse_init: Chip rev:         v0.2[0m
[0;32mI (292) heap_init: Initializing. RAM available for dynamic allocation:[0m
[0;32mI (298) heap_init: At 3FCA2DE8 len 00046928 (282 KiB): RAM[0m
[0;32mI (303) heap_init: At 3FCE9710 len 00005724 (21 KiB): RAM[0m
[0;32mI (308) heap_init: At 3FCF0000 len 00008000 (32 KiB): DRAM[0m
[0;32mI (313) heap_init: At 600FE000 len 00001FE8 (7 KiB): RTCRAM[0m
[0;32mI (320) spi_flash: detected chip: boya[0m
[0;32mI (322) spi_flash: flash io: dio[0m
[0;32mI (326) sleep_gpio: Configure to isolate all GPIO pins in sleep state[0m
[0;32mI (332) sleep_gpio: Enable automatic switching of GPIO sleep configuration[0m
[0;32mI (339) main_task: Started on CPU0[0m
[0;32mI (379) main_task: Calling app_main()[0m
[0;32mI (399) pp: pp rom version: e7ae62f[0m
[0;32mI (399) net80211: net80211 rom version: e7ae62f[0m
[0;32mI (409) wifi:wifi driver task: 3fced4d0, prio:23, stack:6656, core=0[0m
[0;32mI (419) wifi:wifi firmware version: 14da9b7[0m
[0;32mI (419) wifi:wifi certification version: v7.0[0m
[0;32mI (419) wifi:config NVS flash: enabled[0m
[0;32mI (419) wifi:config nano formatting: disabled[0m
[0;32mI (419) wifi:Init data frame dynamic rx buffer num: 32[0m
[0;32mI (429) wifi:Init static rx mgmt buffer num: 5[0m
[0;32mI (429) wifi:Init management short buffer num: 32[0m
[0;32mI (429) wifi:Init dynamic tx buffer num: 32[0m
[0;32mI (439) wifi:Init static tx FG buffer num: 2[0m
[0;32mI (439) wifi:Init static rx buffer size: 1600[0m
[0;32mI (449) wifi:Init static rx buffer num: 10[0m
[0;32mI (449) wifi:Init dynamic rx buffer num: 32[0m
[0;32mI (459) wifi_init: rx ba win: 6[0m
[0;32mI (459) wifi_init: accept mbox: 6[0m
[0;32mI (459) wifi_init: tcpip mbox: 32[0m
[0;32mI (459) wifi_init: udp mbox: 6[0m
[0;32mI (469) wifi_init: tcp mbox: 6[0m
[0;32mI (469) wifi_init: tcp tx win: 5760[0m
[0;32mI (469) wifi_init: tcp rx win: 5760[0m
[0;32mI (479) wifi_init: tcp mss: 1440[0m
[0;32mI (479) wifi_init: WiFi IRAM OP enabled[0m
[0;32mI (479) wifi_init: WiFi RX IRAM OP enabled[0m
[0;32mI (489) phy_init: phy_version 701,f4f1da3a,Mar  3 2025,15:50:10[0m
[0;32mI (529) wifi:mode : sta (a0:85:e3:f0:74:08)[0m
[0;32mI (529) wifi:enable tsf[0m
[0;33mW (529) wifi:Haven't to connect to a suitable AP now![0m
[1;31mE (529) uart: uart_write_bytes(1590): uart driver error[0m
[0;33mW (5529) wifi:Haven't to connect to a suitable AP now![0m
[1;31mE (5529) uart: uart_write_bytes(1590): uart driver error[0m
[0;33mW (10529) wifi:Haven't to connect to a suitable AP now![0m
[1;31mE (10529) uart: uart_write_bytes(1590): uart driver error[0m
[0;33mW (15529) wifi:Haven't to connect to a suitable AP now![0m
[1;31mE (15529) uart: uart_write_bytes(1590): uart driver error[0m
[0;33mW (20529) wifi:Haven't to connect to a suitable AP now![0m
[1;31mE (20529) uart: uart_write_bytes(1590): uart driver error[0m
[0;33mW (25529) wifi:Haven't to connect to a suitable AP now![0m
[1;31mE (25529) uart: uart_write_bytes(1590): uart driver error[0m
[0;33mW (30529) wifi:Haven't to connect to a suitable AP now![0m
[1;31mE (30529) uart: uart_write_bytes(1590): uart driver error[0m
