Command: /home/prakash/.espressif/python_env/idf5.5_py3.10_env/bin/python /home/prakash/esp-idf/esp-idf/tools/idf_monitor.py -p /dev/ttyACM0 -b 115200 --toolchain-prefix xtensa-esp32s3-elf- --target esp32s3 --revision 0 /home/prakash/REST/kiosk-connect/build/kiosk-connect.elf /home/prakash/REST/kiosk-connect/build/bootloader/bootloader.elf -m '/home/prakash/.espressif/python_env/idf5.5_py3.10_env/bin/python' '/home/prakash/esp-idf/esp-idf/tools/idf.py'
ESP-ROM:esp32s3-20210327
Build:Mar 27 2021
rst:0x1 (POWERON),boot:0x8 (SPI_FAST_FLASH_BOOT)
SPIWP:0xee
mode:DIO, clock div:1
load:0x3fce2820,len:0x158c
load:0x403c8700,len:0xd24
load:0x403cb700,len:0x2f34
entry 0x403c8924
[0;32mI (24) boot: ESP-IDF v5.5.1 2nd stage bootloader[0m
[0;32mI (25) boot: compile time Mar  1 2026 11:12:01[0m
[0;32mI (25) boot: Multicore bootloader[0m
[0;32mI (25) boot: chip revision: v0.2[0m
[0;32mI (28) boot: efuse block revision: v1.3[0m
[0;32mI (31) boot.esp32s3: Boot SPI Speed : 80MHz[0m
[0;32mI (35) boot.esp32s3: SPI Mode       : DIO[0m
[0;32mI (39) boot.esp32s3: SPI Flash Size : 16MB[0m
[0;32mI (43) boot: Enabling RNG early entropy source...[0m
[0;32mI (47) boot: Partition Table:[0m
[0;32mI (50) boot: ## Label            Usage          Type ST Offset   Length[0m
[0;32mI (56) boot:  0 nvs              WiFi data        01 02 00009000 00006000[0m
[0;32mI (63) boot:  1 phy_init         RF data          01 01 0000f000 00001000[0m
[0;32mI (69) boot:  2 factory          factory app      00 00 00010000 00100000[0m
[0;32mI (76) boot: End of partition table[0m
[0;32mI (79) esp_image: segment 0: paddr=00010020 vaddr=3c0b0020 size=30a40h (199232) map[0m
[0;32mI (121) esp_image: segment 1: paddr=00040a68 vaddr=3fc9ae00 size=0494ch ( 18764) load[0m
[0;32mI (126) esp_image: segment 2: paddr=000453bc vaddr=40374000 size=0ac5ch ( 44124) load[0m
[0;32mI (136) esp_image: segment 3: paddr=00050020 vaddr=42000020 size=a2458h (664664) map[0m
[0;32mI (253) esp_image: segment 4: paddr=000f2480 vaddr=4037ec5c size=0c188h ( 49544) load[0m
[0;32mI (264) esp_image: segment 5: paddr=000fe610 vaddr=50000000 size=00020h (    32) load[0m
[0;32mI (273) boot: Loaded app from partition at offset 0x10000[0m
[0;32mI (273) boot: Disabling RNG early entropy source...[0m
[0;32mI (284) cpu_start: Multicore app[0m
[0;32mI (293) cpu_start: Pro cpu start user code[0m
[0;32mI (293) cpu_start: cpu freq: 160000000 Hz[0m
[0;32mI (293) app_init: Application information:[0m
[0;32mI (293) app_init: Project name:     kiosk-connect[0m
[0;32mI (297) app_init: App version:      1[0m
[0;32mI (301) app_init: Compile time:     Mar  1 2026 11:11:53[0m
[0;32mI (306) app_init: ELF file SHA256:  803d923da...[0m
[0;32mI (310) app_init: ESP-IDF:          v5.5.1[0m
[0;32mI (314) efuse_init: Min chip rev:     v0.0[0m
[0;32mI (318) efuse_init: Max chip rev:     v0.99 [0m
[0;32mI (322) efuse_init: Chip rev:         v0.2[0m
[0;32mI (326) heap_init: Initializing. RAM available for dynamic allocation:[0m
[0;32mI (332) heap_init: At 3FCA3CD8 len 00045A38 (278 KiB): RAM[0m
[0;32mI (337) heap_init: At 3FCE9710 len 00005724 (21 KiB): RAM[0m
[0;32mI (342) heap_init: At 3FCF0000 len 00008000 (32 KiB): DRAM[0m
[0;32mI (347) heap_init: At 600FE000 len 00001FE8 (7 KiB): RTCRAM[0m
[0;32mI (354) spi_flash: detected chip: boya[0m
[0;32mI (356) spi_flash: flash io: dio[0m
[0;32mI (359) sleep_gpio: Configure to isolate all GPIO pins in sleep state[0m
[0;32mI (365) sleep_gpio: Enable automatic switching of GPIO sleep configuration[0m
[0;32mI (372) main_task: Started on CPU0[0m
I (412��I (412) KIOSK_CONNECT: ESP_1.0.3

ESP_1.0.3
[0;32mI (412) pp: pp rom version: e7ae62f[0m
[0;32mI (412) net80211: net80211 rom version: e7ae62f[0m

***ERROR*** A stack overflow in task main has been detected.


Backtrace: 0x4037cc89:0x3fca6e10 0x4037cc51:0x3fca6e30 0x4037dd5a:0x3fca6e50 0x4037f207:0x3fca6ed0 0x4037de20:0x3fca6ef0 0x4037de16:0x400559e0 |<-CORRUPTED




ELF file SHA256: 803d923da

Rebooting...
ESP-ROM:esp32s3-20210327
Build:Mar 27 2021
rst:0xc (RTC_SW_CPU_RST),boot:0x8 (SPI_FAST_FLASH_BOOT)
Saved PC:0x4037cdd8
SPIWP:0xee
mode:DIO, clock div:1
load:0x3fce2820,len:0x158c
load:0x403c8700,len:0xd24
load:0x403cb700,len:0x2f34
entry 0x403c8924
[0;32mI (29) boot: ESP-IDF v5.5.1 2nd stage bootloader[0m
[0;32mI (29) boot: compile time Mar  1 2026 11:12:01[0m
[0;32mI (29) boot: Multicore bootloader[0m
[0;32mI (29) boot: chip revision: v0.2[0m
[0;32mI (32) boot: efuse block revision: v1.3[0m
[0;32mI (36) boot.esp32s3: Boot SPI Speed : 80MHz[0m
[0;32mI (40) boot.esp32s3: SPI Mode       : DIO[0m
[0;32mI (43) boot.esp32s3: SPI Flash Size : 16MB[0m
[0;32mI (47) boot: Enabling RNG early entropy source...[0m
[0;32mI (52) boot: Partition Table:[0m
[0;32mI (54) boot: ## Label            Usage          Type ST Offset   Length[0m
[0;32mI (61) boot:  0 nvs              WiFi data        01 02 00009000 00006000[0m
[0;32mI (67) boot:  1 phy_init         RF data          01 01 0000f000 00001000[0m
[0;32mI (74) boot:  2 factory          factory app      00 00 00010000 00100000[0m
[0;32mI (80) boot: End of partition table[0m
[0;32mI (83) esp_image: segment 0: paddr=00010020 vaddr=3c0b0020 size=30a40h (199232) map[0m
[0;32mI (126) esp_image: segment 1: paddr=00040a68 vaddr=3fc9ae00 size=0494ch ( 18764) load[0m
[0;32mI (130) esp_image: segment 2: paddr=000453bc vaddr=40374000 size=0ac5ch ( 44124) load[0m
[0;32mI (140) esp_image: segment 3: paddr=00050020 vaddr=42000020 size=a2458h (664664) map[0m
[0;32mI (257) esp_image: segment 4: paddr=000f2480 vaddr=4037ec5c size=0c188h ( 49544) load[0m
[0;32mI (268) esp_image: segment 5: paddr=000fe610 vaddr=50000000 size=00020h (    32) load[0m
[0;32mI (278) boot: Loaded app from partition at offset 0x10000[0m
[0;32mI (278) boot: Disabling RNG early entropy source...[0m
[0;32mI (288) cpu_start: Multicore app[0m
[0;32mI (297) cpu_start: Pro cpu start user code[0m
[0;32mI (297) cpu_start: cpu freq: 160000000 Hz[0m
[0;32mI (297) app_init: Application information:[0m
[0;32mI (297) app_init: Project name:     kiosk-connect[0m
[0;32mI (302) app_init: App version:      1[0m
[0;32mI (305) app_init: Compile time:     Mar  1 2026 11:11:53[0m
[0;32mI (310) app_init: ELF file SHA256:  803d923da...[0m
[0;32mI (314) app_init: ESP-IDF:          v5.5.1[0m
[0;32mI (318) efuse_init: Min chip rev:     v0.0[0m
[0;32mI (322) efuse_init: Max chip rev:     v0.99 [0m
[0;32mI (326) efuse_init: Chip rev:         v0.2[0m
[0;32mI (330) heap_init: Initializing. RAM available for dynamic allocation:[0m
[0;32mI (336) heap_init: At 3FCA3CD8 len 00045A38 (278 KiB): RAM[0m
[0;32mI (341) heap_init: At 3FCE9710 len 00005724 (21 KiB): RAM[0m
[0;32mI (346) heap_init: At 3FCF0000 len 00008000 (32 KiB): DRAM[0m
[0;32mI (352) heap_init: At 600FE000 len 00001FE8 (7 KiB): RTCRAM[0m
[0;32mI (358) spi_flash: detected chip: boya[0m
[0;32mI (360) spi_flash: flash io: dio[0m
[0;32mI (364) sleep_gpio: Configure to isolate all GPIO pins in sleep state[0m
[0;32mI (370) sleep_gpio: Enable automatic switching of GPIO sleep configuration[0m
[0;32mI (377) main_task: Started on CPU0[0m
I (417��I (417) KIOSK_CONNECT: ESP_1.0.3

ESP_1.0.3
[0;32mI (417) pp: pp rom version: e7ae62f[0m
[0;32mI (417) net80211: net80211 rom version: e7ae62f[0m

***ERROR*** A stack overflow in task main has been detected.


Backtrace: 0x4037cc89:0x3fca6e10 0x4037cc51:0x3fca6e30 0x4037dd5a:0x3fca6e50 0x4037f207:0x3fca6ed0 0x4037de20:0x3fca6ef0 0x4037de16:0x400559e0 |<-CORRUPTED




ELF file SHA256: 803d923da

Rebooting...
ESP-ROM:esp32s3-20210327
Build:Mar 27 2021
rst:0xc (RTC_SW_CPU_RST),boot:0x8 (SPI_FAST_FLASH_BOOT)
Saved PC:0x4037cdd8
SPIWP:0xee
mode:DIO, clock div:1
load:0x3fce2820,len:0x158c
load:0x403c8700,len:0xd24
load:0x403cb700,len:0x2f34
entry 0x403c8924
[0;32mI (29) boot: ESP-IDF v5.5.1 2nd stage bootloader[0m
[0;32mI (29) boot: compile time Mar  1 2026 11:12:01[0m
[0;32mI (29) boot: Multicore bootloader[0m
[0;32mI (29) boot: chip revision: v0.2[0m
[0;32mI (32) boot: efuse block revision: v1.3[0m
[0;32mI (36) boot.esp32s3: Boot SPI Speed : 80MHz[0m
[0;32mI (40) boot.esp32s3: SPI Mode       : DIO[0m
[0;32mI (43) boot.esp32s3: SPI Flash Size : 16MB[0m
[0;32mI (47) boot: Enabling RNG early entropy source...[0m
[0;32mI (52) boot: Partition Table:[0m
[0;32mI (54) boot: ## Label            Usage          Type ST Offset   Length[0m
[0;32mI (61) boot:  0 nvs              WiFi data        01 02 00009000 00006000[0m
[0;32mI (67) boot:  1 phy_init         RF data          01 01 0000f000 00001000[0m
[0;32mI (74) boot:  2 factory          factory app      00 00 00010000 00100000[0m
[0;32mI (80) boot: End of partition table[0m
[0;32mI (83) esp_image: segment 0: paddr=00010020 vaddr=3c0b0020 size=30a40h (199232) map[0m
[0;32mI (126) esp_image: segment 1: paddr=00040a68 vaddr=3fc9ae00 size=0494ch ( 18764) load[0m
[0;32mI (130) esp_image: segment 2: paddr=000453bc vaddr=40374000 size=0ac5ch ( 44124) load[0m
[0;32mI (140) esp_image: segment 3: paddr=00050020 vaddr=42000020 size=a2458h (664664) map[0m
[0;32mI (257) esp_image: segment 4: paddr=000f2480 vaddr=4037ec5c size=0c188h ( 49544) load[0m
[0;32mI (268) esp_image: segment 5: paddr=000fe610 vaddr=50000000 size=00020h (    32) load[0m
[0;32mI (278) boot: Loaded app from partition at offset 0x10000[0m
[0;32mI (278) boot: Disabling RNG early entropy source...[0m
[0;32mI (288) cpu_start: Multicore app[0m
[0;32mI (297) cpu_start: Pro cpu start user code[0m
[0;32mI (297) cpu_start: cpu freq: 160000000 Hz[0m
[0;32mI (297) app_init: Application information:[0m
[0;32mI (297) app_init: Project name:     kiosk-connect[0m
[0;32mI (302) app_init: App version:      1[0m
[0;32mI (305) app_init: Compile time:     Mar  1 2026 11:11:53[0m
[0;32mI (310) app_init: ELF file SHA256:  803d923da...[0m
[0;32mI (314) app_init: ESP-IDF:          v5.5.1[0m
[0;32mI (318) efuse_init: Min chip rev:     v0.0[0m
[0;32mI (322) efuse_init: Max chip rev:     v0.99 [0m
[0;32mI (326) efuse_init: Chip rev:         v0.2[0m
[0;32mI (330) heap_init: Initializing. RAM available for dynamic allocation:[0m
[0;32mI (336) heap_init: At 3FCA3CD8 len 00045A38 (278 KiB): RAM[0m
[0;32mI (341) heap_init: At 3FCE9710 len 00005724 (21 KiB): RAM[0m
[0;32mI (346) heap_init: At 3FCF0000 len 00008000 (32 KiB): DRAM[0m
[0;32mI (352) heap_init: At 600FE000 len 00001FE8 (7 KiB): RTCRAM[0m
[0;32mI (358) spi_flash: detected chip: boya[0m
[0;32mI (360) spi_flash: flash io: dio[0m
[0;32mI (364) sleep_gpio: Configure to isolate all GPIO pins in sleep state[0m
[0;32mI (370) sleep_gpio: Enable automatic switching of GPIO sleep configuration[0m
[0;32mI (377) main_task: Started on CPU0[0m
I (417��I (417) KIOSK_CONNECT: ESP_1.0.3

ESP_1.0.3
[0;32mI (417) pp: pp rom version: e7ae62f[0m
[0;32mI (417) net80211: net80211 rom version: e7ae62f[0m

***ERROR*** A stack overflow in task main has been detected.


Backtrace: 0x4037cc89:0x3fca6e10 0x4037cc51:0x3fca6e30 0x4037dd5a:0x3fca6e50 0x4037f207:0x3fca6ed0 0x4037de20:0x3fca6ef0 0x4037de16:0x400559e0 |<-CORRUPTED




ELF file SHA256: 803d923da

Rebooting...
ESP-ROM:esp32s3-20210327
Build:Mar 27 2021
rst:0xc (RTC_SW_CPU_RST),boot:0x8 (SPI_FAST_FLASH_BOOT)
Saved PC:0x4037cdd8
SPIWP:0xee
mode:DIO, clock div:1
load:0x3fce2820,len:0x158c
load:0x403c8700,len:0xd24
load:0x403cb700,len:0x2f34
entry 0x403c8924
[0;32mI (29) boot: ESP-IDF v5.5.1 2nd stage bootloader[0m
[0;32mI (29) boot: compile time Mar  1 2026 11:12:01[0m
[0;32mI (29) boot: Multicore bootloader[0m
[0;32mI (29) boot: chip revision: v0.2[0m
[0;32mI (32) boot: efuse block revision: v1.3[0m
[0;32mI (36) boot.esp32s3: Boot SPI Speed : 80MHz[0m
[0;32mI (40) boot.esp32s3: SPI Mode       : DIO[0m
[0;32mI (43) boot.esp32s3: SPI Flash Size : 16MB[0m
[0;32mI (47) boot: Enabling RNG early entropy source...[0m
[0;32mI (52) boot: Partition Table:[0m
[0;32mI (54) boot: ## Label            Usage          Type ST Offset   Length[0m
[0;32mI (61) boot:  0 nvs              WiFi data        01 02 00009000 00006000[0m
[0;32mI (67) boot:  1 phy_init         RF data          01 01 0000f000 00001000[0m
[0;32mI (74) boot:  2 factory          factory app      00 00 00010000 00100000[0m
[0;32mI (80) boot: End of partition table[0m
[0;32mI (83) esp_image: segment 0: paddr=00010020 vaddr=3c0b0020 size=30a40h (199232) map[0m
[0;32mI (126) esp_image: segment 1: paddr=00040a68 vaddr=3fc9ae00 size=0494ch ( 18764) load[0m
[0;32mI (130) esp_image: segment 2: paddr=000453bc vaddr=40374000 size=0ac5ch ( 44124) load[0m
[0;32mI (140) esp_image: segment 3: paddr=00050020 vaddr=42000020 size=a2458h (664664) map[0m
[0;32mI (257) esp_image: segment 4: paddr=000f2480 vaddr=4037ec5c size=0c188h ( 49544) load[0m
[0;32mI (268) esp_image: segment 5: paddr=000fe610 vaddr=50000000 size=00020h (    32) load[0m
[0;32mI (278) boot: Loaded app from partition at offset 0x10000[0m
[0;32mI (278) boot: Disabling RNG early entropy source...[0m
[0;32mI (288) cpu_start: Multicore app[0m
[0;32mI (297) cpu_start: Pro cpu start user code[0m
[0;32mI (297) cpu_start: cpu freq: 160000000 Hz[0m
[0;32mI (297) app_init: Application information:[0m
[0;32mI (297) app_init: Project name:     kiosk-connect[0m
[0;32mI (302) app_init: App version:      1[0m
[0;32mI (305) app_init: Compile time:     Mar  1 2026 11:11:53[0m
[0;32mI (310) app_init: ELF file SHA256:  803d923da...[0m
[0;32mI (314) app_init: ESP-IDF:          v5.5.1[0m
[0;32mI (318) efuse_init: Min chip rev:     v0.0[0m
[0;32mI (322) efuse_init: Max chip rev:     v0.99 [0m
[0;32mI (326) efuse_init: Chip rev:         v0.2[0m
[0;32mI (330) heap_init: Initializing. RAM available for dynamic allocation:[0m
[0;32mI (336) heap_init: At 3FCA3CD8 len 00045A38 (278 KiB): RAM[0m
[0;32mI (341) heap_init: At 3FCE9710 len 00005724 (21 KiB): RAM[0m
[0;32mI (346) heap_init: At 3FCF0000 len 00008000 (32 KiB): DRAM[0m
[0;32mI (352) heap_init: At 600FE000 len 00001FE8 (7 KiB): RTCRAM[0m
[0;32mI (358) spi_flash: detected chip: boya[0m
[0;32mI (360) spi_flash: flash io: dio[0m
[0;32mI (364) sleep_gpio: Configure to isolate all GPIO pins in sleep state[0m
[0;32mI (370) sleep_gpio: Enable automatic switching of GPIO sleep configuration[0m
[0;32mI (377) main_task: Started on CPU0[0m
I (417��I (417) KIOSK_CONNECT: ESP_1.0.3

ESP_1.0.3
[0;32mI (417) pp: pp rom version: e7ae62f[0m
[0;32mI (417) net80211: net80211 rom version: e7ae62f[0m

***ERROR*** A stack overflow in task main has been detected.


Backtrace: 0x4037cc89:0x3fca6e10 0x4037cc51:0x3fca6e30 0x4037dd5a:0x3fca6e50 0x4037f207:0x3fca6ed0 0x4037de20:0x3fca6ef0 0x4037de16:0x400559e0 |<-CORRUPTED




ELF file SHA256: 803d923da

Rebooting...
ESP-ROM:esp32s3-20210327
Build:Mar 27 2021
rst:0xc (RTC_SW_CPU_RST),boot:0x8 (SPI_FAST_FLASH_BOOT)
Saved PC:0x4037cdd8
SPIWP:0xee
mode:DIO, clock div:1
load:0x3fce2820,len:0x158c
load:0x403c8700,len:0xd24
load:0x403cb700,len:0x2f34
entry 0x403c8924
[0;32mI (29) boot: ESP-IDF v5.5.1 2nd stage bootloader[0m
[0;32mI (29) boot: compile time Mar  1 2026 11:12:01[0m
[0;32mI (29) boot: Multicore bootloader[0m
[0;32mI (29) boot: chip revision: v0.2[0m
[0;32mI (32) boot: efuse block revision: v1.3[0m
[0;32mI (36) boot.esp32s3: Boot SPI Speed : 80MHz[0m
[0;32mI (40) boot.esp32s3: SPI Mode       : DIO[0m
[0;32mI (43) boot.esp32s3: SPI Flash Size : 16MB[0m
[0;32mI (47) boot: Enabling RNG early entropy source...[0m
[0;32mI (52) boot: Partition Table:[0m
[0;32mI (54) boot: ## Label            Usage          Type ST Offset   Length[0m
[0;32mI (61) boot:  0 nvs              WiFi data        01 02 00009000 00006000[0m
[0;32mI (67) boot:  1 phy_init         RF data          01 01 0000f000 00001000[0m
[0;32mI (74) boot:  2 factory          factory app      00 00 00010000 00100000[0m
[0;32mI (80) boot: End of partition table[0m
[0;32mI (83) esp_image: segment 0: paddr=00010020 vaddr=3c0b0020 size=30a40h (199232) map[0m
[0;32mI (126) esp_image: segment 1: paddr=00040a68 vaddr=3fc9ae00 size=0494ch ( 18764) load[0m
[0;32mI (130) esp_image: segment 2: paddr=000453bc vaddr=40374000 size=0ac5ch ( 44124) load[0m
[0;32mI (140) esp_image: segment 3: paddr=00050020 vaddr=42000020 size=a2458h (664664) map[0m
[0;32mI (257) esp_image: segment 4: paddr=000f2480 vaddr=4037ec5c size=0c188h ( 49544) load[0m
[0;32mI (268) esp_image: segment 5: paddr=000fe610 vaddr=50000000 size=00020h (    32) load[0m
[0;32mI (278) boot: Loaded app from partition at offset 0x10000[0m
[0;32mI (278) boot: Disabling RNG early entropy source...[0m
[0;32mI (288) cpu_start: Multicore app[0m
[0;32mI (297) cpu_start: Pro cpu start user code[0m
[0;32mI (297) cpu_start: cpu freq: 160000000 Hz[0m
[0;32mI (297) app_init: Application information:[0m
[0;32mI (297) app_init: Project name:     kiosk-connect[0m
[0;32mI (302) app_init: App version:      1[0m
[0;32mI (305) app_init: Compile time:     Mar  1 2026 11:11:53[0m
[0;32mI (310) app_init: ELF file SHA256:  803d923da...[0m
[0;32mI (314) app_init: ESP-IDF:          v5.5.1[0m
[0;32mI (318) efuse_init: Min chip rev:     v0.0[0m
[0;32mI (322) efuse_init: Max chip rev:     v0.99 [0m
[0;32mI (326) efuse_init: Chip rev:         v0.2[0m
[0;32mI (330) heap_init: Initializing. RAM available for dynamic allocation:[0m
[0;32mI (336) heap_init: At 3FCA3CD8 len 00045A38 (278 KiB): RAM[0m
[0;32mI (341) heap_init: At 3FCE9710 len 00005724 (21 KiB): RAM[0m
[0;32mI (346) heap_init: At 3FCF0000 len 00008000 (32 KiB): DRAM[0m
[0;32mI (352) heap_init: At 600FE000 len 00001FE8 (7 KiB): RTCRAM[0m
[0;32mI (358) spi_flash: detected chip: boya[0m
[0;32mI (360) spi_flash: flash io: dio[0m
[0;32mI (364) sleep_gpio: Configure to isolate all GPIO pins in sleep state[0m
[0;32mI (370) sleep_gpio: Enable automatic switching of GPIO sleep configuration[0m
[0;32mI (377) main_task: Started on CPU0[0m
I (417��I (417) KIOSK_CONNECT: ESP_1.0.3

ESP_1.0.3
[0;32mI (417) pp: pp rom version: e7ae62f[0m
[0;32mI (417) net80211: net80211 rom version: e7ae62f[0m

***ERROR*** A stack overflow in task main has been detected.


Backtrace: 0x4037cc89:0x3fca6e10 0x4037cc51:0x3fca6e30 0x4037dd5a:0x3fca6e50 0x4037f207:0x3fca6ed0 0x4037de20:0x3fca6ef0 0x4037de16:0x400559e0 |<-CORRUPTED




ELF file SHA256: 803d923da

Rebooting...
ESP-ROM:esp32s3-20210327
Build:Mar 27 2021
rst:0xc (RTC_SW_CPU_RST),boot:0x8 (SPI_FAST_FLASH_BOOT)
Saved PC:0x4037cdd8
SPIWP:0xee
mode:DIO, clock div:1
load:0x3fce2820,len:0x158c
load:0x403c8700,len:0xd24
load:0x403cb700,len:0x2f34
entry 0x403c8924
[0;32mI (29) boot: ESP-IDF v5.5.1 2nd stage bootloader[0m
[0;32mI (29) boot: compile time Mar  1 2026 11:12:01[0m
[0;32mI (29) boot: Multicore bootloader[0m
[0;32mI (29) boot: chip revision: v0.2[0m
[0;32mI (32) boot: efuse block revision: v1.3[0m
[0;32mI (36) boot.esp32s3: Boot SPI Speed : 80MHz[0m
[0;32mI (40) boot.esp32s3: SPI Mode       : DIO[0m
[0;32mI (43) boot.esp32s3: SPI Flash Size : 16MB[0m
[0;32mI (47) boot: Enabling RNG early entropy source...[0m
[0;32mI (52) boot: Partition Table:[0m
[0;32mI (54) boot: ## Label            Usage          Type ST Offset   Length[0m
[0;32mI (61) boot:  0 nvs              WiFi data        01 02 00009000 00006000[0m
[0;32mI (67) boot:  1 phy_init         RF data          01 01 0000f000 00001000[0m
[0;32mI (74) boot:  2 factory          factory app      00 00 00010000 00100000[0m
[0;32mI (80) boot: End of partition table[0m
[0;32mI (83) esp_image: segment 0: paddr=00010020 vaddr=3c0b0020 size=30a40h (199232) map[0m
[0;32mI (126) esp_image: segment 1: paddr=00040a68 vaddr=3fc9ae00 size=0494ch ( 18764) load[0m
[0;32mI (130) esp_image: segment 2: paddr=000453bc vaddr=40374000 size=0ac5ch ( 44124) load[0m
[0;32mI (140) esp_image: segment 3: paddr=00050020 vaddr=42000020 size=a2458h (664664) map[0m
[0;32mI (257) esp_image: segment 4: paddr=000f2480 vaddr=4037ec5c size=0c188h ( 49544) load[0m
[0;32mI (268) esp_image: segment 5: paddr=000fe610 vaddr=50000000 size=00020h (    32) load[0m
[0;32mI (278) boot: Loaded app from partition at offset 0x10000[0m
[0;32mI (278) boot: Disabling RNG early entropy source...[0m
[0;32mI (288) cpu_start: Multicore app[0m
[0;32mI (297) cpu_start: Pro cpu start user code[0m
[0;32mI (297) cpu_start: cpu freq: 160000000 Hz[0m
[0;32mI (297) app_init: Application information:[0m
[0;32mI (297) app_init: Project name:     kiosk-connect[0m
[0;32mI (302) app_init: App version:      1[0m
[0;32mI (305) app_init: Compile time:     Mar  1 2026 11:11:53[0m
[0;32mI (310) app_init: ELF file SHA256:  803d923da...[0m
[0;32mI (314) app_init: ESP-IDF:          v5.5.1[0m
[0;32mI (318) efuse_init: Min chip rev:     v0.0[0m
[0;32mI (322) efuse_init: Max chip rev:     v0.99 [0m
[0;32mI (326) efuse_init: Chip rev:         v0.2[0m
[0;32mI (330) heap_init: Initializing. RAM available for dynamic allocation:[0m
[0;32mI (336) heap_init: At 3FCA3CD8 len 00045A38 (278 KiB): RAM[0m
[0;32mI (341) heap_init: At 3FCE9710 len 00005724 (21 KiB): RAM[0m
[0;32mI (346) heap_init: At 3FCF0000 len 00008000 (32 KiB): DRAM[0m
[0;32mI (352) heap_init: At 600FE000 len 00001FE8 (7 KiB): RTCRAM[0m
[0;32mI (358) spi_flash: detected chip: boya[0m
[0;32mI (360) spi_flash: flash io: dio[0m
[0;32mI (364) sleep_gpio: Configure to isolate all GPIO pins in sleep state[0m
[0;32mI (370) sleep_gpio: Enable automatic switching of GPIO sleep configuration[0m
[0;32mI (377) main_task: Started on CPU0[0m
I (417��I (417) KIOSK_CONNECT: ESP_1.0.3

ESP_1.0.3
[0;32mI (417) pp: pp rom version: e7ae62f[0m
[0;32mI (417) net80211: net80211 rom version: e7ae62f[0m

***ERROR*** A stack overflow in task main has been detected.


Backtrace: 0x4037cc89:0x3fca6e10 0x4037cc51:0x3fca6e30 0x4037dd5a:0x3fca6e50 0x4037f207:0x3fca6ed0 0x4037de20:0x3fca6ef0 0x4037de16:0x400559e0 |<-CORRUPTED




ELF file SHA256: 803d923da

Rebooting...
ESP-ROM:esp32s3-20210327
Build:Mar 27 2021
rst:0xc (RTC_SW_CPU_RST),boot:0x8 (SPI_FAST_FLASH_BOOT)
Saved PC:0x4037cdd8
SPIWP:0xee
mode:DIO, clock div:1
load:0x3fce2820,len:0x158c
load:0x403c8700,len:0xd24
load:0x403cb700,len:0x2f34
entry 0x403c8924
[0;32mI (29) boot: ESP-IDF v5.5.1 2nd stage bootloader[0m
[0;32mI (29) boot: compile time Mar  1 2026 11:12:01[0m
[0;32mI (29) boot: Multicore bootloader[0m
[0;32mI (29) boot: chip revision: v0.2[0m
[0;32mI (32) boot: efuse block revision: v1.3[0m
[0;32mI (36) boot.esp32s3: Boot SPI Speed : 80MHz[0m
[0;32mI (40) boot.esp32s3: SPI Mode       : DIO[0m
[0;32mI (43) boot.esp32s3: SPI Flash Size : 16MB[0m
[0;32mI (47) boot: Enabling RNG early entropy source...[0m
[0;32mI (52) boot: Partition Table:[0m
[0;32mI (54) boot: ## Label            Usage          Type ST Offset   Length[0m
[0;32mI (61) boot:  0 nvs              WiFi data        01 02 00009000 00006000[0m
[0;32mI (67) boot:  1 phy_init         RF data          01 01 0000f000 00001000[0m
[0;32mI (74) boot:  2 factory          factory app      00 00 00010000 00100000[0m
[0;32mI (80) boot: End of partition table[0m
[0;32mI (83) esp_image: segment 0: paddr=00010020 vaddr=3c0b0020 size=30a40h (199232) map[0m
[0;32mI (126) esp_image: segment 1: paddr=00040a68 vaddr=3fc9ae00 size=0494ch ( 18764) load[0m
[0;32mI (130) esp_image: segment 2: paddr=000453bc vaddr=40374000 size=0ac5ch ( 44124) load[0m
[0;32mI (140) esp_image: segment 3: paddr=00050020 vaddr=42000020 size=a2458h (664664) map[0m
[0;32mI (257) esp_image: segment 4: paddr=000f2480 vaddr=4037ec5c size=0c188h ( 49544) load[0m
[0;32mI (268) esp_image: segment 5: paddr=000fe610 vaddr=50000000 size=00020h (    32) load[0m
[0;32mI (278) boot: Loaded app from partition at offset 0x10000[0m
[0;32mI (278) boot: Disabling RNG early entropy source...[0m
[0;32mI (288) cpu_start: Multicore app[0m
[0;32mI (297) cpu_start: Pro cpu start user code[0m
[0;32mI (297) cpu_start: cpu freq: 160000000 Hz[0m
[0;32mI (297) app_init: Application information:[0m
[0;32mI (297) app_init: Project name:     kiosk-connect[0m
[0;32mI (302) app_init: App version:      1[0m
[0;32mI (305) app_init: Compile time:     Mar  1 2026 11:11:53[0m
[0;32mI (310) app_init: ELF file SHA256:  803d923da...[0m
[0;32mI (314) app_init: ESP-IDF:          v5.5.1[0m
[0;32mI (318) efuse_init: Min chip rev:     v0.0[0m
[0;32mI (322) efuse_init: Max chip rev:     v0.99 [0m
[0;32mI (326) efuse_init: Chip rev:         v0.2[0m
[0;32mI (330) heap_init: Initializing. RAM available for dynamic allocation:[0m
[0;32mI (336) heap_init: At 3FCA3CD8 len 00045A38 (278 KiB): RAM[0m
[0;32mI (341) heap_init: At 3FCE9710 len 00005724 (21 KiB): RAM[0m
[0;32mI (346) heap_init: At 3FCF0000 len 00008000 (32 KiB): DRAM[0m
[0;32mI (352) heap_init: At 600FE000 len 00001FE8 (7 KiB): RTCRAM[0m
[0;32mI (358) spi_flash: detected chip: boya[0m
[0;32mI (360) spi_flash: flash io: dio[0m
[0;32mI (364) sleep_gpio: Configure to isolate all GPIO pins in sleep state[0m
[0;32mI (370) sleep_gpio: Enable automatic switching of GPIO sleep configuration[0m
[0;32mI (377) main_task: Started on CPU0[0m
I (417��I (417) KIOSK_CONNECT: ESP_1.0.3

ESP_1.0.3
[0;32mI (417) pp: pp rom version: e7ae62f[0m
[0;32mI (417) net80211: net80211 rom version: e7ae62f[0m

***ERROR*** A stack overflow in task main has been detected.


Backtrace: 0x4037cc89:0x3fca6e10 0x4037cc51:0x3fca6e30 0x4037dd5a:0x3fca6e50 0x4037f207:0x3fca6ed0 0x4037de20:0x3fca6ef0 0x4037de16:0x400559e0 |<-CORRUPTED




ELF file SHA256: 803d923da

Rebooting...
ESP-ROM:esp32s3-20210327
Build:Mar 27 2021
rst:0xc (RTC_SW_CPU_RST),boot:0x8 (SPI_FAST_FLASH_BOOT)
Saved PC:0x4037cdd8
SPIWP:0xee
mode:DIO, clock div:1
load:0x3fce2820,len:0x158c
load:0x403c8700,len:0xd24
load:0x403cb700,len:0x2f34
entry 0x403c8924
[0;32mI (29) boot: ESP-IDF v5.5.1 2nd stage bootloader[0m
[0;32mI (29) boot: compile time Mar  1 2026 11:12:01[0m
[0;32mI (29) boot: Multicore bootloader[0m
[0;32mI (29) boot: chip revision: v0.2[0m
[0;32mI (32) boot: efuse block revision: v1.3[0m
[0;32mI (36) boot.esp32s3: Boot SPI Speed : 80MHz[0m
[0;32mI (40) boot.esp32s3: SPI Mode       : DIO[0m
[0;32mI (43) boot.esp32s3: SPI Flash Size : 16MB[0m
[0;32mI (47) boot: Enabling RNG early entropy source...[0m
[0;32mI (52) boot: Partition Table:[0m
[0;32mI (54) boot: ## Label            Usage          Type ST Offset   Length[0m
[0;32mI (61) boot:  0 nvs              WiFi data        01 02 00009000 00006000[0m
[0;32mI (67) boot:  1 phy_init         RF data          01 01 0000f000 00001000[0m
[0;32mI (74) boot:  2 factory          factory app      00 00 00010000 00100000[0m
[0;32mI (80) boot: End of partition table[0m
[0;32mI (83) esp_image: segment 0: paddr=00010020 vaddr=3c0b0020 size=30a40h (199232) map[0m
[0;32mI (126) esp_image: segment 1: paddr=00040a68 vaddr=3fc9ae00 size=0494ch ( 18764) load[0m
[0;32mI (130) esp_image: segment 2: paddr=000453bc vaddr=40374000 size=0ac5ch ( 44124) load[0m
[0;32mI (140) esp_image: segment 3: paddr=00050020 vaddr=42000020 size=a2458h (664664) map[0m
[0;32mI (257) esp_image: segment 4: paddr=000f2480 vaddr=4037ec5c size=0c188h ( 49544) load[0m
[0;32mI (268) esp_image: segment 5: paddr=000fe610 vaddr=50000000 size=00020h (    32) load[0m
[0;32mI (278) boot: Loaded app from partition at offset 0x10000[0m
[0;32mI (278) boot: Disabling RNG early entropy source...[0m
[0;32mI (288) cpu_start: Multicore app[0m
[0;32mI (297) cpu_start: Pro cpu start user code[0m
[0;32mI (297) cpu_start: cpu freq: 160000000 Hz[0m
[0;32mI (297) app_init: Application information:[0m
[0;32mI (297) app_init: Project name:     kiosk-connect[0m
[0;32mI (302) app_init: App version:      1[0m
[0;32mI (305) app_init: Compile time:     Mar  1 2026 11:11:53[0m
[0;32mI (310) app_init: ELF file SHA256:  803d923da...[0m
[0;32mI (314) app_init: ESP-IDF:          v5.5.1[0m
[0;32mI (318) efuse_init: Min chip rev:     v0.0[0m
[0;32mI (322) efuse_init: Max chip rev:     v0.99 [0m
[0;32mI (326) efuse_init: Chip rev:         v0.2[0m
[0;32mI (330) heap_init: Initializing. RAM available for dynamic allocation:[0m
[0;32mI (336) heap_init: At 3FCA3CD8 len 00045A38 (278 KiB): RAM[0m
[0;32mI (341) heap_init: At 3FCE9710 len 00005724 (21 KiB): RAM[0m
[0;32mI (346) heap_init: At 3FCF0000 len 00008000 (32 KiB): DRAM[0m
[0;32mI (352) heap_init: At 600FE000 len 00001FE8 (7 KiB): RTCRAM[0m
[0;32mI (358) spi_flash: detected chip: boya[0m
[0;32mI (360) spi_flash: flash io: dio[0m
[0;32mI (364) sleep_gpio: Configure to isolate all GPIO pins in sleep state[0m
[0;32mI (370) sleep_gpio: Enable automatic switching of GPIO sleep configuration[0m
[0;32mI (377) main_task: Started on CPU0[0m
I (417��I (417) KIOSK_CONNECT: ESP_1.0.3

ESP_1.0.3
[0;32mI (417) pp: pp rom version: e7ae62f[0m
[0;32mI (417) net80211: net80211 rom version: e7ae62f[0m

***ERROR*** A stack overflow in task main has been detected.


Backtrace: 0x4037cc89:0x3fca6e10 0x4037cc51:0x3fca6e30 0x4037dd5a:0x3fca6e50 0x4037f207:0x3fca6ed0 0x4037de20:0x3fca6ef0 0x4037de16:0x400559e0 |<-CORRUPTED




ELF file SHA256: 803d923da

Rebooting...
ESP-ROM:esp32s3-20210327
Build:Mar 27 2021
rst:0xc (RTC_SW_CPU_RST),boot:0x8 (SPI_FAST_FLASH_BOOT)
Saved PC:0x4037cdd8
SPIWP:0xee
mode:DIO, clock div:1
load:0x3fce2820,len:0x158c
load:0x403c8700,len:0xd24
load:0x403cb700,len:0x2f34
entry 0x403c8924
[0;32mI (29) boot: ESP-IDF v5.5.1 2nd stage bootloader[0m
[0;32mI (29) boot: compile time Mar  1 2026 11:12:01[0m
[0;32mI (29) boot: Multicore bootloader[0m
[0;32mI (29) boot: chip revision: v0.2[0m
[0;32mI (32) boot: efuse block revision: v1.3[0m
[0;32mI (36) boot.esp32s3: Boot SPI Speed : 80MHz[0m
[0;32mI (40) boot.esp32s3: SPI Mode       : DIO[0m
[0;32mI (43) boot.esp32s3: SPI Flash Size : 16MB[0m
[0;32mI (47) boot: Enabling RNG early entropy source...[0m
[0;32mI (52) boot: Partition Table:[0m
[0;32mI (54) boot: ## Label            Usage          Type ST Offset   Length[0m
[0;32mI (61) boot:  0 nvs              WiFi data        01 02 00009000 00006000[0m
[0;32mI (67) boot:  1 phy_init         RF data          01 01 0000f000 00001000[0m
[0;32mI (74) boot:  2 factory          factory app      00 00 00010000 00100000[0m
[0;32mI (80) boot: End of partition table[0m
[0;32mI (83) esp_image: segment 0: paddr=00010020 vaddr=3c0b0020 size=30a40h (199232) map[0m
[0;32mI (126) esp_image: segment 1: paddr=00040a68 vaddr=3fc9ae00 size=0494ch ( 18764) load[0m
[0;32mI (130) esp_image: segment 2: paddr=000453bc vaddr=40374000 size=0ac5ch ( 44124) load[0m
[0;32mI (140) esp_image: segment 3: paddr=00050020 vaddr=42000020 size=a2458h (664664) map[0m
[0;32mI (257) esp_image: segment 4: paddr=000f2480 vaddr=4037ec5c size=0c188h ( 49544) load[0m
[0;32mI (268) esp_image: segment 5: paddr=000fe610 vaddr=50000000 size=00020h (    32) load[0m
[0;32mI (278) boot: Loaded app from partition at offset 0x10000[0m
[0;32mI (278) boot: Disabling RNG early entropy source...[0m
[0;32mI (288) cpu_start: Multicore app[0m
[0;32mI (297) cpu_start: Pro cpu start user code[0m
[0;32mI (297) cpu_start: cpu freq: 160000000 Hz[0m
[0;32mI (297) app_init: Application information:[0m
[0;32mI (297) app_init: Project name:     kiosk-connect[0m
[0;32mI (302) app_init: App version:      1[0m
[0;32mI (305) app_init: Compile time:     Mar  1 2026 11:11:53[0m
[0;32mI (310) app_init: ELF file SHA256:  803d923da...[0m
[0;32mI (314) app_init: ESP-IDF:          v5.5.1[0m
[0;32mI (318) efuse_init: Min chip rev:     v0.0[0m
[0;32mI (322) efuse_init: Max chip rev:     v0.99 [0m
[0;32mI (326) efuse_init: Chip rev:         v0.2[0m
[0;32mI (330) heap_init: Initializing. RAM available for dynamic allocation:[0m
[0;32mI (336) heap_init: At 3FCA3CD8 len 00045A38 (278 KiB): RAM[0m
[0;32mI (341) heap_init: At 3FCE9710 len 00005724 (21 KiB): RAM[0m
[0;32mI (346) heap_init: At 3FCF0000 len 00008000 (32 KiB): DRAM[0m
[0;32mI (352) heap_init: At 600FE000 len 00001FE8 (7 KiB): RTCRAM[0m
[0;32mI (358) spi_flash: detected chip: boya[0m
[0;32mI (360) spi_flash: flash io: dio[0m
[0;32mI (364) sleep_gpio: Configure to isolate all GPIO pins in sleep state[0m
[0;32mI (370) sleep_gpio: Enable automatic switching of GPIO sleep configuration[0m
[0;32mI (377) main_task: Started on CPU0[0m
I (417��I (417) KIOSK_CONNECT: ESP_1.0.3

ESP_1.0.3
[0;32mI (417) pp: pp rom version: e7ae62f[0m
[0;32mI (417) net80211: net80211 rom version: e7ae62f[0m

***ERROR*** A stack overflow in task main has been detected.


Backtrace: 0x4037cc89:0x3fca6e10 0x4037cc51:0x3fca6e30 0x4037dd5a:0x3fca6e50 0x4037f207:0x3fca6ed0 0x4037de20:0x3fca6ef0 0x4037de16:0x400559e0 |<-CORRUPTED




ELF file SHA256: 803d923da

Rebooting...
ESP-ROM:esp32s3-20210327
Build:Mar 27 2021
rst:0xc (RTC_SW_CPU_RST),boot:0x8 (SPI_FAST_FLASH_BOOT)
Saved PC:0x4037cdd8
SPIWP:0xee
mode:DIO, clock div:1
load:0x3fce2820,len:0x158c
load:0x403c8700,len:0xd24
load:0x403cb700,len:0x2f34
entry 0x403c8924
[0;32mI (29) boot: ESP-IDF v5.5.1 2nd stage bootloader[0m
[0;32mI (29) boot: compile time Mar  1 2026 11:12:01[0m
[0;32mI (29) boot: Multicore bootloader[0m
[0;32mI (29) boot: chip revision: v0.2[0m
[0;32mI (32) boot: efuse block revision: v1.3[0m
[0;32mI (36) boot.esp32s3: Boot SPI Speed : 80MHz[0m
[0;32mI (40) boot.esp32s3: SPI Mode       : DIO[0m
[0;32mI (43) boot.esp32s3: SPI Flash Size : 16MB[0m
[0;32mI (47) boot: Enabling RNG early entropy source...[0m
[0;32mI (52) boot: Partition Table:[0m
[0;32mI (54) boot: ## Label            Usage          Type ST Offset   Length[0m
[0;32mI (61) boot:  0 nvs              WiFi data        01 02 00009000 00006000[0m
[0;32mI (67) boot:  1 phy_init         RF data          01 01 0000f000 00001000[0m
[0;32mI (74) boot:  2 factory          factory app      00 00 00010000 00100000[0m
[0;32mI (80) boot: End of partition table[0m
[0;32mI (83) esp_image: segment 0: paddr=00010020 vaddr=3c0b0020 size=30a40h (199232) map[0m
[0;32mI (126) esp_image: segment 1: paddr=00040a68 vaddr=3fc9ae00 size=0494ch ( 18764) load[0m
[0;32mI (130) esp_image: segment 2: paddr=000453bc vaddr=40374000 size=0ac5ch ( 44124) load[0m
[0;32mI (140) esp_image: segment 3: paddr=00050020 vaddr=42000020 size=a2458h (664664) map[0m
[0;32mI (257) esp_image: segment 4: paddr=000f2480 vaddr=4037ec5c size=0c188h ( 49544) load[0m
[0;32mI (268) esp_image: segment 5: paddr=000fe610 vaddr=50000000 size=00020h (    32) load[0m
[0;32mI (278) boot: Loaded app from partition at offset 0x10000[0m
[0;32mI (278) boot: Disabling RNG early entropy source...[0m
[0;32mI (288) cpu_start: Multicore app[0m
[0;32mI (297) cpu_start: Pro cpu start user code[0m
[0;32mI (297) cpu_start: cpu freq: 160000000 Hz[0m
[0;32mI (297) app_init: Application information:[0m
[0;32mI (297) app_init: Project name:     kiosk-connect[0m
[0;32mI (302) app_init: App version:      1[0m
[0;32mI (305) app_init: Compile time:     Mar  1 2026 11:11:53[0m
[0;32mI (310) app_init: ELF file SHA256:  803d923da...[0m
[0;32mI (314) app_init: ESP-IDF:          v5.5.1[0m
[0;32mI (318) efuse_init: Min chip rev:     v0.0[0m
[0;32mI (322) efuse_init: Max chip rev:     v0.99 [0m
[0;32mI (326) efuse_init: Chip rev:         v0.2[0m
[0;32mI (330) heap_init: Initializing. RAM available for dynamic allocation:[0m
[0;32mI (336) heap_init: At 3FCA3CD8 len 00045A38 (278 KiB): RAM[0m
[0;32mI (341) heap_init: At 3FCE9710 len 00005724 (21 KiB): RAM[0m
[0;32mI (346) heap_init: At 3FCF0000 len 00008000 (32 KiB): DRAM[0m
[0;32mI (352) heap_init: At 600FE000 len 00001FE8 (7 KiB): RTCRAM[0m
[0;32mI (358) spi_flash: detected chip: boya[0m
[0;32mI (360) spi_flash: flash io: dio[0m
[0;32mI (364) sleep_gpio: Configure to isolate all GPIO pins in sleep state[0m
[0;32mI (370) sleep_gpio: Enable automatic switching of GPIO sleep configuration[0m
[0;32mI (377) main_task: Started on CPU0[0m
I (417��I (417) KIOSK_CONNECT: ESP_1.0.3

ESP_1.0.3
[0;32mI (417) pp: pp rom version: e7ae62f[0m
[0;32mI (417) net80211: net80211 rom version: e7ae62f[0m

***ERROR*** A stack overflow in task main has been detected.


Backtrace: 0x4037cc89:0x3fca6e10 0x4037cc51:0x3fca6e30 0x4037dd5a:0x3fca6e50 0x4037f207:0x3fca6ed0 0x4037de20:0x3fca6ef0 0x4037de16:0x400559e0 |<-CORRUPTED




ELF file SHA256: 803d923da

Rebooting...
ESP-ROM:esp32s3-20210327
Build:Mar 27 2021
rst:0xc (RTC_SW_CPU_RST),boot:0x8 (SPI_FAST_FLASH_BOOT)
Saved PC:0x4037cdd8
SPIWP:0xee
mode:DIO, clock div:1
load:0x3fce2820,len:0x158c
load:0x403c8700,len:0xd24
load:0x403cb700,len:0x2f34
entry 0x403c8924
[0;32mI (29) boot: ESP-IDF v5.5.1 2nd stage bootloader[0m
[0;32mI (29) boot: compile time Mar  1 2026 11:12:01[0m
[0;32mI (29) boot: Multicore bootloader[0m
[0;32mI (29) boot: chip revision: v0.2[0m
[0;32mI (32) boot: efuse block revision: v1.3[0m
[0;32mI (36) boot.esp32s3: Boot SPI Speed : 80MHz[0m
[0;32mI (40) boot.esp32s3: SPI Mode       : DIO[0m
[0;32mI (43) boot.esp32s3: SPI Flash Size : 16MB[0m
[0;32mI (47) boot: Enabling RNG early entropy source...[0m
[0;32mI (52) boot: Partition Table:[0m
[0;32mI (54) boot: ## Label            Usage          Type ST Offset   Length[0m
[0;32mI (61) boot:  0 nvs              WiFi data        01 02 00009000 00006000[0m
[0;32mI (67) boot:  1 phy_init         RF data          01 01 0000f000 00001000[0m
[0;32mI (74) boot:  2 factory          factory app      00 00 00010000 00100000[0m
[0;32mI (80) boot: End of partition table[0m
[0;32mI (83) esp_image: segment 0: paddr=00010020 vaddr=3c0b0020 size=30a40h (199232) map[0m
[0;32mI (126) esp_image: segment 1: paddr=00040a68 vaddr=3fc9ae00 size=0494ch ( 18764) load[0m
[0;32mI (130) esp_image: segment 2: paddr=000453bc vaddr=40374000 size=0ac5ch ( 44124) load[0m
[0;32mI (140) esp_image: segment 3: paddr=00050020 vaddr=42000020 size=a2458h (664664) map[0m
[0;32mI (257) esp_image: segment 4: paddr=000f2480 vaddr=4037ec5c size=0c188h ( 49544) load[0m
[0;32mI (268) esp_image: segment 5: paddr=000fe610 vaddr=50000000 size=00020h (    32) load[0m
[0;32mI (278) boot: Loaded app from partition at offset 0x10000[0m
[0;32mI (278) boot: Disabling RNG early entropy source...[0m
[0;32mI (288) cpu_start: Multicore app[0m
[0;32mI (297) cpu_start: Pro cpu start user code[0m
[0;32mI (297) cpu_start: cpu freq: 160000000 Hz[0m
[0;32mI (297) app_init: Application information:[0m
[0;32mI (297) app_init: Project name:     kiosk-connect[0m
[0;32mI (302) app_init: App version:      1[0m
[0;32mI (305) app_init: Compile time:     Mar  1 2026 11:11:53[0m
[0;32mI (310) app_init: ELF file SHA256:  803d923da...[0m
[0;32mI (314) app_init: ESP-IDF:          v5.5.1[0m
[0;32mI (318) efuse_init: Min chip rev:     v0.0[0m
[0;32mI (322) efuse_init: Max chip rev:     v0.99 [0m
[0;32mI (326) efuse_init: Chip rev:         v0.2[0m
[0;32mI (330) heap_init: Initializing. RAM available for dynamic allocation:[0m
[0;32mI (336) heap_init: At 3FCA3CD8 len 00045A38 (278 KiB): RAM[0m
[0;32mI (341) heap_init: At 3FCE9710 len 00005724 (21 KiB): RAM[0m
[0;32mI (346) heap_init: At 3FCF0000 len 00008000 (32 KiB): DRAM[0m
[0;32mI (352) heap_init: At 600FE000 len 00001FE8 (7 KiB): RTCRAM[0m
[0;32mI (358) spi_flash: detected chip: boya[0m
[0;32mI (360) spi_flash: flash io: dio[0m
[0;32mI (364) sleep_gpio: Configure to isolate all GPIO pins in sleep state[0m
[0;32mI (370) sleep_gpio: Enable automatic switching of GPIO sleep configuration[0m
[0;32mI (377) main_task: Started on CPU0[0m
I (417��I (417) KIOSK_CONNECT: ESP_1.0.3

ESP_1.0.3
[0;32mI (417) pp: pp rom version: e7ae62f[0m
[0;32mI (417) net80211: net80211 rom version: e7ae62f[0m

***ERROR*** A stack overflow in task main has been detected.


Backtrace: 0x4037cc89:0x3fca6e10 0x4037cc51:0x3fca6e30 0x4037dd5a:0x3fca6e50 0x4037f207:0x3fca6ed0 0x4037de20:0x3fca6ef0 0x4037de16:0x400559e0 |<-CORRUPTED




ELF file SHA256: 803d923da

Rebooting...
ESP-ROM:esp32s3-20210327
Build:Mar 27 2021
rst:0xc (RTC_SW_CPU_RST),boot:0x8 (SPI_FAST_FLASH_BOOT)
Saved PC:0x4037cdd8
SPIWP:0xee
mode:DIO, clock div:1
load:0x3fce2820,len:0x158c
load:0x403c8700,len:0xd24
load:0x403cb700,len:0x2f34
entry 0x403c8924
[0;32mI (29) boot: ESP-IDF v5.5.1 2nd stage bootloader[0m
[0;32mI (29) boot: compile time Mar  1 2026 11:12:01[0m
[0;32mI (29) boot: Multicore bootloader[0m
[0;32mI (29) boot: chip revision: v0.2[0m
[0;32mI (32) boot: efuse block revision: v1.3[0m
[0;32mI (36) boot.esp32s3: Boot SPI Speed : 80MHz[0m
[0;32mI (40) boot.esp32s3: SPI Mode       : DIO[0m
[0;32mI (43) boot.esp32s3: SPI Flash Size : 16MB[0m
[0;32mI (47) boot: Enabling RNG early entropy source...[0m
[0;32mI (52) boot: Partition Table:[0m
[0;32mI (54) boot: ## Label            Usage          Type ST Offset   Length[0m
[0;32mI (61) boot:  0 nvs              WiFi data        01 02 00009000 00006000[0m
[0;32mI (67) boot:  1 phy_init         RF data          01 01 0000f000 00001000[0m
[0;32mI (74) boot:  2 factory          factory app      00 00 00010000 00100000[0m
[0;32mI (80) boot: End of partition table[0m
[0;32mI (83) esp_image: segment 0: paddr=00010020 vaddr=3c0b0020 size=30a40h (199232) map[0m
[0;32mI (126) esp_image: segment 1: paddr=00040a68 vaddr=3fc9ae00 size=0494ch ( 18764) load[0m
[0;32mI (130) esp_image: segment 2: paddr=000453bc vaddr=40374000 size=0ac5ch ( 44124) load[0m
[0;32mI (140) esp_image: segment 3: paddr=00050020 vaddr=42000020 size=a2458h (664664) map[0m
[0;32mI (257) esp_image: segment 4: paddr=000f2480 vaddr=4037ec5c size=0c188h ( 49544) load[0m
[0;32mI (268) esp_image: segment 5: paddr=000fe610 vaddr=50000000 size=00020h (    32) load[0m
[0;32mI (278) boot: Loaded app from partition at offset 0x10000[0m
[0;32mI (278) boot: Disabling RNG early entropy source...[0m
[0;32mI (288) cpu_start: Multicore app[0m
[0;32mI (297) cpu_start: Pro cpu start user code[0m
[0;32mI (297) cpu_start: cpu freq: 160000000 Hz[0m
[0;32mI (297) app_init: Application information:[0m
[0;32mI (297) app_init: Project name:     kiosk-connect[0m
[0;32mI (302) app_init: App version:      1[0m
[0;32mI (305) app_init: Compile time:     Mar  1 2026 11:11:53[0m
[0;32mI (310) app_init: ELF file SHA256:  803d923da...[0m
[0;32mI (314) app_init: ESP-IDF:          v5.5.1[0m
[0;32mI (318) efuse_init: Min chip rev:     v0.0[0m
[0;32mI (322) efuse_init: Max chip rev:     v0.99 [0m
[0;32mI (326) efuse_init: Chip rev:         v0.2[0m
[0;32mI (330) heap_init: Initializing. RAM available for dynamic allocation:[0m
[0;32mI (336) heap_init: At 3FCA3CD8 len 00045A38 (278 KiB): RAM[0m
[0;32mI (341) heap_init: At 3FCE9710 len 00005724 (21 KiB): RAM[0m
[0;32mI (346) heap_init: At 3FCF0000 len 00008000 (32 KiB): DRAM[0m
[0;32mI (352) heap_init: At 600FE000 len 00001FE8 (7 KiB): RTCRAM[0m
[0;32mI (358) spi_flash: detected chip: boya[0m
[0;32mI (360) spi_flash: flash io: dio[0m
[0;32mI (364) sleep_gpio: Configure to isolate all GPIO pins in sleep state[0m
[0;32mI (370) sleep_gpio: Enable automatic switching of GPIO sleep configuration[0m
[0;32mI (377) main_task: Started on CPU0[0m
I (417��I (417) KIOSK_CONNECT: ESP_1.0.3

ESP_1.0.3
[0;32mI (417) pp: pp rom version: e7ae62f[0m
[0;32mI (417) net80211: net80211 rom version: e7ae62f[0m

***ERROR*** A stack overflow in task main has been detected.


Backtrace: 0x4037cc89:0x3fca6e10 0x4037cc51:0x3fca6e30 0x4037dd5a:0x3fca6e50 0x4037f207:0x3fca6ed0 0x4037de20:0x3fca6ef0 0x4037de16:0x400559e0 |<-CORRUPTED




ELF file SHA256: 803d923da

Rebooting...
ESP-ROM:esp32s3-20210327
Build:Mar 27 2021
rst:0xc (RTC_SW_CPU_RST),boot:0x8 (SPI_FAST_FLASH_BOOT)
Saved PC:0x4037cdd8
SPIWP:0xee
mode:DIO, clock div:1
load:0x3fce2820,len:0x158c
load:0x403c8700,len:0xd24
load:0x403cb700,len:0x2f34
entry 0x403c8924
[0;32mI (29) boot: ESP-IDF v5.5.1 2nd stage bootloader[0m
[0;32mI (29) boot: compile time Mar  1 2026 11:12:01[0m
[0;32mI (29) boot: Multicore bootloader[0m
[0;32mI (29) boot: chip revision: v0.2[0m
[0;32mI (32) boot: efuse block revision: v1.3[0m
[0;32mI (36) boot.esp32s3: Boot SPI Speed : 80MHz[0m
[0;32mI (40) boot.esp32s3: SPI Mode       : DIO[0m
[0;32mI (43) boot.esp32s3: SPI Flash Size : 16MB[0m
[0;32mI (47) boot: Enabling RNG early entropy source...[0m
[0;32mI (52) boot: Partition Table:[0m
[0;32mI (54) boot: ## Label            Usage          Type ST Offset   Length[0m
[0;32mI (61) boot:  0 nvs              WiFi data        01 02 00009000 00006000[0m
[0;32mI (67) boot:  1 phy_init         RF data          01 01 0000f000 00001000[0m
[0;32mI (74) boot:  2 factory          factory app      00 00 00010000 00100000[0m
[0;32mI (80) boot: End of partition table[0m
[0;32mI (83) esp_image: segment 0: paddr=00010020 vaddr=3c0b0020 size=30a40h (199232) map[0m
[0;32mI (126) esp_image: segment 1: paddr=00040a68 vaddr=3fc9ae00 size=0494ch ( 18764) load[0m
[0;32mI (130) esp_image: segment 2: paddr=000453bc vaddr=40374000 size=0ac5ch ( 44124) load[0m
[0;32mI (140) esp_image: segment 3: paddr=00050020 vaddr=42000020 size=a2458h (664664) map[0m
[0;32mI (257) esp_image: segment 4: paddr=000f2480 vaddr=4037ec5c size=0c188h ( 49544) load[0m
[0;32mI (268) esp_image: segment 5: paddr=000fe610 vaddr=50000000 size=00020h (    32) load[0m
[0;32mI (278) boot: Loaded app from partition at offset 0x10000[0m
[0;32mI (278) boot: Disabling RNG early entropy source...[0m
[0;32mI (288) cpu_start: Multicore app[0m
[0;32mI (297) cpu_start: Pro cpu start user code[0m
[0;32mI (297) cpu_start: cpu freq: 160000000 Hz[0m
[0;32mI (297) app_init: Application information:[0m
[0;32mI (297) app_init: Project name:     kiosk-connect[0m
[0;32mI (302) app_init: App version:      1[0m
[0;32mI (305) app_init: Compile time:     Mar  1 2026 11:11:53[0m
[0;32mI (310) app_init: ELF file SHA256:  803d923da...[0m
[0;32mI (314) app_init: ESP-IDF:          v5.5.1[0m
[0;32mI (318) efuse_init: Min chip rev:     v0.0[0m
[0;32mI (322) efuse_init: Max chip rev:     v0.99 [0m
[0;32mI (326) efuse_init: Chip rev:         v0.2[0m
[0;32mI (330) heap_init: Initializing. RAM available for dynamic allocation:[0m
[0;32mI (336) heap_init: At 3FCA3CD8 len 00045A38 (278 KiB): RAM[0m
[0;32mI (341) heap_init: At 3FCE9710 len 00005724 (21 KiB): RAM[0m
[0;32mI (346) heap_init: At 3FCF0000 len 00008000 (32 KiB): DRAM[0m
[0;32mI (352) heap_init: At 600FE000 len 00001FE8 (7 KiB): RTCRAM[0m
[0;32mI (358) spi_flash: detected chip: boya[0m
[0;32mI (360) spi_flash: flash io: dio[0m
[0;32mI (364) sleep_gpio: Configure to isolate all GPIO pins in sleep state[0m
[0;32mI (370) sleep_gpio: Enable automatic switching of GPIO sleep configuration[0m
[0;32mI (377) main_task: Started on CPU0[0m
I (417��I (417) KIOSK_CONNECT: ESP_1.0.3

ESP_1.0.3
[0;32mI (417) pp: pp rom version: e7ae62f[0m
[0;32mI (417) net80211: net80211 rom version: e7ae62f[0m

***ERROR*** A stack overflow in task main has been detected.


Backtrace: 0x4037cc89:0x3fca6e10 0x4037cc51:0x3fca6e30 0x4037dd5a:0x3fca6e50 0x4037f207:0x3fca6ed0 0x4037de20:0x3fca6ef0 0x4037de16:0x400559e0 |<-CORRUPTED




ELF file SHA256: 803d923da

Rebooting...
ESP-ROM:esp32s3-20210327
Build:Mar 27 2021
rst:0xc (RTC_SW_CPU_RST),boot:0x8 (SPI_FAST_FLASH_BOOT)
Saved PC:0x4037cdd8
SPIWP:0xee
mode:DIO, clock div:1
load:0x3fce2820,len:0x158c
load:0x403c8700,len:0xd24
load:0x403cb700,len:0x2f34
entry 0x403c8924
[0;32mI (29) boot: ESP-IDF v5.5.1 2nd stage bootloader[0m
[0;32mI (29) boot: compile time Mar  1 2026 11:12:01[0m
[0;32mI (29) boot: Multicore bootloader[0m
[0;32mI (29) boot: chip revision: v0.2[0m
[0;32mI (32) boot: efuse block revision: v1.3[0m
[0;32mI (36) boot.esp32s3: Boot SPI Speed : 80MHz[0m
[0;32mI (40) boot.esp32s3: SPI Mode       : DIO[0m
[0;32mI (43) boot.esp32s3: SPI Flash Size : 16MB[0m
[0;32mI (47) boot: Enabling RNG early entropy source...[0m
[0;32mI (52) boot: Partition Table:[0m
[0;32mI (54) boot: ## Label            Usage          Type ST Offset   Length[0m
[0;32mI (61) boot:  0 nvs              WiFi data        01 02 00009000 00006000[0m
[0;32mI (67) boot:  1 phy_init         RF data          01 01 0000f000 00001000[0m
[0;32mI (74) boot:  2 factory          factory app      00 00 00010000 00100000[0m
[0;32mI (80) boot: End of partition table[0m
[0;32mI (83) esp_image: segment 0: paddr=00010020 vaddr=3c0b0020 size=30a40h (199232) map[0m
[0;32mI (126) esp_image: segment 1: paddr=00040a68 vaddr=3fc9ae00 size=0494ch ( 18764) load[0m
[0;32mI (130) esp_image: segment 2: paddr=000453bc vaddr=40374000 size=0ac5ch ( 44124) load[0m
[0;32mI (140) esp_image: segment 3: paddr=00050020 vaddr=42000020 size=a2458h (664664) map[0m
[0;32mI (257) esp_image: segment 4: paddr=000f2480 vaddr=4037ec5c size=0c188h ( 49544) load[0m
[0;32mI (268) esp_image: segment 5: paddr=000fe610 vaddr=50000000 size=00020h (    32) load[0m
[0;32mI (278) boot: Loaded app from partition at offset 0x10000[0m
[0;32mI (278) boot: Disabling RNG early entropy source...[0m
[0;32mI (288) cpu_start: Multicore app[0m
[0;32mI (297) cpu_start: Pro cpu start user code[0m
[0;32mI (297) cpu_start: cpu freq: 160000000 Hz[0m
[0;32mI (297) app_init: Application information:[0m
[0;32mI (297) app_init: Project name:     kiosk-connect[0m
[0;32mI (302) app_init: App version:      1[0m
[0;32mI (305) app_init: Compile time:     Mar  1 2026 11:11:53[0m
[0;32mI (310) app_init: ELF file SHA256:  803d923da...[0m
[0;32mI (314) app_init: ESP-IDF:          v5.5.1[0m
[0;32mI (318) efuse_init: Min chip rev:     v0.0[0m
[0;32mI (322) efuse_init: Max chip rev:     v0.99 [0m
[0;32mI (326) efuse_init: Chip rev:         v0.2[0m
[0;32mI (330) heap_init: Initializing. RAM available for dynamic allocation:[0m
[0;32mI (336) heap_init: At 3FCA3CD8 len 00045A38 (278 KiB): RAM[0m
[0;32mI (341) heap_init: At 3FCE9710 len 00005724 (21 KiB): RAM[0m
[0;32mI (346) heap_init: At 3FCF0000 len 00008000 (32 KiB): DRAM[0m
[0;32mI (352) heap_init: At 600FE000 len 00001FE8 (7 KiB): RTCRAM[0m
[0;32mI (358) spi_flash: detected chip: boya[0m
[0;32mI (360) spi_flash: flash io: dio[0m
[0;32mI (364) sleep_gpio: Configure to isolate all GPIO pins in sleep state[0m
[0;32mI (370) sleep_gpio: Enable automatic switching of GPIO sleep configuration[0m
[0;32mI (377) main_task: Started on CPU0[0m
I (417��I (417) KIOSK_CONNECT: ESP_1.0.3

ESP_1.0.3
[0;32mI (417) pp: pp rom version: e7ae62f[0m
[0;32mI (417) net80211: net80211 rom version: e7ae62f[0m

***ERROR*** A stack overflow in task main has been detected.


Backtrace: 0x4037cc89:0x3fca6e10 0x4037cc51:0x3fca6e30 0x4037dd5a:0x3fca6e50 0x4037f207:0x3fca6ed0 0x4037de20:0x3fca6ef0 0x4037de16:0x400559e0 |<-CORRUPTED




ELF file SHA256: 803d923da

Rebooting...
ESP-ROM:esp32s3-20210327
Build:Mar 27 2021
rst:0xc (RTC_SW_CPU_RST),boot:0x8 (SPI_FAST_FLASH_BOOT)
Saved PC:0x4037cdd8
SPIWP:0xee
mode:DIO, clock div:1
load:0x3fce2820,len:0x158c
load:0x403c8700,len:0xd24
load:0x403cb700,len:0x2f34
entry 0x403c8924
[0;32mI (29) boot: ESP-IDF v5.5.1 2nd stage bootloader[0m
[0;32mI (29) boot: compile time Mar  1 2026 11:12:01[0m
[0;32mI (29) boot: Multicore bootloader[0m
[0;32mI (29) boot: chip revision: v0.2[0m
[0;32mI (32) boot: efuse block revision: v1.3[0m
[0;32mI (36) boot.esp32s3: Boot SPI Speed : 80MHz[0m
[0;32mI (40) boot.esp32s3: SPI Mode       : DIO[0m
[0;32mI (43) boot.esp32s3: SPI Flash Size : 16MB[0m
[0;32mI (47) boot: Enabling RNG early entropy source...[0m
[0;32mI (52) boot: Partition Table:[0m
[0;32mI (54) boot: ## Label            Usage          Type ST Offset   Length[0m
[0;32mI (61) boot:  0 nvs              WiFi data        01 02 00009000 00006000[0m
[0;32mI (67) boot:  1 phy_init         RF data          01 01 0000f000 00001000[0m
[0;32mI (74) boot:  2 factory          factory app      00 00 00010000 00100000[0m
[0;32mI (80) boot: End of partition table[0m
[0;32mI (83) esp_image: segment 0: paddr=00010020 vaddr=3c0b0020 size=30a40h (199232) map[0m
[0;32mI (126) esp_image: segment 1: paddr=00040a68 vaddr=3fc9ae00 size=0494ch ( 18764) load[0m
[0;32mI (130) esp_image: segment 2: paddr=000453bc vaddr=40374000 size=0ac5ch ( 44124) load[0m
[0;32mI (140) esp_image: segment 3: paddr=00050020 vaddr=42000020 size=a2458h (664664) map[0m
[0;32mI (257) esp_image: segment 4: paddr=000f2480 vaddr=4037ec5c size=0c188h ( 49544) load[0m
[0;32mI (268) esp_image: segment 5: paddr=000fe610 vaddr=50000000 size=00020h (    32) load[0m
[0;32mI (278) boot: Loaded app from partition at offset 0x10000[0m
[0;32mI (278) boot: Disabling RNG early entropy source...[0m
[0;32mI (288) cpu_start: Multicore app[0m
[0;32mI (297) cpu_start: Pro cpu start user code[0m
[0;32mI (297) cpu_start: cpu freq: 160000000 Hz[0m
[0;32mI (297) app_init: Application information:[0m
[0;32mI (297) app_init: Project name:     kiosk-connect[0m
[0;32mI (302) app_init: App version:      1[0m
[0;32mI (305) app_init: Compile time:     Mar  1 2026 11:11:53[0m
[0;32mI (310) app_init: ELF file SHA256:  803d923da...[0m
[0;32mI (314) app_init: ESP-IDF:          v5.5.1[0m
[0;32mI (318) efuse_init: Min chip rev:     v0.0[0m
[0;32mI (322) efuse_init: Max chip rev:     v0.99 [0m
[0;32mI (326) efuse_init: Chip rev:         v0.2[0m
[0;32mI (330) heap_init: Initializing. RAM available for dynamic allocation:[0m
[0;32mI (336) heap_init: At 3FCA3CD8 len 00045A38 (278 KiB): RAM[0m
[0;32mI (341) heap_init: At 3FCE9710 len 00005724 (21 KiB): RAM[0m
[0;32mI (346) heap_init: At 3FCF0000 len 00008000 (32 KiB): DRAM[0m
[0;32mI (352) heap_init: At 600FE000 len 00001FE8 (7 KiB): RTCRAM[0m
[0;32mI (358) spi_flash: detected chip: boya[0m
[0;32mI (360) spi_flash: flash io: dio[0m
[0;32mI (364) sleep_gpio: Configure to isolate all GPIO pins in sleep state[0m
[0;32mI (370) sleep_gpio: Enable automatic switching of GPIO sleep configuration[0m
[0;32mI (377) main_task: Started on CPU0[0m
I (417��I (417) KIOSK_CONNECT: ESP_1.0.3

ESP_1.0.3
[0;32mI (417) pp: pp rom version: e7ae62f[0m
[0;32mI (417) net80211: net80211 rom version: e7ae62f[0m

***ERROR*** A stack overflow in task main has been detected.


Backtrace: 0x4037cc89:0x3fca6e10 0x4037cc51:0x3fca6e30 0x4037dd5a:0x3fca6e50 0x4037f207:0x3fca6ed0 0x4037de20:0x3fca6ef0 0x4037de16:0x400559e0 |<-CORRUPTED




ELF file SHA256: 803d923da

Rebooting...
ESP-ROM:esp32s3-20210327
Build:Mar 27 2021
rst:0xc (RTC_SW_CPU_RST),boot:0x8 (SPI_FAST_FLASH_BOOT)
Saved PC:0x4037cdd8
SPIWP:0xee
mode:DIO, clock div:1
load:0x3fce2820,len:0x158c
load:0x403c8700,len:0xd24
load:0x403cb700,len:0x2f34
entry 0x403c8924
[0;32mI (29) boot: ESP-IDF v5.5.1 2nd stage bootloader[0m
[0;32mI (29) boot: compile time Mar  1 2026 11:12:01[0m
[0;32mI (29) boot: Multicore bootloader[0m
[0;32mI (29) boot: chip revision: v0.2[0m
[0;32mI (32) boot: efuse block revision: v1.3[0m
[0;32mI (36) boot.esp32s3: Boot SPI Speed : 80MHz[0m
[0;32mI (40) boot.esp32s3: SPI Mode       : DIO[0m
[0;32mI (43) boot.esp32s3: SPI Flash Size : 16MB[0m
[0;32mI (47) boot: Enabling RNG early entropy source...[0m
[0;32mI (52) boot: Partition Table:[0m
[0;32mI (54) boot: ## Label            Usage          Type ST Offset   Length[0m
[0;32mI (61) boot:  0 nvs              WiFi data        01 02 00009000 00006000[0m
[0;32mI (67) boot:  1 phy_init         RF data          01 01 0000f000 00001000[0m
[0;32mI (74) boot:  2 factory          factory app      00 00 00010000 00100000[0m
[0;32mI (80) boot: End of partition table[0m
[0;32mI (83) esp_image: segment 0: paddr=00010020 vaddr=3c0b0020 size=30a40h (199232) map[0m
[0;32mI (126) esp_image: segment 1: paddr=00040a68 vaddr=3fc9ae00 size=0494ch ( 18764) load[0m
[0;32mI (130) esp_image: segment 2: paddr=000453bc vaddr=40374000 size=0ac5ch ( 44124) load[0m
[0;32mI (140) esp_image: segment 3: paddr=00050020 vaddr=42000020 size=a2458h (664664) map[0m
[0;32mI (257) esp_image: segment 4: paddr=000f2480 vaddr=4037ec5c size=0c188h ( 49544) load[0m
[0;32mI (268) esp_image: segment 5: paddr=000fe610 vaddr=50000000 size=00020h (    32) load[0m
[0;32mI (278) boot: Loaded app from partition at offset 0x10000[0m
[0;32mI (278) boot: Disabling RNG early entropy source...[0m
[0;32mI (288) cpu_start: Multicore app[0m
[0;32mI (297) cpu_start: Pro cpu start user code[0m
[0;32mI (297) cpu_start: cpu freq: 160000000 Hz[0m
[0;32mI (297) app_init: Application information:[0m
[0;32mI (297) app_init: Project name:     kiosk-connect[0m
[0;32mI (302) app_init: App version:      1[0m
[0;32mI (305) app_init: Compile time:     Mar  1 2026 11:11:53[0m
[0;32mI (310) app_init: ELF file SHA256:  803d923da...[0m
[0;32mI (314) app_init: ESP-IDF:          v5.5.1[0m
[0;32mI (318) efuse_init: Min chip rev:     v0.0[0m
[0;32mI (322) efuse_init: Max chip rev:     v0.99 [0m
[0;32mI (326) efuse_init: Chip rev:         v0.2[0m
[0;32mI (330) heap_init: Initializing. RAM available for dynamic allocation:[0m
[0;32mI (336) heap_init: At 3FCA3CD8 len 00045A38 (278 KiB): RAM[0m
[0;32mI (341) heap_init: At 3FCE9710 len 00005724 (21 KiB): RAM[0m
[0;32mI (346) heap_init: At 3FCF0000 len 00008000 (32 KiB): DRAM[0m
[0;32mI (352) heap_init: At 600FE000 len 00001FE8 (7 KiB): RTCRAM[0m
[0;32mI (358) spi_flash: detected chip: boya[0m
[0;32mI (360) spi_flash: flash io: dio[0m
[0;32mI (364) sleep_gpio: Configure to isolate all GPIO pins in sleep state[0m
[0;32mI (370) sleep_gpio: Enable automatic switching of GPIO sleep configuration[0m
[0;32mI (377) main_task: Started on CPU0[0m
I (417��I (417) KIOSK_CONNECT: ESP_1.0.3

ESP_1.0.3
[0;32mI (417) pp: pp rom version: e7ae62f[0m
[0;32mI (417) net80211: net80211 rom version: e7ae62f[0m

***ERROR*** A stack overflow in task main has been detected.


Backtrace: 0x4037cc89:0x3fca6e10 0x4037cc51:0x3fca6e30 0x4037dd5a:0x3fca6e50 0x4037f207:0x3fca6ed0 0x4037de20:0x3fca6ef0 0x4037de16:0x400559e0 |<-CORRUPTED




ELF file SHA256: 803d923da

Rebooting...
ESP-ROM:esp32s3-20210327
Build:Mar 27 2021
rst:0xc (RTC_SW_CPU_RST),boot:0x8 (SPI_FAST_FLASH_BOOT)
Saved PC:0x4037cdd8
SPIWP:0xee
mode:DIO, clock div:1
load:0x3fce2820,len:0x158c
load:0x403c8700,len:0xd24
load:0x403cb700,len:0x2f34
entry 0x403c8924
[0;32mI (29) boot: ESP-IDF v5.5.1 2nd stage bootloader[0m
[0;32mI (29) boot: compile time Mar  1 2026 11:12:01[0m
[0;32mI (29) boot: Multicore bootloader[0m
[0;32mI (29) boot: chip revision: v0.2[0m
[0;32mI (32) boot: efuse block revision: v1.3[0m
[0;32mI (36) boot.esp32s3: Boot SPI Speed : 80MHz[0m
[0;32mI (40) boot.esp32s3: SPI Mode       : DIO[0m
[0;32mI (43) boot.esp32s3: SPI Flash Size : 16MB[0m
[0;32mI (47) boot: Enabling RNG early entropy source...[0m
[0;32mI (52) boot: Partition Table:[0m
[0;32mI (54) boot: ## Label            Usage          Type ST Offset   Length[0m
[0;32mI (61) boot:  0 nvs              WiFi data        01 02 00009000 00006000[0m
[0;32mI (67) boot:  1 phy_init         RF data          01 01 0000f000 00001000[0m
[0;32mI (74) boot:  2 factory          factory app      00 00 00010000 00100000[0m
[0;32mI (80) boot: End of partition table[0m
[0;32mI (83) esp_image: segment 0: paddr=00010020 vaddr=3c0b0020 size=30a40h (199232) map[0m
[0;32mI (126) esp_image: segment 1: paddr=00040a68 vaddr=3fc9ae00 size=0494ch ( 18764) load[0m
[0;32mI (130) esp_image: segment 2: paddr=000453bc vaddr=40374000 size=0ac5ch ( 44124) load[0m
[0;32mI (140) esp_image: segment 3: paddr=00050020 vaddr=42000020 size=a2458h (664664) map[0m
[0;32mI (257) esp_image: segment 4: paddr=000f2480 vaddr=4037ec5c size=0c188h ( 49544) load[0m
[0;32mI (268) esp_image: segment 5: paddr=000fe610 vaddr=50000000 size=00020h (    32) load[0m
[0;32mI (278) boot: Loaded app from partition at offset 0x10000[0m
[0;32mI (278) boot: Disabling RNG early entropy source...[0m
[0;32mI (288) cpu_start: Multicore app[0m
[0;32mI (297) cpu_start: Pro cpu start user code[0m
[0;32mI (297) cpu_start: cpu freq: 160000000 Hz[0m
[0;32mI (297) app_init: Application information:[0m
[0;32mI (297) app_init: Project name:     kiosk-connect[0m
[0;32mI (302) app_init: App version:      1[0m
[0;32mI (305) app_init: Compile time:     Mar  1 2026 11:11:53[0m
[0;32mI (310) app_init: ELF file SHA256:  803d923da...[0m
[0;32mI (314) app_init: ESP-IDF:          v5.5.1[0m
[0;32mI (318) efuse_init: Min chip rev:     v0.0[0m
[0;32mI (322) efuse_init: Max chip rev:     v0.99 [0m
[0;32mI (326) efuse_init: Chip rev:         v0.2[0m
[0;32mI (330) heap_init: Initializing. RAM available for dynamic allocation:[0m
[0;32mI (336) heap_init: At 3FCA3CD8 len 00045A38 (278 KiB): RAM[0m
[0;32mI (341) heap_init: At 3FCE9710 len 00005724 (21 KiB): RAM[0m
[0;32mI (346) heap_init: At 3FCF0000 len 00008000 (32 KiB): DRAM[0m
[0;32mI (352) heap_init: At 600FE000 len 00001FE8 (7 KiB): RTCRAM[0m
[0;32mI (358) spi_flash: detected chip: boya[0m
[0;32mI (360) spi_flash: flash io: dio[0m
[0;32mI (364) sleep_gpio: Configure to isolate all GPIO pins in sleep state[0m
[0;32mI (370) sleep_gpio: Enable automatic switching of GPIO sleep configuration[0m
[0;32mI (377) main_task: Started on CPU0[0m
I (417��I (417) KIOSK_CONNECT: ESP_1.0.3

ESP_1.0.3
[0;32mI (417) pp: pp rom version: e7ae62f[0m
[0;32mI (417) net80211: net80211 rom version: e7ae62f[0m

***ERROR*** A stack overflow in task main has been detected.


Backtrace: 0x4037cc89:0x3fca6e10 0x4037cc51:0x3fca6e30 0x4037dd5a:0x3fca6e50 0x4037f207:0x3fca6ed0 0x4037de20:0x3fca6ef0 0x4037de16:0x400559e0 |<-CORRUPTED




ELF file SHA256: 803d923da

Rebooting...
ESP-ROM:esp32s3-20210327
Build:Mar 27 2021
rst:0xc (RTC_SW_CPU_RST),boot:0x8 (SPI_FAST_FLASH_BOOT)
Saved PC:0x4037cdd8
SPIWP:0xee
mode:DIO, clock div:1
load:0x3fce2820,len:0x158c
load:0x403c8700,len:0xd24
load:0x403cb700,len:0x2f34
entry 0x403c8924
[0;32mI (29) boot: ESP-IDF v5.5.1 2nd stage bootloader[0m
[0;32mI (29) boot: compile time Mar  1 2026 11:12:01[0m
[0;32mI (29) boot: Multicore bootloader[0m
[0;32mI (29) boot: chip revision: v0.2[0m
[0;32mI (32) boot: efuse block revision: v1.3[0m
[0;32mI (36) boot.esp32s3: Boot SPI Speed : 80MHz[0m
[0;32mI (40) boot.esp32s3: SPI Mode       : DIO[0m
[0;32mI (43) boot.esp32s3: SPI Flash Size : 16MB[0m
[0;32mI (47) boot: Enabling RNG early entropy source...[0m
[0;32mI (52) boot: Partition Table:[0m
[0;32mI (54) boot: ## Label            Usage          Type ST Offset   Length[0m
[0;32mI (61) boot:  0 nvs              WiFi data        01 02 00009000 00006000[0m
[0;32mI (67) boot:  1 phy_init         RF data          01 01 0000f000 00001000[0m
[0;32mI (74) boot:  2 factory          factory app      00 00 00010000 00100000[0m
[0;32mI (80) boot: End of partition table[0m
[0;32mI (83) esp_image: segment 0: paddr=00010020 vaddr=3c0b0020 size=30a40h (199232) map[0m
[0;32mI (126) esp_image: segment 1: paddr=00040a68 vaddr=3fc9ae00 size=0494ch ( 18764) load[0m
[0;32mI (130) esp_image: segment 2: paddr=000453bc vaddr=40374000 size=0ac5ch ( 44124) load[0m
[0;32mI (140) esp_image: segment 3: paddr=00050020 vaddr=42000020 size=a2458h (664664) map[0m
[0;32mI (257) esp_image: segment 4: paddr=000f2480 vaddr=4037ec5c size=0c188h ( 49544) load[0m
[0;32mI (268) esp_image: segment 5: paddr=000fe610 vaddr=50000000 size=00020h (    32) load[0m
[0;32mI (278) boot: Loaded app from partition at offset 0x10000[0m
[0;32mI (278) boot: Disabling RNG early entropy source...[0m
[0;32mI (288) cpu_start: Multicore app[0m
[0;32mI (297) cpu_start: Pro cpu start user code[0m
[0;32mI (297) cpu_start: cpu freq: 160000000 Hz[0m
[0;32mI (297) app_init: Application information:[0m
[0;32mI (297) app_init: Project name:     kiosk-connect[0m
[0;32mI (302) app_init: App version:      1[0m
[0;32mI (305) app_init: Compile time:     Mar  1 2026 11:11:53[0m
[0;32mI (310) app_init: ELF file SHA256:  803d923da...[0m
[0;32mI (314) app_init: ESP-IDF:          v5.5.1[0m
[0;32mI (318) efuse_init: Min chip rev:     v0.0[0m
[0;32mI (322) efuse_init: Max chip rev:     v0.99 [0m
[0;32mI (326) efuse_init: Chip rev:         v0.2[0m
[0;32mI (330) heap_init: Initializing. RAM available for dynamic allocation:[0m
[0;32mI (336) heap_init: At 3FCA3CD8 len 00045A38 (278 KiB): RAM[0m
[0;32mI (341) heap_init: At 3FCE9710 len 00005724 (21 KiB): RAM[0m
[0;32mI (346) heap_init: At 3FCF0000 len 00008000 (32 KiB): DRAM[0m
[0;32mI (352) heap_init: At 600FE000 len 00001FE8 (7 KiB): RTCRAM[0m
[0;32mI (358) spi_flash: detected chip: boya[0m
[0;32mI (360) spi_flash: flash io: dio[0m
[0;32mI (364) sleep_gpio: Configure to isolate all GPIO pins in sleep state[0m
[0;32mI (370) sleep_gpio: Enable automatic switching of GPIO sleep configuration[0m
[0;32mI (377) main_task: Started on CPU0[0m
[0;32mI (417)��I (417) KIOSK_CONNECT: ESP_1.0.3[0m

ESP_1.0.3
[0;32mI (417) pp: pp rom version: e7ae62f[0m
[0;32mI (417) net80211: net80211 rom version: e7ae62f[0m

***ERROR*** A stack overflow in task main has been detected.


Backtrace: 0x4037cc89:0x3fca6e10 0x4037cc51:0x3fca6e30 0x4037dd5a:0x3fca6e50 0x4037f207:0x3fca6ed0 0x4037de20:0x3fca6ef0 0x4037de16:0x400559e0 |<-CORRUPTED




ELF file SHA256: 803d923da

Rebooting...
���ESP-ROM:esp32s3-20210327
Build:Mar 27 2021
rst:0xc (RTC_SW_CPU_RST),boot:0x8 (SPI_FAST_FLASH_BOOT)
Saved PC:0x4037cdd8
SPIWP:0xee
mode:DIO, clock div:1
load:0x3fce2820,len:0x158c
load:0x403c8700,len:0xd24
load:0x403cb700,len:0x2f34
entry 0x403c8924
[0;32mI (29) boot: ESP-IDF v5.5.1 2nd stage bootloader[0m
[0;32mI (29) boot: compile time Mar  1 2026 11:12:01[0m
[0;32mI (29) boot: Multicore bootloader[0m
[0;32mI (29) boot: chip revision: v0.2[0m
[0;32mI (32) boot: efuse block revision: v1.3[0m
[0;32mI (36) boot.esp32s3: Boot SPI Speed : 80MHz[0m
[0;32mI (40) boot.esp32s3: SPI Mode       : DIO[0m
[0;32mI (43) boot.esp32s3: SPI Flash Size : 16MB[0m
[0;32mI (47) boot: Enabling RNG early entropy source...[0m
[0;32mI (52) boot: Partition Table:[0m
[0;32mI (54) boot: ## Label            Usage          Type ST Offset   Length[0m
[0;32mI (61) boot:  0 nvs              WiFi data        01 02 00009000 00006000[0m
[0;32mI (67) boot:  1 phy_init         RF data          01 01 0000f000 00001000[0m
[0;32mI (74) boot:  2 factory          factory app      00 00 00010000 00100000[0m
[0;32mI (80) boot: End of partition table[0m
[0;32mI (83) esp_image: segment 0: paddr=00010020 vaddr=3c0b0020 size=30a40h (199232) map[0m
[0;32mI (126) esp_image: segment 1: paddr=00040a68 vaddr=3fc9ae00 size=0494ch ( 18764) load[0m
[0;32mI (130) esp_image: segment 2: paddr=000453bc vaddr=40374000 size=0ac5ch ( 44124) load[0m
[0;32mI (140) esp_image: segment 3: paddr=00050020 vaddr=42000020 size=a2458h (664664) map[0m
[0;32mI (257) esp_image: segment 4: paddr=000f2480 vaddr=4037ec5c size=0c188h ( 49544) load[0m
[0;32mI (268) esp_image: segment 5: paddr=000fe610 vaddr=50000000 size=00020h (    32) load[0m
[0;32mI (278) boot: Loaded app from partition at offset 0x10000[0m
[0;32mI (278) boot: Disabling RNG early entropy source...[0m
[0;32mI (288) cpu_start: Multicore app[0m
[0;32mI (297) cpu_start: Pro cpu start user code[0m
[0;32mI (297) cpu_start: cpu freq: 160000000 Hz[0m
[0;32mI (297) app_init: Application information:[0m
[0;32mI (297) app_init: Project name:     kiosk-connect[0m
[0;32mI (302) app_init: App version:      1[0m
[0;32mI (305) app_init: Compile time:     Mar  1 2026 11:11:53[0m
[0;32mI (310) app_init: ELF file SHA256:  803d923da...[0m
[0;32mI (314) app_init: ESP-IDF:          v5.5.1[0m
[0;32mI (318) efuse_init: Min chip rev:     v0.0[0m
[0;32mI (322) efuse_init: Max chip rev:     v0.99 [0m
[0;32mI (326) efuse_init: Chip rev:         v0.2[0m
[0;32mI (330) heap_init: Initializing. RAM available for dynamic allocation:[0m
[0;32mI (336) heap_init: At 3FCA3CD8 len 00045A38 (278 KiB): RAM[0m
[0;32mI (341) heap_init: At 3FCE9710 len 00005724 (21 KiB): RAM[0m
[0;32mI (346) heap_init: At 3FCF0000 len 00008000 (32 KiB): DRAM[0m
[0;32mI (352) heap_init: At 600FE000 len 00001FE8 (7 KiB): RTCRAM[0m
[0;32mI (358) spi_flash: detected chip: boya[0m
[0;32mI (360) spi_flash: flash io: dio[0m
[0;32mI (364) sleep_gpio: Configure to isolate all GPIO pins in sleep state[0m
[0;32mI (370) sleep_gpio: Enable automatic switching of GPIO sleep configuration[0m
[0;32mI (377) main_task: Started on CPU0[0m
I (417��I (417) KIOSK_CONNECT: ESP_1.0.3

ESP_1.0.3
[0;32mI (417) pp: pp rom version: e7ae62f[0m
[0;32mI (417) net80211: net80211 rom version: e7ae62f[0m

***ERROR*** A stack overflow in task main has been detected.


Backtrace: 0x4037cc89:0x3fca6e10 0x4037cc51:0x3fca6e30 0x4037dd5a:0x3fca6e50 0x4037f207:0x3fca6ed0 0x4037de20:0x3fca6ef0 0x4037de16:0x400559e0 |<-CORRUPTED




ELF file SHA256: 803d923da

Rebooting...
ESP-ROM:esp32s3-20210327
Build:Mar 27 2021
rst:0xc (RTC_SW_CPU_RST),boot:0x8 (SPI_FAST_FLASH_BOOT)
Saved PC:0x4037cdd8
SPIWP:0xee
mode:DIO, clock div:1
load:0x3fce2820,len:0x158c
load:0x403c8700,len:0xd24
load:0x403cb700,len:0x2f34
entry 0x403c8924
[0;32mI (29) boot: ESP-IDF v5.5.1 2nd stage bootloader[0m
[0;32mI (29) boot: compile time Mar  1 2026 11:12:01[0m
[0;32mI (29) boot: Multicore bootloader[0m
[0;32mI (29) boot: chip revision: v0.2[0m
[0;32mI (32) boot: efuse block revision: v1.3[0m
[0;32mI (36) boot.esp32s3: Boot SPI Speed : 80MHz[0m
[0;32mI (40) boot.esp32s3: SPI Mode       : DIO[0m
[0;32mI (43) boot.esp32s3: SPI Flash Size : 16MB[0m
[0;32mI (47) boot: Enabling RNG early entropy source...[0m
[0;32mI (52) boot: Partition Table:[0m
[0;32mI (54) boot: ## Label            Usage          Type ST Offset   Length[0m
[0;32mI (61) boot:  0 nvs              WiFi data        01 02 00009000 00006000[0m
[0;32mI (67) boot:  1 phy_init         RF data          01 01 0000f000 00001000[0m
[0;32mI (74) boot:  2 factory          factory app      00 00 00010000 00100000[0m
[0;32mI (80) boot: End of partition table[0m
[0;32mI (83) esp_image: segment 0: paddr=00010020 vaddr=3c0b0020 size=30a40h (199232) map[0m
[0;32mI (126) esp_image: segment 1: paddr=00040a68 vaddr=3fc9ae00 size=0494ch ( 18764) load[0m
[0;32mI (130) esp_image: segment 2: paddr=000453bc vaddr=40374000 size=0ac5ch ( 44124) load[0m
[0;32mI (140) esp_image: segment 3: paddr=00050020 vaddr=42000020 size=a2458h (664664) map[0m
