Command: /home/prakash/.espressif/python_env/idf5.5_py3.10_env/bin/python /home/prakash/esp-idf/esp-idf/tools/idf_monitor.py -p /dev/ttyACM0 -b 115200 --toolchain-prefix xtensa-esp32s3-elf- --target esp32s3 --revision 0 /home/prakash/REST/kiosk-connect/build/kiosk-connect.elf /home/prakash/REST/kiosk-connect/build/bootloader/bootloader.elf -m '/home/prakash/.espressif/python_env/idf5.5_py3.10_env/bin/python' '/home/prakash/esp-idf/esp-idf/tools/idf.py'
ESP-ROM:esp32s3-20210327
Build:Mar 27 2021
rst:0x1 (POWERON),boot:0x8 (SPI_FAST_FLASH_BOOT)
SPIWP:0xee
mode:DIO, clock div:1
load:0x3fce2820,len:0x158c
load:0x403c8700,len:0xd24
load:0x403cb700,len:0x2f34
entry 0x403c8924
[0;32mI (24) boot: ESP-IDF v5.5.1 2nd stage bootloader[0m
[0;32mI (25) boot: compile time Mar  1 2026 11:12:01[0m
[0;32mI (25) boot: Multicore bootloader[0m
[0;32mI (25) boot: chip revision: v0.2[0m
[0;32mI (28) boot: efuse block revision: v1.3[0m
[0;32mI (31) boot.esp32s3: Boot SPI Speed : 80MHz[0m
[0;32mI (35) boot.esp32s3: SPI Mode       : DIO[0m
[0;32mI (39) boot.esp32s3: SPI Flash Size : 16MB[0m
[0;32mI (43) boot: Enabling RNG early entropy source...[0m
[0;32mI (47) boot: Partition Table:[0m
[0;32mI (50) boot: ## Label            Usage          Type ST Offset   Length[0m
[0;32mI (56) boot:  0 nvs              WiFi data        01 02 00009000 00006000[0m
[0;32mI (63) boot:  1 phy_init         RF data          01 01 0000f000 00001000[0m
[0;32mI (69) boot:  2 factory          factory app      00 00 00010000 00100000[0m
[0;32mI (76) boot: End of partition table[0m
[0;32mI (79) esp_image: segment 0: paddr=00010020 vaddr=3c0b0020 size=30e98h (200344) map[0m
[0;32mI (122) esp_image: segment 1: paddr=00040ec0 vaddr=3fc9b600 size=04a24h ( 18980) load[0m
[0;32mI (126) esp_image: segment 2: paddr=000458ec vaddr=40374000 size=0a72ch ( 42796) load[0m
[0;32mI (135) esp_image: segment 3: paddr=00050020 vaddr=42000020 size=a4520h (673056) map[0m
[0;32mI (254) esp_image: segment 4: paddr=000f4548 vaddr=4037e72c size=0cdf0h ( 52720) load[0m
[0;32mI (266) esp_image: segment 5: paddr=00101340 vaddr=50000000 size=00020h (    32) load[0m
[0;32mI (276) boot: Loaded app from partition at offset 0x10000[0m
[0;32mI (276) boot: Disabling RNG early entropy source...[0m
[0;32mI (286) cpu_start: Multicore app[0m
[0;32mI (295) cpu_start: Pro cpu start user code[0m
[0;32mI (295) cpu_start: cpu freq: 160000000 Hz[0m
[0;32mI (295) app_init: Application information:[0m
[0;32mI (295) app_init: Project name:     kiosk-connect[0m
[0;32mI (300) app_init: App version:      1[0m
[0;32mI (303) app_init: Compile time:     Mar  1 2026 11:11:53[0m
[0;32mI (308) app_init: ELF file SHA256:  bc8d32cb1...[0m
[0;32mI (312) app_init: ESP-IDF:          v5.5.1[0m
[0;32mI (316) efuse_init: Min chip rev:     v0.0[0m
[0;32mI (320) efuse_init: Max chip rev:     v0.99 [0m
[0;32mI (324) efuse_init: Chip rev:         v0.2[0m
[0;32mI (328) heap_init: Initializing. RAM available for dynamic allocation:[0m
[0;32mI (334) heap_init: At 3FCA5790 len 00043F80 (271 KiB): RAM[0m
[0;32mI (339) heap_init: At 3FCE9710 len 00005724 (21 KiB): RAM[0m
[0;32mI (344) heap_init: At 3FCF0000 len 00008000 (32 KiB): DRAM[0m
[0;32mI (350) heap_init: At 600FE000 len 00001FE8 (7 KiB): RTCRAM[0m
[0;32mI (356) spi_flash: detected chip: boya[0m
[0;32mI (358) spi_flash: flash io: dio[0m
[0;32mI (362) sleep_gpio: Configure to isolate all GPIO pins in sleep state[0m
[0;32mI (368) sleep_gpio: Enable automatic switching of GPIO sleep configuration[0m
[0;32mI (375) main_task: Started on CPU0[0m
[0;32mI (415) main_task: Calling app_main()[0m
[0;32mI (435) pp: pp rom version: e7ae62f[0m
[0;32mI (435) net80211: net80211 rom version: e7ae62f[0m
[0;32mI (445) wifi:wifi driver task: 3fced4d0, prio:23, stack:6656, core=0[0m
[0;32mI (455) wifi:wifi firmware version: 14da9b7[0m
[0;32mI (455) wifi:wifi certification version: v7.0[0m
[0;32mI (455) wifi:config NVS flash: enabled[0m
[0;32mI (455) wifi:config nano formatting: disabled[0m
[0;32mI (455) wifi:Init data frame dynamic rx buffer num: 32[0m
[0;32mI (465) wifi:Init static rx mgmt buffer num: 5[0m
[0;32mI (465) wifi:Init management short buffer num: 32[0m
[0;32mI (465) wifi:Init dynamic tx buffer num: 32[0m
[0;32mI (475) wifi:Init static tx FG buffer num: 2[0m
[0;32mI (475) wifi:Init static rx buffer size: 1600[0m
[0;32mI (485) wifi:Init static rx buffer num: 10[0m
[0;32mI (485) wifi:Init dynamic rx buffer num: 32[0m
[0;32mI (495) wifi_init: rx ba win: 6[0m
[0;32mI (495) wifi_init: accept mbox: 6[0m
[0;32mI (495) wifi_init: tcpip mbox: 32[0m
[0;32mI (495) wifi_init: udp mbox: 6[0m
[0;32mI (505) wifi_init: tcp mbox: 6[0m
[0;32mI (505) wifi_init: tcp tx win: 5760[0m
[0;32mI (505) wifi_init: tcp rx win: 5760[0m
[0;32mI (515) wifi_init: tcp mss: 1440[0m
[0;32mI (515) wifi_init: WiFi IRAM OP enabled[0m
[0;32mI (515) wifi_init: WiFi RX IRAM OP enabled[0m
[0;32mI (525) phy_init: phy_version 701,f4f1da3a,Mar  3 2025,15:50:10[0m
[0;32mI (565) wifi:mode : sta (a0:85:e3:f0:74:08)[0m
�VMA}��.0
NO_WIFI
[0;32mI (575) main_task: Returned from app_main()[0m
[0;32mI (575) wifi:new:<11,0>, old:<1,0>, ap:<255,255>, sta:<11,0>, prof:1, snd_ch_cfg:0x0[0m
[0;32mI (575) wifi:state: init -> auth (0xb0)[0m
[0;32mI (585) wifi:state: auth -> init (0xe00)[0m
[0;32mI (595) wifi:new:<11,0>, old:<11,0>, ap:<255,255>, sta:<11,0>, prof:1, snd_ch_cfg:0x0[0m
WIFI_DN
WIFI_DN
I (3015) wifi:new:<11,0>, old:<11,0>, ap:<255,255>, sta:<11,0>, prof:1, snd_ch_cfg:0x0
[0;32mI (3015) wifi:state: init -> auth (0xb0)[0m
[0;32mI (3025) wifi:state: auth -> assoc (0x0)[0m
[0;32mI (3035) wifi:state: assoc -> run (0x10)[0m
[0;32mI (3045) wifi:<ba-add>idx:0 (ifx:0, 30:bd:13:38:5a:66), tid:0, ssn:1, winSize:64[0m
[0;32mI (3055) wifi:connected with Airtel_prak_6498, aid = 1, channel 11, BW20, bssid = 30:bd:13:38:5a:66[0m
[0;32mI (3055) wifi:security: WPA2-PSK, phy: bgn, rssi: -14[0m
[0;32mI (3065) wifi:pm start, type: 1[0m

[0;32mI (3065) wifi:dp: 1, bi: 102400, li: 3, scale listen interval from 307200 us to 307200 us[0m
[0;32mI (3075) wifi:set rx beacon pti, rx_bcn_pti: 0, bcn_timeout: 25000, mt_pti: 0, mt_time: 10000[0m
[0;32mI (3125) wifi:AP's beacon interval = 102400 us, DTIM period = 1[0m
[0;32mI (4445) esp_netif_handlers: sta ip: 192.168.1.5, mask: 255.255.255.0, gw: 192.168.1.1[0m
WIFI_SUCCESS_-14
NO_WIFI
NO_WIFI
NO_WIFI
NO_WIFI
