Command: /home/prakash/.espressif/python_env/idf5.5_py3.10_env/bin/python /home/prakash/esp-idf/esp-idf/tools/idf_monitor.py -p /dev/ttyACM0 -b 115200 --toolchain-prefix xtensa-esp32s3-elf- --target esp32s3 --revision 0 /home/prakash/REST/kiosk-connect/build/kiosk-connect.elf /home/prakash/REST/kiosk-connect/build/bootloader/bootloader.elf -m '/home/prakash/.espressif/python_env/idf5.5_py3.10_env/bin/python' '/home/prakash/esp-idf/esp-idf/tools/idf.py'
�����ESP-ROM:esp32s3-20210327
Build:Mar 27 2021
rst:0x1 (POWERON),boot:0x8 (SPI_FAST_FLASH_BOOT)
SPIWP:0xee
mode:DIO, clock div:1
load:0x3fce2820,len:0x158c
load:0x403c8700,len:0xd24
load:0x403cb700,len:0x2f34
entry 0x403c8924
[0;32mI (24) boot: ESP-IDF v5.5.1 2nd stage bootloader[0m
[0;32mI (25) boot: compile time Mar  1 2026 11:12:01[0m
[0;32mI (25) boot: Multicore bootloader[0m
[0;32mI (25) boot: chip revision: v0.2[0m
[0;32mI (28) boot: efuse block revision: v1.3[0m
[0;32mI (31) boot.esp32s3: Boot SPI Speed : 80MHz[0m
[0;32mI (35) boot.esp32s3: SPI Mode       : DIO[0m
[0;32mI (39) boot.esp32s3: SPI Flash Size : 16MB[0m
[0;32mI (43) boot: Enabling RNG early entropy source...[0m
[0;32mI (47) boot: Partition Table:[0m
[0;32mI (50) boot: ## Label            Usage          Type ST Offset   Length[0m
[0;32mI (56) boot:  0 nvs              WiFi data        01 02 00009000 00006000[0m
[0;32mI (63) boot:  1 phy_init         RF data          01 01 0000f000 00001000[0m
[0;32mI (69) boot:  2 factory          factory app      00 00 00010000 00100000[0m
[0;32mI (76) boot: End of partition table[0m
[0;32mI (79) esp_image: segment 0: paddr=00010020 vaddr=3c0b0020 size=2ff98h (196504) map[0m
[0;32mI (121) esp_image: segment 1: paddr=0003ffc0 vaddr=3fc9a700 size=00058h (    88) load[0m
[0;32mI (121) esp_image: segment 2: paddr=00040020 vaddr=42000020 size=a1b58h (662360) map[0m
[0;32mI (242) esp_image: segment 3: paddr=000e1b80 vaddr=3fc9a758 size=049cch ( 18892) load[0m
[0;32mI (246) esp_image: segment 4: paddr=000e6554 vaddr=40374000 size=16698h ( 91800) load[0m
[0;32mI (266) esp_image: segment 5: paddr=000fcbf4 vaddr=50000000 size=00020h (    32) load[0m
[0;32mI (275) boot: Loaded app from partition at offset 0x10000[0m
[0;32mI (275) boot: Disabling RNG early entropy source...[0m
[0;32mI (285) cpu_start: Multicore app[0m
[0;32mI (294) cpu_start: Pro cpu start user code[0m
[0;32mI (294) cpu_start: cpu freq: 160000000 Hz[0m
[0;32mI (295) app_init: Application information:[0m
[0;32mI (295) app_init: Project name:     kiosk-connect[0m
[0;32mI (299) app_init: App version:      1[0m
[0;32mI (302) app_init: Compile time:     Mar  1 2026 11:11:53[0m
[0;32mI (307) app_init: ELF file SHA256:  dd3974197...[0m
[0;32mI (312) app_init: ESP-IDF:          v5.5.1[0m
[0;32mI (315) efuse_init: Min chip rev:     v0.0[0m
[0;32mI (319) efuse_init: Max chip rev:     v0.99 [0m
[0;32mI (323) efuse_init: Chip rev:         v0.2[0m
[0;32mI (327) heap_init: Initializing. RAM available for dynamic allocation:[0m
[0;32mI (334) heap_init: At 3FCA4CA8 len 00044A68 (274 KiB): RAM[0m
[0;32mI (339) heap_init: At 3FCE9710 len 00005724 (21 KiB): RAM[0m
[0;32mI (344) heap_init: At 3FCF0000 len 00008000 (32 KiB): DRAM[0m
[0;32mI (349) heap_init: At 600FE000 len 00001FE8 (7 KiB): RTCRAM[0m
[0;32mI (355) spi_flash: detected chip: boya[0m
[0;32mI (358) spi_flash: flash io: dio[0m
[0;32mI (361) sleep_gpio: Configure to isolate all GPIO pins in sleep state[0m
[0;32mI (367) sleep_gpio: Enable automatic switching of GPIO sleep configuration[0m
[0;32mI (374) main_task: Started on CPU0[0m
[0;32mI (414) main_task: Calling app_main()[0m
[0;32mI (434) pp: pp rom version: e7ae62f[0m
[0;32mI (434) net80211: net80211 rom version: e7ae62f[0m
[0;32mI (444) wifi:wifi driver task: 3fced4d0, prio:23, stack:6656, core=0[0m
[0;32mI (454) wifi:wifi firmware version: 14da9b7[0m
[0;32mI (454) wifi:wifi certification version: v7.0[0m
[0;32mI (454) wifi:config NVS flash: enabled[0m
[0;32mI (454) wifi:config nano formatting: disabled[0m
[0;32mI (454) wifi:Init data frame dynamic rx buffer num: 32[0m
[0;32mI (464) wifi:Init static rx mgmt buffer num: 5[0m
[0;32mI (464) wifi:Init management short buffer num: 32[0m
[0;32mI (464) wifi:Init dynamic tx buffer num: 32[0m
[0;32mI (474) wifi:Init static tx FG buffer num: 2[0m
[0;32mI (474) wifi:Init static rx buffer size: 1600[0m
[0;32mI (484) wifi:Init static rx buffer num: 10[0m
[0;32mI (484) wifi:Init dynamic rx buffer num: 32[0m
[0;32mI (494) wifi_init: rx ba win: 6[0m
[0;32mI (494) wifi_init: accept mbox: 6[0m
[0;32mI (494) wifi_init: tcpip mbox: 32[0m
[0;32mI (494) wifi_init: udp mbox: 6[0m
[0;32mI (504) wifi_init: tcp mbox: 6[0m
[0;32mI (504) wifi_init: tcp tx win: 5760[0m
[0;32mI (504) wifi_init: tcp rx win: 5760[0m
[0;32mI (514) wifi_init: tcp mss: 1440[0m
[0;32mI (514) wifi_init: WiFi IRAM OP enabled[0m
[0;32mI (514) wifi_init: WiFi RX IRAM OP enabled[0m
[0;33mW (524) wifi:Password length matches WPA2 standards, authmode threshold changes from OPEN to WPA2[0m
[0;32mI (524) phy_init: phy_version 701,f4f1da3a,Mar  3 2025,15:50:10[0m
[0;32mI (574) wifi:mode : sta (a0:85:e3:f0:74:08)[0m
[0;32mI (574) wifi:enable tsf[0m
[0;32mI (584) wifi:new:<11,0>, old:<1,0>, ap:<255,255>, sta:<11,0>, prof:1, snd_ch_cfg:0x0[0m
[0;32mI (584) wifi:state: init -> auth (0xb0)[0m
[0;32mI (594) wifi:state: auth -> assoc (0x0)[0m
[0;32mI (604) wifi:state: assoc -> run (0x10)[0m
[0;32mI (604) wifi:<ba-add>idx:0 (ifx:0, 30:bd:13:38:5a:66), tid:0, ssn:1, winSize:64[0m
[0;32mI (624) wifi:connected with Airtel_prak_6498, aid = 1, channel 11, BW20, bssid = 30:bd:13:38:5a:66[0m
[0;32mI (624) wifi:security: WPA2-PSK, phy: bgn, rssi: -19[0m
[0;32mI (624) wifi:pm start, type: 1[0m

[0;32mI (624) wifi:dp: 1, bi: 102400, li: 3, scale listen interval from 307200 us to 307200 us[0m
[0;32mI (634) wifi:set rx beacon pti, rx_bcn_pti: 0, bcn_timeout: 25000, mt_pti: 0, mt_time: 10000[0m
[0;32mI (704) wifi:AP's beacon interval = 102400 us, DTIM period = 1[0m
[0;32mI (2014) esp_netif_handlers: sta ip: 192.168.1.5, mask: 255.255.255.0, gw: 192.168.1.1[0m
[0;32mI (2014) KIOSK: WiFi Connected[0m
[0;32mI (2014) KIOSK: Free Heap: 261916[0m
[0;32mI (2014) KIOSK: Stack watermark: 6208[0m
[0;32mI (2014) main_task: Returned from app_main()[0m
[0;32mI (2264) wifi:<ba-add>idx:1 (ifx:0, 30:bd:13:38:5a:66), tid:6, ssn:1, winSize:64[0m
[0;32mI (2424) esp-x509-crt-bundle: Certificate validated[0m
[0;33mW (3284) HTTP_CLIENT: This request requires authentication, but does not provide header information for that[0m
[1;31mE (3284) HTTP_CLIENT: Error response[0m
[0;32mI (3294) KIOSK: Free Heap: 265796[0m
[0;32mI (3294) KIOSK: Stack watermark: 5152[0m
[0;33mW (3294) KIOSK: Retrying... 1[0m
[0;32mI (5294) KIOSK: Free Heap: 265860[0m
[0;32mI (5294) KIOSK: Stack watermark: 5152[0m
[0;32mI (5474) esp-x509-crt-bundle: Certificate validated[0m
[0;33mW (6254) HTTP_CLIENT: This request requires authentication, but does not provide header information for that[0m
[1;31mE (6254) HTTP_CLIENT: Error response[0m
[0;32mI (6254) KIOSK: Free Heap: 265608[0m
[0;32mI (6254) KIOSK: Stack watermark: 5152[0m
[0;33mW (6264) KIOSK: Retrying... 2[0m
[0;32mI (8264) KIOSK: Free Heap: 265860[0m
[0;32mI (8264) KIOSK: Stack watermark: 5152[0m
[0;32mI (8424) esp-x509-crt-bundle: Certificate validated[0m
[0;33mW (9224) HTTP_CLIENT: This request requires authentication, but does not provide header information for that[0m
[1;31mE (9224) HTTP_CLIENT: Error response[0m
[0;32mI (9224) KIOSK: Free Heap: 265596[0m
[0;32mI (9224) KIOSK: Stack watermark: 5152[0m
[0;33mW (9224) KIOSK: Retrying... 3[0m
[0;32mI (11234) KIOSK: Free Heap: 265860[0m
[0;32mI (11234) KIOSK: Stack watermark: 5152[0m
[0;32mI (11384) esp-x509-crt-bundle: Certificate validated[0m
[0;33mW (12054) HTTP_CLIENT: This request requires authentication, but does not provide header information for that[0m
[1;31mE (12054) HTTP_CLIENT: Error response[0m
[0;32mI (12054) KIOSK: Free Heap: 265804[0m
[0;32mI (12054) KIOSK: Stack watermark: 5152[0m
[1;31mE (12064) KIOSK: Max retries reached[0m
[0;32mI (12064) KIOSK: Free Heap: 265804[0m
[0;32mI (12064) KIOSK: Stack watermark: 5152[0m
[0;32mI (17064) KIOSK: Free Heap: 265860[0m
[0;32mI (17064) KIOSK: Stack watermark: 5152[0m
[0;32mI (17214) esp-x509-crt-bundle: Certificate validated[0m
[0;33mW (17984) HTTP_CLIENT: This request requires authentication, but does not provide header information for that[0m
[1;31mE (17984) HTTP_CLIENT: Error response[0m
[0;32mI (17994) KIOSK: Free Heap: 265804[0m
[0;32mI (17994) KIOSK: Stack watermark: 5152[0m
[1;31mE (17994) KIOSK: Max retries reached[0m
[0;32mI (18004) KIOSK: Free Heap: 265804[0m
[0;32mI (18004) KIOSK: Stack watermark: 5152[0m
